ARM GAS  C:\Users\passw\AppData\Local\Temp\cc7DUqFH.s 			page 1


   1              		.cpu cortex-m0
   2              		.fpu softvfp
   3              		.eabi_attribute 20, 1
   4              		.eabi_attribute 21, 1
   5              		.eabi_attribute 23, 3
   6              		.eabi_attribute 24, 1
   7              		.eabi_attribute 25, 1
   8              		.eabi_attribute 26, 1
   9              		.eabi_attribute 30, 6
  10              		.eabi_attribute 34, 0
  11              		.eabi_attribute 18, 4
  12              		.code	16
  13              		.file	"cyfitter_cfg.c"
  14              		.text
  15              	.Ltext0:
  16              		.cfi_sections	.debug_frame
  17              		.section	.text.CYMEMZERO,"ax",%progbits
  18              		.align	2
  19              		.code	16
  20              		.thumb_func
  21              		.type	CYMEMZERO, %function
  22              	CYMEMZERO:
  23              	.LFB1:
  24              		.file 1 ".\\Generated_Source\\PSoC4\\cyfitter_cfg.c"
   1:.\Generated_Source\PSoC4/cyfitter_cfg.c **** /*******************************************************************************
   2:.\Generated_Source\PSoC4/cyfitter_cfg.c **** * File Name: cyfitter_cfg.c
   3:.\Generated_Source\PSoC4/cyfitter_cfg.c **** * 
   4:.\Generated_Source\PSoC4/cyfitter_cfg.c **** * PSoC Creator  3.3 SP1
   5:.\Generated_Source\PSoC4/cyfitter_cfg.c **** *
   6:.\Generated_Source\PSoC4/cyfitter_cfg.c **** * Description:
   7:.\Generated_Source\PSoC4/cyfitter_cfg.c **** * This file contains device initialization code.
   8:.\Generated_Source\PSoC4/cyfitter_cfg.c **** * Except for the user defined sections in CyClockStartupError(), this file should not be modified.
   9:.\Generated_Source\PSoC4/cyfitter_cfg.c **** * This file is automatically generated by PSoC Creator.
  10:.\Generated_Source\PSoC4/cyfitter_cfg.c **** *
  11:.\Generated_Source\PSoC4/cyfitter_cfg.c **** ********************************************************************************
  12:.\Generated_Source\PSoC4/cyfitter_cfg.c **** * Copyright (c) 2007-2015 Cypress Semiconductor.  All rights reserved.
  13:.\Generated_Source\PSoC4/cyfitter_cfg.c **** * You may use this file only in accordance with the license, terms, conditions, 
  14:.\Generated_Source\PSoC4/cyfitter_cfg.c **** * disclaimers, and limitations in the end user license agreement accompanying 
  15:.\Generated_Source\PSoC4/cyfitter_cfg.c **** * the software package with which this file was provided.
  16:.\Generated_Source\PSoC4/cyfitter_cfg.c **** ********************************************************************************/
  17:.\Generated_Source\PSoC4/cyfitter_cfg.c **** 
  18:.\Generated_Source\PSoC4/cyfitter_cfg.c **** #include <string.h>
  19:.\Generated_Source\PSoC4/cyfitter_cfg.c **** #include "cytypes.h"
  20:.\Generated_Source\PSoC4/cyfitter_cfg.c **** #include "cydevice_trm.h"
  21:.\Generated_Source\PSoC4/cyfitter_cfg.c **** #include "cyfitter.h"
  22:.\Generated_Source\PSoC4/cyfitter_cfg.c **** #include "CyLib.h"
  23:.\Generated_Source\PSoC4/cyfitter_cfg.c **** #include "cyfitter_cfg.h"
  24:.\Generated_Source\PSoC4/cyfitter_cfg.c **** 
  25:.\Generated_Source\PSoC4/cyfitter_cfg.c **** 
  26:.\Generated_Source\PSoC4/cyfitter_cfg.c **** #if defined(__GNUC__) || defined(__ARMCC_VERSION)
  27:.\Generated_Source\PSoC4/cyfitter_cfg.c ****     #define CYPACKED 
  28:.\Generated_Source\PSoC4/cyfitter_cfg.c ****     #define CYPACKED_ATTR __attribute__ ((packed))
  29:.\Generated_Source\PSoC4/cyfitter_cfg.c ****     #define CYALIGNED __attribute__ ((aligned))
  30:.\Generated_Source\PSoC4/cyfitter_cfg.c ****     #define CY_CFG_UNUSED __attribute__ ((unused))
  31:.\Generated_Source\PSoC4/cyfitter_cfg.c ****     #ifndef CY_CFG_SECTION
  32:.\Generated_Source\PSoC4/cyfitter_cfg.c ****         #define CY_CFG_SECTION __attribute__ ((section(".psocinit")))
  33:.\Generated_Source\PSoC4/cyfitter_cfg.c ****     #endif
ARM GAS  C:\Users\passw\AppData\Local\Temp\cc7DUqFH.s 			page 2


  34:.\Generated_Source\PSoC4/cyfitter_cfg.c ****     
  35:.\Generated_Source\PSoC4/cyfitter_cfg.c ****     #if defined(__ARMCC_VERSION)
  36:.\Generated_Source\PSoC4/cyfitter_cfg.c ****         #define CY_CFG_MEMORY_BARRIER() __memory_changed()
  37:.\Generated_Source\PSoC4/cyfitter_cfg.c ****     #else
  38:.\Generated_Source\PSoC4/cyfitter_cfg.c ****         #define CY_CFG_MEMORY_BARRIER() __sync_synchronize()
  39:.\Generated_Source\PSoC4/cyfitter_cfg.c ****     #endif
  40:.\Generated_Source\PSoC4/cyfitter_cfg.c ****     
  41:.\Generated_Source\PSoC4/cyfitter_cfg.c **** #elif defined(__ICCARM__)
  42:.\Generated_Source\PSoC4/cyfitter_cfg.c ****     #include <intrinsics.h>
  43:.\Generated_Source\PSoC4/cyfitter_cfg.c **** 
  44:.\Generated_Source\PSoC4/cyfitter_cfg.c ****     #define CYPACKED __packed
  45:.\Generated_Source\PSoC4/cyfitter_cfg.c ****     #define CYPACKED_ATTR 
  46:.\Generated_Source\PSoC4/cyfitter_cfg.c ****     #define CYALIGNED _Pragma("data_alignment=4")
  47:.\Generated_Source\PSoC4/cyfitter_cfg.c ****     #define CY_CFG_UNUSED _Pragma("diag_suppress=Pe177")
  48:.\Generated_Source\PSoC4/cyfitter_cfg.c ****     #define CY_CFG_SECTION _Pragma("location=\".psocinit\"")
  49:.\Generated_Source\PSoC4/cyfitter_cfg.c ****     
  50:.\Generated_Source\PSoC4/cyfitter_cfg.c ****     #define CY_CFG_MEMORY_BARRIER() __DMB()
  51:.\Generated_Source\PSoC4/cyfitter_cfg.c ****     
  52:.\Generated_Source\PSoC4/cyfitter_cfg.c **** #else
  53:.\Generated_Source\PSoC4/cyfitter_cfg.c ****     #error Unsupported toolchain
  54:.\Generated_Source\PSoC4/cyfitter_cfg.c **** #endif
  55:.\Generated_Source\PSoC4/cyfitter_cfg.c **** 
  56:.\Generated_Source\PSoC4/cyfitter_cfg.c **** 
  57:.\Generated_Source\PSoC4/cyfitter_cfg.c **** CY_CFG_UNUSED
  58:.\Generated_Source\PSoC4/cyfitter_cfg.c **** static void CYMEMZERO(void *s, size_t n);
  59:.\Generated_Source\PSoC4/cyfitter_cfg.c **** CY_CFG_UNUSED
  60:.\Generated_Source\PSoC4/cyfitter_cfg.c **** static void CYMEMZERO(void *s, size_t n)
  61:.\Generated_Source\PSoC4/cyfitter_cfg.c **** {
  25              		.loc 1 61 0
  26              		.cfi_startproc
  27 0000 80B5     		push	{r7, lr}
  28              		.cfi_def_cfa_offset 8
  29              		.cfi_offset 7, -8
  30              		.cfi_offset 14, -4
  31 0002 82B0     		sub	sp, sp, #8
  32              		.cfi_def_cfa_offset 16
  33 0004 00AF     		add	r7, sp, #0
  34              		.cfi_def_cfa_register 7
  35 0006 7860     		str	r0, [r7, #4]
  36 0008 3960     		str	r1, [r7]
  62:.\Generated_Source\PSoC4/cyfitter_cfg.c **** 	(void)memset(s, 0, n);
  37              		.loc 1 62 0
  38 000a 7A68     		ldr	r2, [r7, #4]
  39 000c 3B68     		ldr	r3, [r7]
  40 000e 101C     		mov	r0, r2
  41 0010 0021     		mov	r1, #0
  42 0012 1A1C     		mov	r2, r3
  43 0014 FFF7FEFF 		bl	memset
  63:.\Generated_Source\PSoC4/cyfitter_cfg.c **** }
  44              		.loc 1 63 0
  45 0018 BD46     		mov	sp, r7
  46 001a 02B0     		add	sp, sp, #8
  47              		@ sp needed
  48 001c 80BD     		pop	{r7, pc}
  49              		.cfi_endproc
  50              	.LFE1:
  51              		.size	CYMEMZERO, .-CYMEMZERO
ARM GAS  C:\Users\passw\AppData\Local\Temp\cc7DUqFH.s 			page 3


  52 001e C046     		.section	.text.CYCONFIGCPY,"ax",%progbits
  53              		.align	2
  54              		.code	16
  55              		.thumb_func
  56              		.type	CYCONFIGCPY, %function
  57              	CYCONFIGCPY:
  58              	.LFB2:
  64:.\Generated_Source\PSoC4/cyfitter_cfg.c **** CY_CFG_UNUSED
  65:.\Generated_Source\PSoC4/cyfitter_cfg.c **** static void CYCONFIGCPY(void *dest, const void *src, size_t n);
  66:.\Generated_Source\PSoC4/cyfitter_cfg.c **** CY_CFG_UNUSED
  67:.\Generated_Source\PSoC4/cyfitter_cfg.c **** static void CYCONFIGCPY(void *dest, const void *src, size_t n)
  68:.\Generated_Source\PSoC4/cyfitter_cfg.c **** {
  59              		.loc 1 68 0
  60              		.cfi_startproc
  61 0000 80B5     		push	{r7, lr}
  62              		.cfi_def_cfa_offset 8
  63              		.cfi_offset 7, -8
  64              		.cfi_offset 14, -4
  65 0002 84B0     		sub	sp, sp, #16
  66              		.cfi_def_cfa_offset 24
  67 0004 00AF     		add	r7, sp, #0
  68              		.cfi_def_cfa_register 7
  69 0006 F860     		str	r0, [r7, #12]
  70 0008 B960     		str	r1, [r7, #8]
  71 000a 7A60     		str	r2, [r7, #4]
  69:.\Generated_Source\PSoC4/cyfitter_cfg.c **** 	(void)memcpy(dest, src, n);
  72              		.loc 1 69 0
  73 000c F968     		ldr	r1, [r7, #12]
  74 000e BA68     		ldr	r2, [r7, #8]
  75 0010 7B68     		ldr	r3, [r7, #4]
  76 0012 081C     		mov	r0, r1
  77 0014 111C     		mov	r1, r2
  78 0016 1A1C     		mov	r2, r3
  79 0018 FFF7FEFF 		bl	memcpy
  70:.\Generated_Source\PSoC4/cyfitter_cfg.c **** }
  80              		.loc 1 70 0
  81 001c BD46     		mov	sp, r7
  82 001e 04B0     		add	sp, sp, #16
  83              		@ sp needed
  84 0020 80BD     		pop	{r7, pc}
  85              		.cfi_endproc
  86              	.LFE2:
  87              		.size	CYCONFIGCPY, .-CYCONFIGCPY
  88 0022 C046     		.section	.text.CYCONFIGCPYCODE,"ax",%progbits
  89              		.align	2
  90              		.code	16
  91              		.thumb_func
  92              		.type	CYCONFIGCPYCODE, %function
  93              	CYCONFIGCPYCODE:
  94              	.LFB3:
  71:.\Generated_Source\PSoC4/cyfitter_cfg.c **** CY_CFG_UNUSED
  72:.\Generated_Source\PSoC4/cyfitter_cfg.c **** static void CYCONFIGCPYCODE(void *dest, const void *src, size_t n);
  73:.\Generated_Source\PSoC4/cyfitter_cfg.c **** CY_CFG_UNUSED
  74:.\Generated_Source\PSoC4/cyfitter_cfg.c **** static void CYCONFIGCPYCODE(void *dest, const void *src, size_t n)
  75:.\Generated_Source\PSoC4/cyfitter_cfg.c **** {
  95              		.loc 1 75 0
  96              		.cfi_startproc
ARM GAS  C:\Users\passw\AppData\Local\Temp\cc7DUqFH.s 			page 4


  97 0000 80B5     		push	{r7, lr}
  98              		.cfi_def_cfa_offset 8
  99              		.cfi_offset 7, -8
 100              		.cfi_offset 14, -4
 101 0002 84B0     		sub	sp, sp, #16
 102              		.cfi_def_cfa_offset 24
 103 0004 00AF     		add	r7, sp, #0
 104              		.cfi_def_cfa_register 7
 105 0006 F860     		str	r0, [r7, #12]
 106 0008 B960     		str	r1, [r7, #8]
 107 000a 7A60     		str	r2, [r7, #4]
  76:.\Generated_Source\PSoC4/cyfitter_cfg.c **** 	(void)memcpy(dest, src, n);
 108              		.loc 1 76 0
 109 000c F968     		ldr	r1, [r7, #12]
 110 000e BA68     		ldr	r2, [r7, #8]
 111 0010 7B68     		ldr	r3, [r7, #4]
 112 0012 081C     		mov	r0, r1
 113 0014 111C     		mov	r1, r2
 114 0016 1A1C     		mov	r2, r3
 115 0018 FFF7FEFF 		bl	memcpy
  77:.\Generated_Source\PSoC4/cyfitter_cfg.c **** }
 116              		.loc 1 77 0
 117 001c BD46     		mov	sp, r7
 118 001e 04B0     		add	sp, sp, #16
 119              		@ sp needed
 120 0020 80BD     		pop	{r7, pc}
 121              		.cfi_endproc
 122              	.LFE3:
 123              		.size	CYCONFIGCPYCODE, .-CYCONFIGCPYCODE
 124 0022 C046     		.section	.psocinit,"ax",%progbits
 125              		.align	2
 126              		.code	16
 127              		.thumb_func
 128              		.type	ClockSetup, %function
 129              	ClockSetup:
 130              	.LFB4:
  78:.\Generated_Source\PSoC4/cyfitter_cfg.c **** 
  79:.\Generated_Source\PSoC4/cyfitter_cfg.c **** 
  80:.\Generated_Source\PSoC4/cyfitter_cfg.c **** 
  81:.\Generated_Source\PSoC4/cyfitter_cfg.c **** /* Clock startup error codes                                                   */
  82:.\Generated_Source\PSoC4/cyfitter_cfg.c **** #define CYCLOCKSTART_NO_ERROR    0u
  83:.\Generated_Source\PSoC4/cyfitter_cfg.c **** #define CYCLOCKSTART_XTAL_ERROR  1u
  84:.\Generated_Source\PSoC4/cyfitter_cfg.c **** #define CYCLOCKSTART_32KHZ_ERROR 2u
  85:.\Generated_Source\PSoC4/cyfitter_cfg.c **** #define CYCLOCKSTART_PLL_ERROR   3u
  86:.\Generated_Source\PSoC4/cyfitter_cfg.c **** 
  87:.\Generated_Source\PSoC4/cyfitter_cfg.c **** #ifdef CY_NEED_CYCLOCKSTARTUPERROR
  88:.\Generated_Source\PSoC4/cyfitter_cfg.c **** /*******************************************************************************
  89:.\Generated_Source\PSoC4/cyfitter_cfg.c **** * Function Name: CyClockStartupError
  90:.\Generated_Source\PSoC4/cyfitter_cfg.c **** ********************************************************************************
  91:.\Generated_Source\PSoC4/cyfitter_cfg.c **** * Summary:
  92:.\Generated_Source\PSoC4/cyfitter_cfg.c **** *  If an error is encountered during clock configuration (crystal startup error,
  93:.\Generated_Source\PSoC4/cyfitter_cfg.c **** *  PLL lock error, etc.), the system will end up here.  Unless reimplemented by
  94:.\Generated_Source\PSoC4/cyfitter_cfg.c **** *  the customer, this function will stop in an infinite loop.
  95:.\Generated_Source\PSoC4/cyfitter_cfg.c **** *
  96:.\Generated_Source\PSoC4/cyfitter_cfg.c **** * Parameters:
  97:.\Generated_Source\PSoC4/cyfitter_cfg.c **** *   void
  98:.\Generated_Source\PSoC4/cyfitter_cfg.c **** *
ARM GAS  C:\Users\passw\AppData\Local\Temp\cc7DUqFH.s 			page 5


  99:.\Generated_Source\PSoC4/cyfitter_cfg.c **** * Return:
 100:.\Generated_Source\PSoC4/cyfitter_cfg.c **** *   void
 101:.\Generated_Source\PSoC4/cyfitter_cfg.c **** *
 102:.\Generated_Source\PSoC4/cyfitter_cfg.c **** *******************************************************************************/
 103:.\Generated_Source\PSoC4/cyfitter_cfg.c **** CY_CFG_UNUSED
 104:.\Generated_Source\PSoC4/cyfitter_cfg.c **** static void CyClockStartupError(uint8 errorCode);
 105:.\Generated_Source\PSoC4/cyfitter_cfg.c **** CY_CFG_UNUSED
 106:.\Generated_Source\PSoC4/cyfitter_cfg.c **** static void CyClockStartupError(uint8 errorCode)
 107:.\Generated_Source\PSoC4/cyfitter_cfg.c **** {
 108:.\Generated_Source\PSoC4/cyfitter_cfg.c ****     /* To remove the compiler warning if errorCode not used.                */
 109:.\Generated_Source\PSoC4/cyfitter_cfg.c ****     errorCode = errorCode;
 110:.\Generated_Source\PSoC4/cyfitter_cfg.c **** 
 111:.\Generated_Source\PSoC4/cyfitter_cfg.c ****     /* `#START CyClockStartupError` */
 112:.\Generated_Source\PSoC4/cyfitter_cfg.c **** 
 113:.\Generated_Source\PSoC4/cyfitter_cfg.c ****     /* If we have a clock startup error (bad MHz crystal, PLL lock, etc.),  */
 114:.\Generated_Source\PSoC4/cyfitter_cfg.c ****     /* we will end up here to allow the customer to implement something to  */
 115:.\Generated_Source\PSoC4/cyfitter_cfg.c ****     /* deal with the clock condition.                                       */
 116:.\Generated_Source\PSoC4/cyfitter_cfg.c **** 
 117:.\Generated_Source\PSoC4/cyfitter_cfg.c ****     /* `#END` */
 118:.\Generated_Source\PSoC4/cyfitter_cfg.c **** 
 119:.\Generated_Source\PSoC4/cyfitter_cfg.c ****     /* If nothing else, stop here since the clocks have not started         */
 120:.\Generated_Source\PSoC4/cyfitter_cfg.c ****     /* correctly.                                                           */
 121:.\Generated_Source\PSoC4/cyfitter_cfg.c ****     while(1) {}
 122:.\Generated_Source\PSoC4/cyfitter_cfg.c **** }
 123:.\Generated_Source\PSoC4/cyfitter_cfg.c **** #endif
 124:.\Generated_Source\PSoC4/cyfitter_cfg.c **** 
 125:.\Generated_Source\PSoC4/cyfitter_cfg.c **** 
 126:.\Generated_Source\PSoC4/cyfitter_cfg.c **** 
 127:.\Generated_Source\PSoC4/cyfitter_cfg.c **** /*******************************************************************************
 128:.\Generated_Source\PSoC4/cyfitter_cfg.c **** * Function Name: ClockSetup
 129:.\Generated_Source\PSoC4/cyfitter_cfg.c **** ********************************************************************************
 130:.\Generated_Source\PSoC4/cyfitter_cfg.c **** *
 131:.\Generated_Source\PSoC4/cyfitter_cfg.c **** * Summary:
 132:.\Generated_Source\PSoC4/cyfitter_cfg.c **** *   Performs the initialization of all of the clocks in the device based on the
 133:.\Generated_Source\PSoC4/cyfitter_cfg.c **** *   settings in the Clock tab of the DWR.  This includes enabling the requested
 134:.\Generated_Source\PSoC4/cyfitter_cfg.c **** *   clocks and setting the necessary dividers to produce the desired frequency. 
 135:.\Generated_Source\PSoC4/cyfitter_cfg.c **** *
 136:.\Generated_Source\PSoC4/cyfitter_cfg.c **** * Parameters:
 137:.\Generated_Source\PSoC4/cyfitter_cfg.c **** *   void
 138:.\Generated_Source\PSoC4/cyfitter_cfg.c **** *
 139:.\Generated_Source\PSoC4/cyfitter_cfg.c **** * Return:
 140:.\Generated_Source\PSoC4/cyfitter_cfg.c **** *   void
 141:.\Generated_Source\PSoC4/cyfitter_cfg.c **** *
 142:.\Generated_Source\PSoC4/cyfitter_cfg.c **** *******************************************************************************/
 143:.\Generated_Source\PSoC4/cyfitter_cfg.c **** static void ClockSetup(void);
 144:.\Generated_Source\PSoC4/cyfitter_cfg.c **** CY_CFG_SECTION
 145:.\Generated_Source\PSoC4/cyfitter_cfg.c **** static void ClockSetup(void)
 146:.\Generated_Source\PSoC4/cyfitter_cfg.c **** {
 131              		.loc 1 146 0
 132              		.cfi_startproc
 133 0000 80B5     		push	{r7, lr}
 134              		.cfi_def_cfa_offset 8
 135              		.cfi_offset 7, -8
 136              		.cfi_offset 14, -4
 137 0002 00AF     		add	r7, sp, #0
 138              		.cfi_def_cfa_register 7
 147:.\Generated_Source\PSoC4/cyfitter_cfg.c **** 
ARM GAS  C:\Users\passw\AppData\Local\Temp\cc7DUqFH.s 			page 6


 148:.\Generated_Source\PSoC4/cyfitter_cfg.c **** 	/* Set Flash Cycles based on max possible frequency in case a glitch occurs during ClockSetup(). *
 149:.\Generated_Source\PSoC4/cyfitter_cfg.c **** 	CY_SET_REG32((void CYXDATA *)(CYREG_CPUSS_FLASH_CTL), (0x0012u));
 139              		.loc 1 149 0
 140 0004 154B     		ldr	r3, .L5
 141 0006 1222     		mov	r2, #18
 142 0008 1A60     		str	r2, [r3]
 150:.\Generated_Source\PSoC4/cyfitter_cfg.c **** 	/* Setup and trim IMO based on desired frequency. */
 151:.\Generated_Source\PSoC4/cyfitter_cfg.c **** 	CySysClkWriteImoFreq(24u);
 143              		.loc 1 151 0
 144 000a 1820     		mov	r0, #24
 145 000c FFF7FEFF 		bl	CySysClkWriteImoFreq
 152:.\Generated_Source\PSoC4/cyfitter_cfg.c **** 	/* CYDEV_CLK_ILO_CONFIG Starting address: CYDEV_CLK_ILO_CONFIG */
 153:.\Generated_Source\PSoC4/cyfitter_cfg.c **** 	CY_SET_XTND_REG32((void CYFAR *)(CYREG_CLK_ILO_CONFIG), 0x80000006u);
 146              		.loc 1 153 0
 147 0010 134B     		ldr	r3, .L5+4
 148 0012 144A     		ldr	r2, .L5+8
 149 0014 1A60     		str	r2, [r3]
 154:.\Generated_Source\PSoC4/cyfitter_cfg.c **** 
 155:.\Generated_Source\PSoC4/cyfitter_cfg.c **** 
 156:.\Generated_Source\PSoC4/cyfitter_cfg.c **** 	/* Setup phase aligned clocks */
 157:.\Generated_Source\PSoC4/cyfitter_cfg.c **** 	CY_SET_REG32((void *)CYREG_PERI_DIV_16_CTL1, 0x00000E00u);
 150              		.loc 1 157 0
 151 0016 144B     		ldr	r3, .L5+12
 152 0018 E022     		mov	r2, #224
 153 001a 1201     		lsl	r2, r2, #4
 154 001c 1A60     		str	r2, [r3]
 158:.\Generated_Source\PSoC4/cyfitter_cfg.c **** 	CY_SET_REG32((void *)CYREG_PERI_DIV_CMD, 0x8000FF41u);
 155              		.loc 1 158 0
 156 001e 134B     		ldr	r3, .L5+16
 157 0020 134A     		ldr	r2, .L5+20
 158 0022 1A60     		str	r2, [r3]
 159:.\Generated_Source\PSoC4/cyfitter_cfg.c **** 	CY_SET_REG32((void *)CYREG_PERI_DIV_16_CTL0, 0x00000C00u);
 159              		.loc 1 159 0
 160 0024 134B     		ldr	r3, .L5+24
 161 0026 C022     		mov	r2, #192
 162 0028 1201     		lsl	r2, r2, #4
 163 002a 1A60     		str	r2, [r3]
 160:.\Generated_Source\PSoC4/cyfitter_cfg.c **** 	CY_SET_REG32((void *)CYREG_PERI_DIV_CMD, 0x8000FF40u);
 164              		.loc 1 160 0
 165 002c 0F4B     		ldr	r3, .L5+16
 166 002e 124A     		ldr	r2, .L5+28
 167 0030 1A60     		str	r2, [r3]
 161:.\Generated_Source\PSoC4/cyfitter_cfg.c **** 
 162:.\Generated_Source\PSoC4/cyfitter_cfg.c **** 	/* CYDEV_CLK_IMO_CONFIG Starting address: CYDEV_CLK_IMO_CONFIG */
 163:.\Generated_Source\PSoC4/cyfitter_cfg.c **** 	CY_SET_XTND_REG32((void CYFAR *)(CYREG_CLK_IMO_CONFIG), 0x82000000u);
 168              		.loc 1 163 0
 169 0032 124B     		ldr	r3, .L5+32
 170 0034 8222     		mov	r2, #130
 171 0036 1206     		lsl	r2, r2, #24
 172 0038 1A60     		str	r2, [r3]
 164:.\Generated_Source\PSoC4/cyfitter_cfg.c **** 
 165:.\Generated_Source\PSoC4/cyfitter_cfg.c **** 	/* CYDEV_CLK_SELECT Starting address: CYDEV_CLK_SELECT */
 166:.\Generated_Source\PSoC4/cyfitter_cfg.c **** 	CY_SET_XTND_REG32((void CYFAR *)(CYREG_CLK_SELECT), 0x00000000u);
 173              		.loc 1 166 0
 174 003a 114B     		ldr	r3, .L5+36
 175 003c 0022     		mov	r2, #0
 176 003e 1A60     		str	r2, [r3]
ARM GAS  C:\Users\passw\AppData\Local\Temp\cc7DUqFH.s 			page 7


 167:.\Generated_Source\PSoC4/cyfitter_cfg.c **** 
 168:.\Generated_Source\PSoC4/cyfitter_cfg.c **** 	/* CYDEV_PERI_PCLK_CTL10 Starting address: CYDEV_PERI_PCLK_CTL10 */
 169:.\Generated_Source\PSoC4/cyfitter_cfg.c **** 	CY_SET_XTND_REG32((void CYFAR *)(CYREG_PERI_PCLK_CTL10), 0x00000041u);
 177              		.loc 1 169 0
 178 0040 104B     		ldr	r3, .L5+40
 179 0042 4122     		mov	r2, #65
 180 0044 1A60     		str	r2, [r3]
 170:.\Generated_Source\PSoC4/cyfitter_cfg.c **** 
 171:.\Generated_Source\PSoC4/cyfitter_cfg.c **** 	/* CYDEV_PERI_PCLK_CTL5 Starting address: CYDEV_PERI_PCLK_CTL5 */
 172:.\Generated_Source\PSoC4/cyfitter_cfg.c **** 	CY_SET_XTND_REG32((void CYFAR *)(CYREG_PERI_PCLK_CTL5), 0x00000040u);
 181              		.loc 1 172 0
 182 0046 104B     		ldr	r3, .L5+44
 183 0048 4022     		mov	r2, #64
 184 004a 1A60     		str	r2, [r3]
 173:.\Generated_Source\PSoC4/cyfitter_cfg.c **** 
 174:.\Generated_Source\PSoC4/cyfitter_cfg.c **** 	CY_SET_XTND_REG32((void CYFAR *)(CYREG_WDT_CONFIG), 0x00000000u);
 185              		.loc 1 174 0
 186 004c 0F4B     		ldr	r3, .L5+48
 187 004e 0022     		mov	r2, #0
 188 0050 1A60     		str	r2, [r3]
 175:.\Generated_Source\PSoC4/cyfitter_cfg.c **** 	/* Set Flash Cycles based on newly configured 24.00MHz HFCLK. */
 176:.\Generated_Source\PSoC4/cyfitter_cfg.c **** 	CY_SET_REG32((void CYXDATA *)(CYREG_CPUSS_FLASH_CTL), (0x0011u));
 189              		.loc 1 176 0
 190 0052 024B     		ldr	r3, .L5
 191 0054 1122     		mov	r2, #17
 192 0056 1A60     		str	r2, [r3]
 177:.\Generated_Source\PSoC4/cyfitter_cfg.c **** }
 193              		.loc 1 177 0
 194 0058 BD46     		mov	sp, r7
 195              		@ sp needed
 196 005a 80BD     		pop	{r7, pc}
 197              	.L6:
 198              		.align	2
 199              	.L5:
 200 005c 30001040 		.word	1074790448
 201 0060 04010B40 		.word	1074462980
 202 0064 06000080 		.word	-2147483642
 203 0068 04030140 		.word	1073808132
 204 006c 00000140 		.word	1073807360
 205 0070 41FF0080 		.word	-2147418303
 206 0074 00030140 		.word	1073808128
 207 0078 40FF0080 		.word	-2147418304
 208 007c 08010B40 		.word	1074462984
 209 0080 00010B40 		.word	1074462976
 210 0084 28010140 		.word	1073807656
 211 0088 14010140 		.word	1073807636
 212 008c 0C020B40 		.word	1074463244
 213              		.cfi_endproc
 214              	.LFE4:
 215              		.size	ClockSetup, .-ClockSetup
 216              		.section	.text.AnalogSetDefault,"ax",%progbits
 217              		.align	2
 218              		.code	16
 219              		.thumb_func
 220              		.type	AnalogSetDefault, %function
 221              	AnalogSetDefault:
 222              	.LFB5:
ARM GAS  C:\Users\passw\AppData\Local\Temp\cc7DUqFH.s 			page 8


 178:.\Generated_Source\PSoC4/cyfitter_cfg.c **** 
 179:.\Generated_Source\PSoC4/cyfitter_cfg.c **** 
 180:.\Generated_Source\PSoC4/cyfitter_cfg.c **** /* Analog API Functions */
 181:.\Generated_Source\PSoC4/cyfitter_cfg.c **** 
 182:.\Generated_Source\PSoC4/cyfitter_cfg.c **** 
 183:.\Generated_Source\PSoC4/cyfitter_cfg.c **** /*******************************************************************************
 184:.\Generated_Source\PSoC4/cyfitter_cfg.c **** * Function Name: AnalogSetDefault
 185:.\Generated_Source\PSoC4/cyfitter_cfg.c **** ********************************************************************************
 186:.\Generated_Source\PSoC4/cyfitter_cfg.c **** *
 187:.\Generated_Source\PSoC4/cyfitter_cfg.c **** * Summary:
 188:.\Generated_Source\PSoC4/cyfitter_cfg.c **** *  Sets up the analog portions of the chip to default values based on chip
 189:.\Generated_Source\PSoC4/cyfitter_cfg.c **** *  configuration options from the project.
 190:.\Generated_Source\PSoC4/cyfitter_cfg.c **** *
 191:.\Generated_Source\PSoC4/cyfitter_cfg.c **** * Parameters:
 192:.\Generated_Source\PSoC4/cyfitter_cfg.c **** *  void
 193:.\Generated_Source\PSoC4/cyfitter_cfg.c **** *
 194:.\Generated_Source\PSoC4/cyfitter_cfg.c **** * Return:
 195:.\Generated_Source\PSoC4/cyfitter_cfg.c **** *  void
 196:.\Generated_Source\PSoC4/cyfitter_cfg.c **** *
 197:.\Generated_Source\PSoC4/cyfitter_cfg.c **** *******************************************************************************/
 198:.\Generated_Source\PSoC4/cyfitter_cfg.c **** static void AnalogSetDefault(void);
 199:.\Generated_Source\PSoC4/cyfitter_cfg.c **** static void AnalogSetDefault(void)
 200:.\Generated_Source\PSoC4/cyfitter_cfg.c **** {
 223              		.loc 1 200 0
 224              		.cfi_startproc
 225 0000 80B5     		push	{r7, lr}
 226              		.cfi_def_cfa_offset 8
 227              		.cfi_offset 7, -8
 228              		.cfi_offset 14, -4
 229 0002 00AF     		add	r7, sp, #0
 230              		.cfi_def_cfa_register 7
 201:.\Generated_Source\PSoC4/cyfitter_cfg.c **** 	CY_SET_XTND_REG32((void CYFAR *)CYREG_CTBM0_DFT_CTRL, 0x00000003u);
 231              		.loc 1 201 0
 232 0004 0A4B     		ldr	r3, .L8
 233 0006 0322     		mov	r2, #3
 234 0008 1A60     		str	r2, [r3]
 202:.\Generated_Source\PSoC4/cyfitter_cfg.c **** 	CY_SET_XTND_REG32((void CYFAR *)CYREG_CTBM1_DFT_CTRL, 0x00000003u);
 235              		.loc 1 202 0
 236 000a 0A4B     		ldr	r3, .L8+4
 237 000c 0322     		mov	r2, #3
 238 000e 1A60     		str	r2, [r3]
 203:.\Generated_Source\PSoC4/cyfitter_cfg.c **** 	CY_SET_XTND_REG32((void CYFAR *)CYREG_SAR_CTRL, 0x08000000u);
 239              		.loc 1 203 0
 240 0010 094B     		ldr	r3, .L8+8
 241 0012 8022     		mov	r2, #128
 242 0014 1205     		lsl	r2, r2, #20
 243 0016 1A60     		str	r2, [r3]
 204:.\Generated_Source\PSoC4/cyfitter_cfg.c **** 	CY_SET_XTND_REG32((void CYFAR *)CYREG_SAR_MUX_SWITCH0, 0x00000007u);
 244              		.loc 1 204 0
 245 0018 084B     		ldr	r3, .L8+12
 246 001a 0722     		mov	r2, #7
 247 001c 1A60     		str	r2, [r3]
 205:.\Generated_Source\PSoC4/cyfitter_cfg.c **** 	CY_SET_XTND_REG32((void CYFAR *)CYREG_SAR_MUX_SWITCH_HW_CTRL, 0x00000007u);
 248              		.loc 1 205 0
 249 001e 084B     		ldr	r3, .L8+16
 250 0020 0722     		mov	r2, #7
 251 0022 1A60     		str	r2, [r3]
ARM GAS  C:\Users\passw\AppData\Local\Temp\cc7DUqFH.s 			page 9


 206:.\Generated_Source\PSoC4/cyfitter_cfg.c **** 	CY_SET_XTND_REG32((void CYFAR *)CYREG_PASS_DSAB_DSAB_CTRL, 0x00000000u);
 252              		.loc 1 206 0
 253 0024 074B     		ldr	r3, .L8+20
 254 0026 0022     		mov	r2, #0
 255 0028 1A60     		str	r2, [r3]
 207:.\Generated_Source\PSoC4/cyfitter_cfg.c **** }
 256              		.loc 1 207 0
 257 002a BD46     		mov	sp, r7
 258              		@ sp needed
 259 002c 80BD     		pop	{r7, pc}
 260              	.L9:
 261 002e C046     		.align	2
 262              	.L8:
 263 0030 30003040 		.word	1076887600
 264 0034 30003140 		.word	1076953136
 265 0038 00003A40 		.word	1077542912
 266 003c 00033A40 		.word	1077543680
 267 0040 40033A40 		.word	1077543744
 268 0044 000E3F40 		.word	1077874176
 269              		.cfi_endproc
 270              	.LFE5:
 271              		.size	AnalogSetDefault, .-AnalogSetDefault
 272              		.section	.psocinit
 273              		.align	2
 274              		.global	cyfitter_cfg
 275              		.code	16
 276              		.thumb_func
 277              		.type	cyfitter_cfg, %function
 278              	cyfitter_cfg:
 279              	.LFB6:
 208:.\Generated_Source\PSoC4/cyfitter_cfg.c **** 
 209:.\Generated_Source\PSoC4/cyfitter_cfg.c **** #define CY_AMUX_UNUSED CYREG_CM0_ROM_DWT
 210:.\Generated_Source\PSoC4/cyfitter_cfg.c **** 
 211:.\Generated_Source\PSoC4/cyfitter_cfg.c **** 
 212:.\Generated_Source\PSoC4/cyfitter_cfg.c **** /*******************************************************************************
 213:.\Generated_Source\PSoC4/cyfitter_cfg.c **** * Function Name: cyfitter_cfg
 214:.\Generated_Source\PSoC4/cyfitter_cfg.c **** ********************************************************************************
 215:.\Generated_Source\PSoC4/cyfitter_cfg.c **** * Summary:
 216:.\Generated_Source\PSoC4/cyfitter_cfg.c **** *  This function is called by the start-up code for the selected device. It
 217:.\Generated_Source\PSoC4/cyfitter_cfg.c **** *  performs all of the necessary device configuration based on the design
 218:.\Generated_Source\PSoC4/cyfitter_cfg.c **** *  settings.  This includes settings from the Design Wide Resources (DWR) such
 219:.\Generated_Source\PSoC4/cyfitter_cfg.c **** *  as Clocks and Pins as well as any component configuration that is necessary.
 220:.\Generated_Source\PSoC4/cyfitter_cfg.c **** *
 221:.\Generated_Source\PSoC4/cyfitter_cfg.c **** * Parameters:  
 222:.\Generated_Source\PSoC4/cyfitter_cfg.c **** *   void
 223:.\Generated_Source\PSoC4/cyfitter_cfg.c **** *
 224:.\Generated_Source\PSoC4/cyfitter_cfg.c **** * Return:
 225:.\Generated_Source\PSoC4/cyfitter_cfg.c **** *   void
 226:.\Generated_Source\PSoC4/cyfitter_cfg.c **** *
 227:.\Generated_Source\PSoC4/cyfitter_cfg.c **** *******************************************************************************/
 228:.\Generated_Source\PSoC4/cyfitter_cfg.c **** CY_CFG_SECTION
 229:.\Generated_Source\PSoC4/cyfitter_cfg.c **** void cyfitter_cfg(void)
 230:.\Generated_Source\PSoC4/cyfitter_cfg.c **** {
 280              		.loc 1 230 0
 281              		.cfi_startproc
 282 0090 80B5     		push	{r7, lr}
 283              		.cfi_def_cfa_offset 8
ARM GAS  C:\Users\passw\AppData\Local\Temp\cc7DUqFH.s 			page 10


 284              		.cfi_offset 7, -8
 285              		.cfi_offset 14, -4
 286 0092 82B0     		sub	sp, sp, #8
 287              		.cfi_def_cfa_offset 16
 288 0094 00AF     		add	r7, sp, #0
 289              		.cfi_def_cfa_register 7
 231:.\Generated_Source\PSoC4/cyfitter_cfg.c **** 	/* Disable interrupts by default. Let user enable if/when they want. */
 232:.\Generated_Source\PSoC4/cyfitter_cfg.c **** 	CyGlobalIntDisable;
 290              		.loc 1 232 0
 291              	@ 232 ".\Generated_Source\PSoC4\cyfitter_cfg.c" 1
 292 0096 72B6     		CPSID   i
 293              	@ 0 "" 2
 294              		.code	16
 295              	.LBB2:
 233:.\Generated_Source\PSoC4/cyfitter_cfg.c **** 
 234:.\Generated_Source\PSoC4/cyfitter_cfg.c **** 	{
 235:.\Generated_Source\PSoC4/cyfitter_cfg.c **** 
 236:.\Generated_Source\PSoC4/cyfitter_cfg.c **** 		CYPACKED typedef struct {
 237:.\Generated_Source\PSoC4/cyfitter_cfg.c **** 			void CYFAR *address;
 238:.\Generated_Source\PSoC4/cyfitter_cfg.c **** 			uint16 size;
 239:.\Generated_Source\PSoC4/cyfitter_cfg.c **** 		} CYPACKED_ATTR cfg_memset_t;
 240:.\Generated_Source\PSoC4/cyfitter_cfg.c **** 
 241:.\Generated_Source\PSoC4/cyfitter_cfg.c **** 		static const cfg_memset_t CYCODE cfg_memset_list [] = {
 242:.\Generated_Source\PSoC4/cyfitter_cfg.c **** 			/* address, size */
 243:.\Generated_Source\PSoC4/cyfitter_cfg.c **** 			{(void CYFAR *)(CYDEV_UDB_P0_U0_BASE), 1024u},
 244:.\Generated_Source\PSoC4/cyfitter_cfg.c **** 			{(void CYFAR *)(CYDEV_UDB_DSI0_BASE), 1024u},
 245:.\Generated_Source\PSoC4/cyfitter_cfg.c **** 		};
 246:.\Generated_Source\PSoC4/cyfitter_cfg.c **** 
 247:.\Generated_Source\PSoC4/cyfitter_cfg.c **** 		uint8 CYDATA i;
 248:.\Generated_Source\PSoC4/cyfitter_cfg.c **** 
 249:.\Generated_Source\PSoC4/cyfitter_cfg.c **** 		/* Zero out critical memory blocks before beginning configuration */
 250:.\Generated_Source\PSoC4/cyfitter_cfg.c **** 		for (i = 0u; i < (sizeof(cfg_memset_list)/sizeof(cfg_memset_list[0])); i++)
 296              		.loc 1 250 0
 297 0098 FB1D     		add	r3, r7, #7
 298 009a 0022     		mov	r2, #0
 299 009c 1A70     		strb	r2, [r3]
 300 009e 23E0     		b	.L11
 301              	.L12:
 302              	.LBB3:
 251:.\Generated_Source\PSoC4/cyfitter_cfg.c **** 		{
 252:.\Generated_Source\PSoC4/cyfitter_cfg.c **** 			const cfg_memset_t CYCODE * CYDATA ms = &cfg_memset_list[i];
 303              		.loc 1 252 0 discriminator 3
 304 00a0 FB1D     		add	r3, r7, #7
 305 00a2 1A78     		ldrb	r2, [r3]
 306 00a4 131C     		mov	r3, r2
 307 00a6 5B00     		lsl	r3, r3, #1
 308 00a8 9B18     		add	r3, r3, r2
 309 00aa 5B00     		lsl	r3, r3, #1
 310 00ac 374A     		ldr	r2, .L13
 311 00ae 9B18     		add	r3, r3, r2
 312 00b0 3B60     		str	r3, [r7]
 253:.\Generated_Source\PSoC4/cyfitter_cfg.c **** 			CYMEMZERO(ms->address, (size_t)(uint32)(ms->size));
 313              		.loc 1 253 0 discriminator 3
 314 00b2 3B68     		ldr	r3, [r7]
 315 00b4 1A78     		ldrb	r2, [r3]
 316 00b6 5978     		ldrb	r1, [r3, #1]
 317 00b8 0902     		lsl	r1, r1, #8
ARM GAS  C:\Users\passw\AppData\Local\Temp\cc7DUqFH.s 			page 11


 318 00ba 0A43     		orr	r2, r1
 319 00bc 9978     		ldrb	r1, [r3, #2]
 320 00be 0904     		lsl	r1, r1, #16
 321 00c0 0A43     		orr	r2, r1
 322 00c2 DB78     		ldrb	r3, [r3, #3]
 323 00c4 1B06     		lsl	r3, r3, #24
 324 00c6 1343     		orr	r3, r2
 325 00c8 191C     		mov	r1, r3
 326 00ca 3B68     		ldr	r3, [r7]
 327 00cc 1A79     		ldrb	r2, [r3, #4]
 328 00ce 5B79     		ldrb	r3, [r3, #5]
 329 00d0 1B02     		lsl	r3, r3, #8
 330 00d2 1343     		orr	r3, r2
 331 00d4 9BB2     		uxth	r3, r3
 332 00d6 081C     		mov	r0, r1
 333 00d8 191C     		mov	r1, r3
 334 00da FFF7FEFF 		bl	CYMEMZERO
 335              	.LBE3:
 250:.\Generated_Source\PSoC4/cyfitter_cfg.c **** 		{
 336              		.loc 1 250 0 discriminator 3
 337 00de FB1D     		add	r3, r7, #7
 338 00e0 1A78     		ldrb	r2, [r3]
 339 00e2 FB1D     		add	r3, r7, #7
 340 00e4 0132     		add	r2, r2, #1
 341 00e6 1A70     		strb	r2, [r3]
 342              	.L11:
 250:.\Generated_Source\PSoC4/cyfitter_cfg.c **** 		{
 343              		.loc 1 250 0 is_stmt 0 discriminator 1
 344 00e8 FB1D     		add	r3, r7, #7
 345 00ea 1B78     		ldrb	r3, [r3]
 346 00ec 012B     		cmp	r3, #1
 347 00ee D7D9     		bls	.L12
 254:.\Generated_Source\PSoC4/cyfitter_cfg.c **** 		}
 255:.\Generated_Source\PSoC4/cyfitter_cfg.c **** 
 256:.\Generated_Source\PSoC4/cyfitter_cfg.c **** 		/* HSIOM Starting address: CYDEV_HSIOM_BASE */
 257:.\Generated_Source\PSoC4/cyfitter_cfg.c **** 		CY_SET_XTND_REG32((void CYFAR *)(CYREG_HSIOM_PORT_SEL3), 0x0000EE00u);
 348              		.loc 1 257 0 is_stmt 1
 349 00f0 274B     		ldr	r3, .L13+4
 350 00f2 EE22     		mov	r2, #238
 351 00f4 1202     		lsl	r2, r2, #8
 352 00f6 1A60     		str	r2, [r3]
 258:.\Generated_Source\PSoC4/cyfitter_cfg.c **** 		CY_SET_XTND_REG32((void CYFAR *)(CYREG_HSIOM_PORT_SEL7), 0x00000099u);
 353              		.loc 1 258 0
 354 00f8 264B     		ldr	r3, .L13+8
 355 00fa 9922     		mov	r2, #153
 356 00fc 1A60     		str	r2, [r3]
 259:.\Generated_Source\PSoC4/cyfitter_cfg.c **** 
 260:.\Generated_Source\PSoC4/cyfitter_cfg.c **** 		/* UDB_PA_1 Starting address: CYDEV_UDB_PA1_BASE */
 261:.\Generated_Source\PSoC4/cyfitter_cfg.c **** 		CY_SET_XTND_REG32((void CYFAR *)(CYDEV_UDB_PA1_BASE), 0x00990000u);
 357              		.loc 1 261 0
 358 00fe 264B     		ldr	r3, .L13+12
 359 0100 9922     		mov	r2, #153
 360 0102 1204     		lsl	r2, r2, #16
 361 0104 1A60     		str	r2, [r3]
 262:.\Generated_Source\PSoC4/cyfitter_cfg.c **** 
 263:.\Generated_Source\PSoC4/cyfitter_cfg.c **** 		/* UDB_PA_2 Starting address: CYDEV_UDB_PA2_BASE */
 264:.\Generated_Source\PSoC4/cyfitter_cfg.c **** 		CY_SET_XTND_REG32((void CYFAR *)(CYDEV_UDB_PA2_BASE), 0x00990000u);
ARM GAS  C:\Users\passw\AppData\Local\Temp\cc7DUqFH.s 			page 12


 362              		.loc 1 264 0
 363 0106 254B     		ldr	r3, .L13+16
 364 0108 9922     		mov	r2, #153
 365 010a 1204     		lsl	r2, r2, #16
 366 010c 1A60     		str	r2, [r3]
 265:.\Generated_Source\PSoC4/cyfitter_cfg.c **** 
 266:.\Generated_Source\PSoC4/cyfitter_cfg.c **** 		/* UDB_PA_3 Starting address: CYDEV_UDB_PA3_BASE */
 267:.\Generated_Source\PSoC4/cyfitter_cfg.c **** 		CY_SET_XTND_REG32((void CYFAR *)(CYDEV_UDB_PA3_BASE), 0x00990000u);
 367              		.loc 1 267 0
 368 010e 244B     		ldr	r3, .L13+20
 369 0110 9922     		mov	r2, #153
 370 0112 1204     		lsl	r2, r2, #16
 371 0114 1A60     		str	r2, [r3]
 268:.\Generated_Source\PSoC4/cyfitter_cfg.c **** 
 269:.\Generated_Source\PSoC4/cyfitter_cfg.c **** 		/* Enable digital routing */
 270:.\Generated_Source\PSoC4/cyfitter_cfg.c **** 		CY_SET_XTND_REG8((void *)CYREG_UDB_UDBIF_BANK_CTL, CY_GET_XTND_REG8((void *)CYREG_UDB_UDBIF_BANK_
 372              		.loc 1 270 0
 373 0116 234A     		ldr	r2, .L13+24
 374 0118 224B     		ldr	r3, .L13+24
 375 011a 1B78     		ldrb	r3, [r3]
 376 011c DBB2     		uxtb	r3, r3
 377 011e 0221     		mov	r1, #2
 378 0120 0B43     		orr	r3, r1
 379 0122 DBB2     		uxtb	r3, r3
 380 0124 1370     		strb	r3, [r2]
 271:.\Generated_Source\PSoC4/cyfitter_cfg.c **** 
 272:.\Generated_Source\PSoC4/cyfitter_cfg.c **** 		/* Enable UDB array */
 273:.\Generated_Source\PSoC4/cyfitter_cfg.c **** 		CY_SET_XTND_REG8((void *)CYREG_UDB_UDBIF_WAIT_CFG, (uint8)((CY_GET_XTND_REG8((void *)CYREG_UDB_UD
 381              		.loc 1 273 0
 382 0126 204A     		ldr	r2, .L13+28
 383 0128 1F4B     		ldr	r3, .L13+28
 384 012a 1B78     		ldrb	r3, [r3]
 385 012c DBB2     		uxtb	r3, r3
 386 012e 3C21     		mov	r1, #60
 387 0130 8B43     		bic	r3, r1
 388 0132 DBB2     		uxtb	r3, r3
 389 0134 1421     		mov	r1, #20
 390 0136 0B43     		orr	r3, r1
 391 0138 DBB2     		uxtb	r3, r3
 392 013a 1370     		strb	r3, [r2]
 274:.\Generated_Source\PSoC4/cyfitter_cfg.c **** 		CY_SET_XTND_REG8((void *)CYREG_UDB_UDBIF_BANK_CTL, (uint8)(CY_GET_XTND_REG8((void *)CYREG_UDB_UDB
 393              		.loc 1 274 0
 394 013c 194A     		ldr	r2, .L13+24
 395 013e 194B     		ldr	r3, .L13+24
 396 0140 1B78     		ldrb	r3, [r3]
 397 0142 DBB2     		uxtb	r3, r3
 398 0144 1621     		mov	r1, #22
 399 0146 0B43     		orr	r3, r1
 400 0148 DBB2     		uxtb	r3, r3
 401 014a 1370     		strb	r3, [r2]
 402              	.LBE2:
 275:.\Generated_Source\PSoC4/cyfitter_cfg.c **** 	}
 276:.\Generated_Source\PSoC4/cyfitter_cfg.c **** 
 277:.\Generated_Source\PSoC4/cyfitter_cfg.c **** 	/* Perform second pass device configuration. These items must be configured in specific order afte
 278:.\Generated_Source\PSoC4/cyfitter_cfg.c **** 	/* IOPINS0_1 Starting address: CYDEV_GPIO_PRT1_BASE */
 279:.\Generated_Source\PSoC4/cyfitter_cfg.c **** 	CY_SET_XTND_REG32((void CYFAR *)(CYDEV_GPIO_PRT1_BASE), 0x00000080u);
 403              		.loc 1 279 0
ARM GAS  C:\Users\passw\AppData\Local\Temp\cc7DUqFH.s 			page 13


 404 014c 174B     		ldr	r3, .L13+32
 405 014e 8022     		mov	r2, #128
 406 0150 1A60     		str	r2, [r3]
 280:.\Generated_Source\PSoC4/cyfitter_cfg.c **** 	CY_SET_XTND_REG32((void CYFAR *)(CYREG_GPIO_PRT1_PC2), 0x00000080u);
 407              		.loc 1 280 0
 408 0152 174B     		ldr	r3, .L13+36
 409 0154 8022     		mov	r2, #128
 410 0156 1A60     		str	r2, [r3]
 281:.\Generated_Source\PSoC4/cyfitter_cfg.c **** 
 282:.\Generated_Source\PSoC4/cyfitter_cfg.c **** 	/* IOPINS0_2 Starting address: CYDEV_GPIO_PRT2_BASE */
 283:.\Generated_Source\PSoC4/cyfitter_cfg.c **** 	CY_SET_XTND_REG32((void CYFAR *)(CYDEV_GPIO_PRT2_BASE), 0x00000007u);
 411              		.loc 1 283 0
 412 0158 164B     		ldr	r3, .L13+40
 413 015a 0722     		mov	r2, #7
 414 015c 1A60     		str	r2, [r3]
 284:.\Generated_Source\PSoC4/cyfitter_cfg.c **** 	CY_SET_XTND_REG32((void CYFAR *)(CYREG_GPIO_PRT2_PC2), 0x00000007u);
 415              		.loc 1 284 0
 416 015e 164B     		ldr	r3, .L13+44
 417 0160 0722     		mov	r2, #7
 418 0162 1A60     		str	r2, [r3]
 285:.\Generated_Source\PSoC4/cyfitter_cfg.c **** 
 286:.\Generated_Source\PSoC4/cyfitter_cfg.c **** 	/* IOPINS0_3 Starting address: CYDEV_GPIO_PRT3_BASE */
 287:.\Generated_Source\PSoC4/cyfitter_cfg.c **** 	CY_SET_XTND_REG32((void CYFAR *)(CYREG_GPIO_PRT3_PC), 0x00000D80u);
 419              		.loc 1 287 0
 420 0164 154B     		ldr	r3, .L13+48
 421 0166 D822     		mov	r2, #216
 422 0168 1201     		lsl	r2, r2, #4
 423 016a 1A60     		str	r2, [r3]
 288:.\Generated_Source\PSoC4/cyfitter_cfg.c **** 
 289:.\Generated_Source\PSoC4/cyfitter_cfg.c **** 	/* IOPINS0_7 Starting address: CYDEV_GPIO_PRT7_BASE */
 290:.\Generated_Source\PSoC4/cyfitter_cfg.c **** 	CY_SET_XTND_REG32((void CYFAR *)(CYDEV_GPIO_PRT7_BASE), 0x00000002u);
 424              		.loc 1 290 0
 425 016c 144B     		ldr	r3, .L13+52
 426 016e 0222     		mov	r2, #2
 427 0170 1A60     		str	r2, [r3]
 291:.\Generated_Source\PSoC4/cyfitter_cfg.c **** 	CY_SET_XTND_REG32((void CYFAR *)(CYREG_GPIO_PRT7_PC), 0x00000031u);
 428              		.loc 1 291 0
 429 0172 144B     		ldr	r3, .L13+56
 430 0174 3122     		mov	r2, #49
 431 0176 1A60     		str	r2, [r3]
 292:.\Generated_Source\PSoC4/cyfitter_cfg.c **** 	CY_SET_XTND_REG32((void CYFAR *)(CYREG_GPIO_PRT7_PC2), 0x00000002u);
 432              		.loc 1 292 0
 433 0178 134B     		ldr	r3, .L13+60
 434 017a 0222     		mov	r2, #2
 435 017c 1A60     		str	r2, [r3]
 293:.\Generated_Source\PSoC4/cyfitter_cfg.c **** 
 294:.\Generated_Source\PSoC4/cyfitter_cfg.c **** 
 295:.\Generated_Source\PSoC4/cyfitter_cfg.c **** 	/* Setup clocks based on selections from Clock DWR */
 296:.\Generated_Source\PSoC4/cyfitter_cfg.c **** 	ClockSetup();
 436              		.loc 1 296 0
 437 017e FFF73FFF 		bl	ClockSetup
 297:.\Generated_Source\PSoC4/cyfitter_cfg.c **** 
 298:.\Generated_Source\PSoC4/cyfitter_cfg.c **** 	/* Perform basic analog initialization to defaults */
 299:.\Generated_Source\PSoC4/cyfitter_cfg.c **** 	AnalogSetDefault();
 438              		.loc 1 299 0
 439 0182 FFF7FEFF 		bl	AnalogSetDefault
 300:.\Generated_Source\PSoC4/cyfitter_cfg.c **** 
ARM GAS  C:\Users\passw\AppData\Local\Temp\cc7DUqFH.s 			page 14


 301:.\Generated_Source\PSoC4/cyfitter_cfg.c **** }
 440              		.loc 1 301 0
 441 0186 BD46     		mov	sp, r7
 442 0188 02B0     		add	sp, sp, #8
 443              		@ sp needed
 444 018a 80BD     		pop	{r7, pc}
 445              	.L14:
 446              		.align	2
 447              	.L13:
 448 018c 00000000 		.word	cfg_memset_list.4746
 449 0190 00030240 		.word	1073873664
 450 0194 00070240 		.word	1073874688
 451 0198 10500F40 		.word	1074745360
 452 019c 20500F40 		.word	1074745376
 453 01a0 30500F40 		.word	1074745392
 454 01a4 00700F40 		.word	1074753536
 455 01a8 01700F40 		.word	1074753537
 456 01ac 00010440 		.word	1074004224
 457 01b0 18010440 		.word	1074004248
 458 01b4 00020440 		.word	1074004480
 459 01b8 18020440 		.word	1074004504
 460 01bc 08030440 		.word	1074004744
 461 01c0 00070440 		.word	1074005760
 462 01c4 08070440 		.word	1074005768
 463 01c8 18070440 		.word	1074005784
 464              		.cfi_endproc
 465              	.LFE6:
 466              		.size	cyfitter_cfg, .-cyfitter_cfg
 467              		.section	.rodata
 468              		.align	2
 469              		.type	cfg_memset_list.4746, %object
 470              		.size	cfg_memset_list.4746, 12
 471              	cfg_memset_list.4746:
 472 0000 00300F40 		.word	1074737152
 473 0004 0004     		.short	1024
 474 0006 00400F40 		.4byte	1074741248
 475 000a 0004     		.short	1024
 476              		.text
 477              	.Letext0:
 478              		.file 2 "c:\\program files (x86)\\cypress\\psoc creator\\3.3\\psoc creator\\import\\gnu\\arm\\4.9.
 479              		.file 3 ".\\Generated_Source\\PSoC4\\cytypes.h"
 480              		.section	.debug_info,"",%progbits
 481              	.Ldebug_info0:
 482 0000 46020000 		.4byte	0x246
 483 0004 0400     		.2byte	0x4
 484 0006 00000000 		.4byte	.Ldebug_abbrev0
 485 000a 04       		.byte	0x4
 486 000b 01       		.uleb128 0x1
 487 000c A5000000 		.4byte	.LASF29
 488 0010 01       		.byte	0x1
 489 0011 7A010000 		.4byte	.LASF30
 490 0015 BE010000 		.4byte	.LASF31
 491 0019 00000000 		.4byte	.Ldebug_ranges0+0
 492 001d 00000000 		.4byte	0
 493 0021 00000000 		.4byte	.Ldebug_line0
 494 0025 02       		.uleb128 0x2
 495 0026 04       		.byte	0x4
ARM GAS  C:\Users\passw\AppData\Local\Temp\cc7DUqFH.s 			page 15


 496 0027 05       		.byte	0x5
 497 0028 696E7400 		.ascii	"int\000"
 498 002c 03       		.uleb128 0x3
 499 002d 06000000 		.4byte	.LASF11
 500 0031 02       		.byte	0x2
 501 0032 D4       		.byte	0xd4
 502 0033 37000000 		.4byte	0x37
 503 0037 04       		.uleb128 0x4
 504 0038 04       		.byte	0x4
 505 0039 07       		.byte	0x7
 506 003a 41010000 		.4byte	.LASF0
 507 003e 04       		.uleb128 0x4
 508 003f 01       		.byte	0x1
 509 0040 06       		.byte	0x6
 510 0041 0C020000 		.4byte	.LASF1
 511 0045 04       		.uleb128 0x4
 512 0046 01       		.byte	0x1
 513 0047 08       		.byte	0x8
 514 0048 83000000 		.4byte	.LASF2
 515 004c 04       		.uleb128 0x4
 516 004d 02       		.byte	0x2
 517 004e 05       		.byte	0x5
 518 004f F9010000 		.4byte	.LASF3
 519 0053 04       		.uleb128 0x4
 520 0054 02       		.byte	0x2
 521 0055 07       		.byte	0x7
 522 0056 39000000 		.4byte	.LASF4
 523 005a 04       		.uleb128 0x4
 524 005b 04       		.byte	0x4
 525 005c 05       		.byte	0x5
 526 005d 03020000 		.4byte	.LASF5
 527 0061 04       		.uleb128 0x4
 528 0062 04       		.byte	0x4
 529 0063 07       		.byte	0x7
 530 0064 61000000 		.4byte	.LASF6
 531 0068 04       		.uleb128 0x4
 532 0069 08       		.byte	0x8
 533 006a 05       		.byte	0x5
 534 006b AB010000 		.4byte	.LASF7
 535 006f 04       		.uleb128 0x4
 536 0070 08       		.byte	0x8
 537 0071 07       		.byte	0x7
 538 0072 56010000 		.4byte	.LASF8
 539 0076 04       		.uleb128 0x4
 540 0077 04       		.byte	0x4
 541 0078 07       		.byte	0x7
 542 0079 A2010000 		.4byte	.LASF9
 543 007d 05       		.uleb128 0x5
 544 007e 04       		.byte	0x4
 545 007f 04       		.uleb128 0x4
 546 0080 01       		.byte	0x1
 547 0081 08       		.byte	0x8
 548 0082 B9010000 		.4byte	.LASF10
 549 0086 06       		.uleb128 0x6
 550 0087 73000000 		.4byte	.LASF12
 551 008b 03       		.byte	0x3
 552 008c 3801     		.2byte	0x138
ARM GAS  C:\Users\passw\AppData\Local\Temp\cc7DUqFH.s 			page 16


 553 008e 45000000 		.4byte	0x45
 554 0092 06       		.uleb128 0x6
 555 0093 33010000 		.4byte	.LASF13
 556 0097 03       		.byte	0x3
 557 0098 3901     		.2byte	0x139
 558 009a 53000000 		.4byte	0x53
 559 009e 06       		.uleb128 0x6
 560 009f 3A010000 		.4byte	.LASF14
 561 00a3 03       		.byte	0x3
 562 00a4 3A01     		.2byte	0x13a
 563 00a6 61000000 		.4byte	0x61
 564 00aa 04       		.uleb128 0x4
 565 00ab 04       		.byte	0x4
 566 00ac 04       		.byte	0x4
 567 00ad 4C000000 		.4byte	.LASF15
 568 00b1 04       		.uleb128 0x4
 569 00b2 08       		.byte	0x8
 570 00b3 04       		.byte	0x4
 571 00b4 91000000 		.4byte	.LASF16
 572 00b8 06       		.uleb128 0x6
 573 00b9 5C000000 		.4byte	.LASF17
 574 00bd 03       		.byte	0x3
 575 00be E201     		.2byte	0x1e2
 576 00c0 C4000000 		.4byte	0xc4
 577 00c4 07       		.uleb128 0x7
 578 00c5 86000000 		.4byte	0x86
 579 00c9 06       		.uleb128 0x6
 580 00ca 00000000 		.4byte	.LASF18
 581 00ce 03       		.byte	0x3
 582 00cf E401     		.2byte	0x1e4
 583 00d1 D5000000 		.4byte	0xd5
 584 00d5 07       		.uleb128 0x7
 585 00d6 9E000000 		.4byte	0x9e
 586 00da 08       		.uleb128 0x8
 587 00db 79000000 		.4byte	.LASF19
 588 00df 01       		.byte	0x1
 589 00e0 3C       		.byte	0x3c
 590 00e1 00000000 		.4byte	.LFB1
 591 00e5 1E000000 		.4byte	.LFE1-.LFB1
 592 00e9 01       		.uleb128 0x1
 593 00ea 9C       		.byte	0x9c
 594 00eb 08010000 		.4byte	0x108
 595 00ef 09       		.uleb128 0x9
 596 00f0 7300     		.ascii	"s\000"
 597 00f2 01       		.byte	0x1
 598 00f3 3C       		.byte	0x3c
 599 00f4 7D000000 		.4byte	0x7d
 600 00f8 02       		.uleb128 0x2
 601 00f9 91       		.byte	0x91
 602 00fa 74       		.sleb128 -12
 603 00fb 09       		.uleb128 0x9
 604 00fc 6E00     		.ascii	"n\000"
 605 00fe 01       		.byte	0x1
 606 00ff 3C       		.byte	0x3c
 607 0100 2C000000 		.4byte	0x2c
 608 0104 02       		.uleb128 0x2
 609 0105 91       		.byte	0x91
ARM GAS  C:\Users\passw\AppData\Local\Temp\cc7DUqFH.s 			page 17


 610 0106 70       		.sleb128 -16
 611 0107 00       		.byte	0
 612 0108 08       		.uleb128 0x8
 613 0109 28020000 		.4byte	.LASF20
 614 010d 01       		.byte	0x1
 615 010e 43       		.byte	0x43
 616 010f 00000000 		.4byte	.LFB2
 617 0113 22000000 		.4byte	.LFE2-.LFB2
 618 0117 01       		.uleb128 0x1
 619 0118 9C       		.byte	0x9c
 620 0119 46010000 		.4byte	0x146
 621 011d 0A       		.uleb128 0xa
 622 011e 52000000 		.4byte	.LASF21
 623 0122 01       		.byte	0x1
 624 0123 43       		.byte	0x43
 625 0124 7D000000 		.4byte	0x7d
 626 0128 02       		.uleb128 0x2
 627 0129 91       		.byte	0x91
 628 012a 74       		.sleb128 -12
 629 012b 09       		.uleb128 0x9
 630 012c 73726300 		.ascii	"src\000"
 631 0130 01       		.byte	0x1
 632 0131 43       		.byte	0x43
 633 0132 46010000 		.4byte	0x146
 634 0136 02       		.uleb128 0x2
 635 0137 91       		.byte	0x91
 636 0138 70       		.sleb128 -16
 637 0139 09       		.uleb128 0x9
 638 013a 6E00     		.ascii	"n\000"
 639 013c 01       		.byte	0x1
 640 013d 43       		.byte	0x43
 641 013e 2C000000 		.4byte	0x2c
 642 0142 02       		.uleb128 0x2
 643 0143 91       		.byte	0x91
 644 0144 6C       		.sleb128 -20
 645 0145 00       		.byte	0
 646 0146 0B       		.uleb128 0xb
 647 0147 04       		.byte	0x4
 648 0148 4C010000 		.4byte	0x14c
 649 014c 0C       		.uleb128 0xc
 650 014d 08       		.uleb128 0x8
 651 014e 18020000 		.4byte	.LASF22
 652 0152 01       		.byte	0x1
 653 0153 4A       		.byte	0x4a
 654 0154 00000000 		.4byte	.LFB3
 655 0158 22000000 		.4byte	.LFE3-.LFB3
 656 015c 01       		.uleb128 0x1
 657 015d 9C       		.byte	0x9c
 658 015e 8B010000 		.4byte	0x18b
 659 0162 0A       		.uleb128 0xa
 660 0163 52000000 		.4byte	.LASF21
 661 0167 01       		.byte	0x1
 662 0168 4A       		.byte	0x4a
 663 0169 7D000000 		.4byte	0x7d
 664 016d 02       		.uleb128 0x2
 665 016e 91       		.byte	0x91
 666 016f 74       		.sleb128 -12
ARM GAS  C:\Users\passw\AppData\Local\Temp\cc7DUqFH.s 			page 18


 667 0170 09       		.uleb128 0x9
 668 0171 73726300 		.ascii	"src\000"
 669 0175 01       		.byte	0x1
 670 0176 4A       		.byte	0x4a
 671 0177 46010000 		.4byte	0x146
 672 017b 02       		.uleb128 0x2
 673 017c 91       		.byte	0x91
 674 017d 70       		.sleb128 -16
 675 017e 09       		.uleb128 0x9
 676 017f 6E00     		.ascii	"n\000"
 677 0181 01       		.byte	0x1
 678 0182 4A       		.byte	0x4a
 679 0183 2C000000 		.4byte	0x2c
 680 0187 02       		.uleb128 0x2
 681 0188 91       		.byte	0x91
 682 0189 6C       		.sleb128 -20
 683 018a 00       		.byte	0
 684 018b 0D       		.uleb128 0xd
 685 018c 2E000000 		.4byte	.LASF23
 686 0190 01       		.byte	0x1
 687 0191 91       		.byte	0x91
 688 0192 00000000 		.4byte	.LFB4
 689 0196 90000000 		.4byte	.LFE4-.LFB4
 690 019a 01       		.uleb128 0x1
 691 019b 9C       		.byte	0x9c
 692 019c 0E       		.uleb128 0xe
 693 019d 0D000000 		.4byte	.LASF24
 694 01a1 01       		.byte	0x1
 695 01a2 C7       		.byte	0xc7
 696 01a3 00000000 		.4byte	.LFB5
 697 01a7 48000000 		.4byte	.LFE5-.LFB5
 698 01ab 01       		.uleb128 0x1
 699 01ac 9C       		.byte	0x9c
 700 01ad 0F       		.uleb128 0xf
 701 01ae 98000000 		.4byte	.LASF32
 702 01b2 01       		.byte	0x1
 703 01b3 E5       		.byte	0xe5
 704 01b4 90000000 		.4byte	.LFB6
 705 01b8 3C010000 		.4byte	.LFE6-.LFB6
 706 01bc 01       		.uleb128 0x1
 707 01bd 9C       		.byte	0x9c
 708 01be 10       		.uleb128 0x10
 709 01bf 98000000 		.4byte	.LBB2
 710 01c3 B4000000 		.4byte	.LBE2-.LBB2
 711 01c7 11       		.uleb128 0x11
 712 01c8 06       		.byte	0x6
 713 01c9 01       		.byte	0x1
 714 01ca EC       		.byte	0xec
 715 01cb E8010000 		.4byte	0x1e8
 716 01cf 12       		.uleb128 0x12
 717 01d0 4E010000 		.4byte	.LASF25
 718 01d4 01       		.byte	0x1
 719 01d5 ED       		.byte	0xed
 720 01d6 7D000000 		.4byte	0x7d
 721 01da 00       		.byte	0
 722 01db 12       		.uleb128 0x12
 723 01dc 57000000 		.4byte	.LASF26
ARM GAS  C:\Users\passw\AppData\Local\Temp\cc7DUqFH.s 			page 19


 724 01e0 01       		.byte	0x1
 725 01e1 EE       		.byte	0xee
 726 01e2 92000000 		.4byte	0x92
 727 01e6 04       		.byte	0x4
 728 01e7 00       		.byte	0
 729 01e8 03       		.uleb128 0x3
 730 01e9 6D010000 		.4byte	.LASF27
 731 01ed 01       		.byte	0x1
 732 01ee EF       		.byte	0xef
 733 01ef C7010000 		.4byte	0x1c7
 734 01f3 13       		.uleb128 0x13
 735 01f4 E8010000 		.4byte	0x1e8
 736 01f8 03020000 		.4byte	0x203
 737 01fc 14       		.uleb128 0x14
 738 01fd 76000000 		.4byte	0x76
 739 0201 01       		.byte	0x1
 740 0202 00       		.byte	0
 741 0203 15       		.uleb128 0x15
 742 0204 1E000000 		.4byte	.LASF28
 743 0208 01       		.byte	0x1
 744 0209 F1       		.byte	0xf1
 745 020a 14020000 		.4byte	0x214
 746 020e 05       		.uleb128 0x5
 747 020f 03       		.byte	0x3
 748 0210 00000000 		.4byte	cfg_memset_list.4746
 749 0214 16       		.uleb128 0x16
 750 0215 F3010000 		.4byte	0x1f3
 751 0219 17       		.uleb128 0x17
 752 021a 6900     		.ascii	"i\000"
 753 021c 01       		.byte	0x1
 754 021d F7       		.byte	0xf7
 755 021e 86000000 		.4byte	0x86
 756 0222 02       		.uleb128 0x2
 757 0223 91       		.byte	0x91
 758 0224 77       		.sleb128 -9
 759 0225 10       		.uleb128 0x10
 760 0226 A0000000 		.4byte	.LBB3
 761 022a 3E000000 		.4byte	.LBE3-.LBB3
 762 022e 17       		.uleb128 0x17
 763 022f 6D7300   		.ascii	"ms\000"
 764 0232 01       		.byte	0x1
 765 0233 FC       		.byte	0xfc
 766 0234 3B020000 		.4byte	0x23b
 767 0238 02       		.uleb128 0x2
 768 0239 91       		.byte	0x91
 769 023a 70       		.sleb128 -16
 770 023b 0B       		.uleb128 0xb
 771 023c 04       		.byte	0x4
 772 023d 41020000 		.4byte	0x241
 773 0241 16       		.uleb128 0x16
 774 0242 E8010000 		.4byte	0x1e8
 775 0246 00       		.byte	0
 776 0247 00       		.byte	0
 777 0248 00       		.byte	0
 778 0249 00       		.byte	0
 779              		.section	.debug_abbrev,"",%progbits
 780              	.Ldebug_abbrev0:
ARM GAS  C:\Users\passw\AppData\Local\Temp\cc7DUqFH.s 			page 20


 781 0000 01       		.uleb128 0x1
 782 0001 11       		.uleb128 0x11
 783 0002 01       		.byte	0x1
 784 0003 25       		.uleb128 0x25
 785 0004 0E       		.uleb128 0xe
 786 0005 13       		.uleb128 0x13
 787 0006 0B       		.uleb128 0xb
 788 0007 03       		.uleb128 0x3
 789 0008 0E       		.uleb128 0xe
 790 0009 1B       		.uleb128 0x1b
 791 000a 0E       		.uleb128 0xe
 792 000b 55       		.uleb128 0x55
 793 000c 17       		.uleb128 0x17
 794 000d 11       		.uleb128 0x11
 795 000e 01       		.uleb128 0x1
 796 000f 10       		.uleb128 0x10
 797 0010 17       		.uleb128 0x17
 798 0011 00       		.byte	0
 799 0012 00       		.byte	0
 800 0013 02       		.uleb128 0x2
 801 0014 24       		.uleb128 0x24
 802 0015 00       		.byte	0
 803 0016 0B       		.uleb128 0xb
 804 0017 0B       		.uleb128 0xb
 805 0018 3E       		.uleb128 0x3e
 806 0019 0B       		.uleb128 0xb
 807 001a 03       		.uleb128 0x3
 808 001b 08       		.uleb128 0x8
 809 001c 00       		.byte	0
 810 001d 00       		.byte	0
 811 001e 03       		.uleb128 0x3
 812 001f 16       		.uleb128 0x16
 813 0020 00       		.byte	0
 814 0021 03       		.uleb128 0x3
 815 0022 0E       		.uleb128 0xe
 816 0023 3A       		.uleb128 0x3a
 817 0024 0B       		.uleb128 0xb
 818 0025 3B       		.uleb128 0x3b
 819 0026 0B       		.uleb128 0xb
 820 0027 49       		.uleb128 0x49
 821 0028 13       		.uleb128 0x13
 822 0029 00       		.byte	0
 823 002a 00       		.byte	0
 824 002b 04       		.uleb128 0x4
 825 002c 24       		.uleb128 0x24
 826 002d 00       		.byte	0
 827 002e 0B       		.uleb128 0xb
 828 002f 0B       		.uleb128 0xb
 829 0030 3E       		.uleb128 0x3e
 830 0031 0B       		.uleb128 0xb
 831 0032 03       		.uleb128 0x3
 832 0033 0E       		.uleb128 0xe
 833 0034 00       		.byte	0
 834 0035 00       		.byte	0
 835 0036 05       		.uleb128 0x5
 836 0037 0F       		.uleb128 0xf
 837 0038 00       		.byte	0
ARM GAS  C:\Users\passw\AppData\Local\Temp\cc7DUqFH.s 			page 21


 838 0039 0B       		.uleb128 0xb
 839 003a 0B       		.uleb128 0xb
 840 003b 00       		.byte	0
 841 003c 00       		.byte	0
 842 003d 06       		.uleb128 0x6
 843 003e 16       		.uleb128 0x16
 844 003f 00       		.byte	0
 845 0040 03       		.uleb128 0x3
 846 0041 0E       		.uleb128 0xe
 847 0042 3A       		.uleb128 0x3a
 848 0043 0B       		.uleb128 0xb
 849 0044 3B       		.uleb128 0x3b
 850 0045 05       		.uleb128 0x5
 851 0046 49       		.uleb128 0x49
 852 0047 13       		.uleb128 0x13
 853 0048 00       		.byte	0
 854 0049 00       		.byte	0
 855 004a 07       		.uleb128 0x7
 856 004b 35       		.uleb128 0x35
 857 004c 00       		.byte	0
 858 004d 49       		.uleb128 0x49
 859 004e 13       		.uleb128 0x13
 860 004f 00       		.byte	0
 861 0050 00       		.byte	0
 862 0051 08       		.uleb128 0x8
 863 0052 2E       		.uleb128 0x2e
 864 0053 01       		.byte	0x1
 865 0054 03       		.uleb128 0x3
 866 0055 0E       		.uleb128 0xe
 867 0056 3A       		.uleb128 0x3a
 868 0057 0B       		.uleb128 0xb
 869 0058 3B       		.uleb128 0x3b
 870 0059 0B       		.uleb128 0xb
 871 005a 27       		.uleb128 0x27
 872 005b 19       		.uleb128 0x19
 873 005c 11       		.uleb128 0x11
 874 005d 01       		.uleb128 0x1
 875 005e 12       		.uleb128 0x12
 876 005f 06       		.uleb128 0x6
 877 0060 40       		.uleb128 0x40
 878 0061 18       		.uleb128 0x18
 879 0062 9642     		.uleb128 0x2116
 880 0064 19       		.uleb128 0x19
 881 0065 01       		.uleb128 0x1
 882 0066 13       		.uleb128 0x13
 883 0067 00       		.byte	0
 884 0068 00       		.byte	0
 885 0069 09       		.uleb128 0x9
 886 006a 05       		.uleb128 0x5
 887 006b 00       		.byte	0
 888 006c 03       		.uleb128 0x3
 889 006d 08       		.uleb128 0x8
 890 006e 3A       		.uleb128 0x3a
 891 006f 0B       		.uleb128 0xb
 892 0070 3B       		.uleb128 0x3b
 893 0071 0B       		.uleb128 0xb
 894 0072 49       		.uleb128 0x49
ARM GAS  C:\Users\passw\AppData\Local\Temp\cc7DUqFH.s 			page 22


 895 0073 13       		.uleb128 0x13
 896 0074 02       		.uleb128 0x2
 897 0075 18       		.uleb128 0x18
 898 0076 00       		.byte	0
 899 0077 00       		.byte	0
 900 0078 0A       		.uleb128 0xa
 901 0079 05       		.uleb128 0x5
 902 007a 00       		.byte	0
 903 007b 03       		.uleb128 0x3
 904 007c 0E       		.uleb128 0xe
 905 007d 3A       		.uleb128 0x3a
 906 007e 0B       		.uleb128 0xb
 907 007f 3B       		.uleb128 0x3b
 908 0080 0B       		.uleb128 0xb
 909 0081 49       		.uleb128 0x49
 910 0082 13       		.uleb128 0x13
 911 0083 02       		.uleb128 0x2
 912 0084 18       		.uleb128 0x18
 913 0085 00       		.byte	0
 914 0086 00       		.byte	0
 915 0087 0B       		.uleb128 0xb
 916 0088 0F       		.uleb128 0xf
 917 0089 00       		.byte	0
 918 008a 0B       		.uleb128 0xb
 919 008b 0B       		.uleb128 0xb
 920 008c 49       		.uleb128 0x49
 921 008d 13       		.uleb128 0x13
 922 008e 00       		.byte	0
 923 008f 00       		.byte	0
 924 0090 0C       		.uleb128 0xc
 925 0091 26       		.uleb128 0x26
 926 0092 00       		.byte	0
 927 0093 00       		.byte	0
 928 0094 00       		.byte	0
 929 0095 0D       		.uleb128 0xd
 930 0096 2E       		.uleb128 0x2e
 931 0097 00       		.byte	0
 932 0098 03       		.uleb128 0x3
 933 0099 0E       		.uleb128 0xe
 934 009a 3A       		.uleb128 0x3a
 935 009b 0B       		.uleb128 0xb
 936 009c 3B       		.uleb128 0x3b
 937 009d 0B       		.uleb128 0xb
 938 009e 27       		.uleb128 0x27
 939 009f 19       		.uleb128 0x19
 940 00a0 11       		.uleb128 0x11
 941 00a1 01       		.uleb128 0x1
 942 00a2 12       		.uleb128 0x12
 943 00a3 06       		.uleb128 0x6
 944 00a4 40       		.uleb128 0x40
 945 00a5 18       		.uleb128 0x18
 946 00a6 9642     		.uleb128 0x2116
 947 00a8 19       		.uleb128 0x19
 948 00a9 00       		.byte	0
 949 00aa 00       		.byte	0
 950 00ab 0E       		.uleb128 0xe
 951 00ac 2E       		.uleb128 0x2e
ARM GAS  C:\Users\passw\AppData\Local\Temp\cc7DUqFH.s 			page 23


 952 00ad 00       		.byte	0
 953 00ae 03       		.uleb128 0x3
 954 00af 0E       		.uleb128 0xe
 955 00b0 3A       		.uleb128 0x3a
 956 00b1 0B       		.uleb128 0xb
 957 00b2 3B       		.uleb128 0x3b
 958 00b3 0B       		.uleb128 0xb
 959 00b4 27       		.uleb128 0x27
 960 00b5 19       		.uleb128 0x19
 961 00b6 11       		.uleb128 0x11
 962 00b7 01       		.uleb128 0x1
 963 00b8 12       		.uleb128 0x12
 964 00b9 06       		.uleb128 0x6
 965 00ba 40       		.uleb128 0x40
 966 00bb 18       		.uleb128 0x18
 967 00bc 9742     		.uleb128 0x2117
 968 00be 19       		.uleb128 0x19
 969 00bf 00       		.byte	0
 970 00c0 00       		.byte	0
 971 00c1 0F       		.uleb128 0xf
 972 00c2 2E       		.uleb128 0x2e
 973 00c3 01       		.byte	0x1
 974 00c4 3F       		.uleb128 0x3f
 975 00c5 19       		.uleb128 0x19
 976 00c6 03       		.uleb128 0x3
 977 00c7 0E       		.uleb128 0xe
 978 00c8 3A       		.uleb128 0x3a
 979 00c9 0B       		.uleb128 0xb
 980 00ca 3B       		.uleb128 0x3b
 981 00cb 0B       		.uleb128 0xb
 982 00cc 27       		.uleb128 0x27
 983 00cd 19       		.uleb128 0x19
 984 00ce 11       		.uleb128 0x11
 985 00cf 01       		.uleb128 0x1
 986 00d0 12       		.uleb128 0x12
 987 00d1 06       		.uleb128 0x6
 988 00d2 40       		.uleb128 0x40
 989 00d3 18       		.uleb128 0x18
 990 00d4 9642     		.uleb128 0x2116
 991 00d6 19       		.uleb128 0x19
 992 00d7 00       		.byte	0
 993 00d8 00       		.byte	0
 994 00d9 10       		.uleb128 0x10
 995 00da 0B       		.uleb128 0xb
 996 00db 01       		.byte	0x1
 997 00dc 11       		.uleb128 0x11
 998 00dd 01       		.uleb128 0x1
 999 00de 12       		.uleb128 0x12
 1000 00df 06       		.uleb128 0x6
 1001 00e0 00       		.byte	0
 1002 00e1 00       		.byte	0
 1003 00e2 11       		.uleb128 0x11
 1004 00e3 13       		.uleb128 0x13
 1005 00e4 01       		.byte	0x1
 1006 00e5 0B       		.uleb128 0xb
 1007 00e6 0B       		.uleb128 0xb
 1008 00e7 3A       		.uleb128 0x3a
ARM GAS  C:\Users\passw\AppData\Local\Temp\cc7DUqFH.s 			page 24


 1009 00e8 0B       		.uleb128 0xb
 1010 00e9 3B       		.uleb128 0x3b
 1011 00ea 0B       		.uleb128 0xb
 1012 00eb 01       		.uleb128 0x1
 1013 00ec 13       		.uleb128 0x13
 1014 00ed 00       		.byte	0
 1015 00ee 00       		.byte	0
 1016 00ef 12       		.uleb128 0x12
 1017 00f0 0D       		.uleb128 0xd
 1018 00f1 00       		.byte	0
 1019 00f2 03       		.uleb128 0x3
 1020 00f3 0E       		.uleb128 0xe
 1021 00f4 3A       		.uleb128 0x3a
 1022 00f5 0B       		.uleb128 0xb
 1023 00f6 3B       		.uleb128 0x3b
 1024 00f7 0B       		.uleb128 0xb
 1025 00f8 49       		.uleb128 0x49
 1026 00f9 13       		.uleb128 0x13
 1027 00fa 38       		.uleb128 0x38
 1028 00fb 0B       		.uleb128 0xb
 1029 00fc 00       		.byte	0
 1030 00fd 00       		.byte	0
 1031 00fe 13       		.uleb128 0x13
 1032 00ff 01       		.uleb128 0x1
 1033 0100 01       		.byte	0x1
 1034 0101 49       		.uleb128 0x49
 1035 0102 13       		.uleb128 0x13
 1036 0103 01       		.uleb128 0x1
 1037 0104 13       		.uleb128 0x13
 1038 0105 00       		.byte	0
 1039 0106 00       		.byte	0
 1040 0107 14       		.uleb128 0x14
 1041 0108 21       		.uleb128 0x21
 1042 0109 00       		.byte	0
 1043 010a 49       		.uleb128 0x49
 1044 010b 13       		.uleb128 0x13
 1045 010c 2F       		.uleb128 0x2f
 1046 010d 0B       		.uleb128 0xb
 1047 010e 00       		.byte	0
 1048 010f 00       		.byte	0
 1049 0110 15       		.uleb128 0x15
 1050 0111 34       		.uleb128 0x34
 1051 0112 00       		.byte	0
 1052 0113 03       		.uleb128 0x3
 1053 0114 0E       		.uleb128 0xe
 1054 0115 3A       		.uleb128 0x3a
 1055 0116 0B       		.uleb128 0xb
 1056 0117 3B       		.uleb128 0x3b
 1057 0118 0B       		.uleb128 0xb
 1058 0119 49       		.uleb128 0x49
 1059 011a 13       		.uleb128 0x13
 1060 011b 02       		.uleb128 0x2
 1061 011c 18       		.uleb128 0x18
 1062 011d 00       		.byte	0
 1063 011e 00       		.byte	0
 1064 011f 16       		.uleb128 0x16
 1065 0120 26       		.uleb128 0x26
ARM GAS  C:\Users\passw\AppData\Local\Temp\cc7DUqFH.s 			page 25


 1066 0121 00       		.byte	0
 1067 0122 49       		.uleb128 0x49
 1068 0123 13       		.uleb128 0x13
 1069 0124 00       		.byte	0
 1070 0125 00       		.byte	0
 1071 0126 17       		.uleb128 0x17
 1072 0127 34       		.uleb128 0x34
 1073 0128 00       		.byte	0
 1074 0129 03       		.uleb128 0x3
 1075 012a 08       		.uleb128 0x8
 1076 012b 3A       		.uleb128 0x3a
 1077 012c 0B       		.uleb128 0xb
 1078 012d 3B       		.uleb128 0x3b
 1079 012e 0B       		.uleb128 0xb
 1080 012f 49       		.uleb128 0x49
 1081 0130 13       		.uleb128 0x13
 1082 0131 02       		.uleb128 0x2
 1083 0132 18       		.uleb128 0x18
 1084 0133 00       		.byte	0
 1085 0134 00       		.byte	0
 1086 0135 00       		.byte	0
 1087              		.section	.debug_aranges,"",%progbits
 1088 0000 44000000 		.4byte	0x44
 1089 0004 0200     		.2byte	0x2
 1090 0006 00000000 		.4byte	.Ldebug_info0
 1091 000a 04       		.byte	0x4
 1092 000b 00       		.byte	0
 1093 000c 0000     		.2byte	0
 1094 000e 0000     		.2byte	0
 1095 0010 00000000 		.4byte	.LFB1
 1096 0014 1E000000 		.4byte	.LFE1-.LFB1
 1097 0018 00000000 		.4byte	.LFB2
 1098 001c 22000000 		.4byte	.LFE2-.LFB2
 1099 0020 00000000 		.4byte	.LFB3
 1100 0024 22000000 		.4byte	.LFE3-.LFB3
 1101 0028 00000000 		.4byte	.LFB4
 1102 002c 90000000 		.4byte	.LFE4-.LFB4
 1103 0030 00000000 		.4byte	.LFB5
 1104 0034 48000000 		.4byte	.LFE5-.LFB5
 1105 0038 90000000 		.4byte	.LFB6
 1106 003c 3C010000 		.4byte	.LFE6-.LFB6
 1107 0040 00000000 		.4byte	0
 1108 0044 00000000 		.4byte	0
 1109              		.section	.debug_ranges,"",%progbits
 1110              	.Ldebug_ranges0:
 1111 0000 00000000 		.4byte	.LFB1
 1112 0004 1E000000 		.4byte	.LFE1
 1113 0008 00000000 		.4byte	.LFB2
 1114 000c 22000000 		.4byte	.LFE2
 1115 0010 00000000 		.4byte	.LFB3
 1116 0014 22000000 		.4byte	.LFE3
 1117 0018 00000000 		.4byte	.LFB4
 1118 001c 90000000 		.4byte	.LFE4
 1119 0020 00000000 		.4byte	.LFB5
 1120 0024 48000000 		.4byte	.LFE5
 1121 0028 90000000 		.4byte	.LFB6
 1122 002c CC010000 		.4byte	.LFE6
ARM GAS  C:\Users\passw\AppData\Local\Temp\cc7DUqFH.s 			page 26


 1123 0030 00000000 		.4byte	0
 1124 0034 00000000 		.4byte	0
 1125              		.section	.debug_line,"",%progbits
 1126              	.Ldebug_line0:
 1127 0000 6F010000 		.section	.debug_str,"MS",%progbits,1
 1127      0200CD00 
 1127      00000201 
 1127      FB0E0D00 
 1127      01010101 
 1128              	.LASF18:
 1129 0000 72656733 		.ascii	"reg32\000"
 1129      3200
 1130              	.LASF11:
 1131 0006 73697A65 		.ascii	"size_t\000"
 1131      5F7400
 1132              	.LASF24:
 1133 000d 416E616C 		.ascii	"AnalogSetDefault\000"
 1133      6F675365 
 1133      74446566 
 1133      61756C74 
 1133      00
 1134              	.LASF28:
 1135 001e 6366675F 		.ascii	"cfg_memset_list\000"
 1135      6D656D73 
 1135      65745F6C 
 1135      69737400 
 1136              	.LASF23:
 1137 002e 436C6F63 		.ascii	"ClockSetup\000"
 1137      6B536574 
 1137      757000
 1138              	.LASF4:
 1139 0039 73686F72 		.ascii	"short unsigned int\000"
 1139      7420756E 
 1139      7369676E 
 1139      65642069 
 1139      6E7400
 1140              	.LASF15:
 1141 004c 666C6F61 		.ascii	"float\000"
 1141      7400
 1142              	.LASF21:
 1143 0052 64657374 		.ascii	"dest\000"
 1143      00
 1144              	.LASF26:
 1145 0057 73697A65 		.ascii	"size\000"
 1145      00
 1146              	.LASF17:
 1147 005c 72656738 		.ascii	"reg8\000"
 1147      00
 1148              	.LASF6:
 1149 0061 6C6F6E67 		.ascii	"long unsigned int\000"
 1149      20756E73 
 1149      69676E65 
 1149      6420696E 
 1149      7400
 1150              	.LASF12:
 1151 0073 75696E74 		.ascii	"uint8\000"
 1151      3800
ARM GAS  C:\Users\passw\AppData\Local\Temp\cc7DUqFH.s 			page 27


 1152              	.LASF19:
 1153 0079 43594D45 		.ascii	"CYMEMZERO\000"
 1153      4D5A4552 
 1153      4F00
 1154              	.LASF2:
 1155 0083 756E7369 		.ascii	"unsigned char\000"
 1155      676E6564 
 1155      20636861 
 1155      7200
 1156              	.LASF16:
 1157 0091 646F7562 		.ascii	"double\000"
 1157      6C6500
 1158              	.LASF32:
 1159 0098 63796669 		.ascii	"cyfitter_cfg\000"
 1159      74746572 
 1159      5F636667 
 1159      00
 1160              	.LASF29:
 1161 00a5 474E5520 		.ascii	"GNU C 4.9.3 20150303 (release) [ARM/embedded-4_9-br"
 1161      4320342E 
 1161      392E3320 
 1161      32303135 
 1161      30333033 
 1162 00d8 616E6368 		.ascii	"anch revision 221220] -mcpu=cortex-m0 -mthumb -g -O"
 1162      20726576 
 1162      6973696F 
 1162      6E203232 
 1162      31323230 
 1163 010b 30202D66 		.ascii	"0 -ffunction-sections -ffat-lto-objects\000"
 1163      66756E63 
 1163      74696F6E 
 1163      2D736563 
 1163      74696F6E 
 1164              	.LASF13:
 1165 0133 75696E74 		.ascii	"uint16\000"
 1165      313600
 1166              	.LASF14:
 1167 013a 75696E74 		.ascii	"uint32\000"
 1167      333200
 1168              	.LASF0:
 1169 0141 756E7369 		.ascii	"unsigned int\000"
 1169      676E6564 
 1169      20696E74 
 1169      00
 1170              	.LASF25:
 1171 014e 61646472 		.ascii	"address\000"
 1171      65737300 
 1172              	.LASF8:
 1173 0156 6C6F6E67 		.ascii	"long long unsigned int\000"
 1173      206C6F6E 
 1173      6720756E 
 1173      7369676E 
 1173      65642069 
 1174              	.LASF27:
 1175 016d 6366675F 		.ascii	"cfg_memset_t\000"
 1175      6D656D73 
 1175      65745F74 
ARM GAS  C:\Users\passw\AppData\Local\Temp\cc7DUqFH.s 			page 28


 1175      00
 1176              	.LASF30:
 1177 017a 2E5C4765 		.ascii	".\\Generated_Source\\PSoC4\\cyfitter_cfg.c\000"
 1177      6E657261 
 1177      7465645F 
 1177      536F7572 
 1177      63655C50 
 1178              	.LASF9:
 1179 01a2 73697A65 		.ascii	"sizetype\000"
 1179      74797065 
 1179      00
 1180              	.LASF7:
 1181 01ab 6C6F6E67 		.ascii	"long long int\000"
 1181      206C6F6E 
 1181      6720696E 
 1181      7400
 1182              	.LASF10:
 1183 01b9 63686172 		.ascii	"char\000"
 1183      00
 1184              	.LASF31:
 1185 01be 433A5C55 		.ascii	"C:\\Users\\passw\\OneDrive\\Documents\\PSoC\\HWSW 9"
 1185      73657273 
 1185      5C706173 
 1185      73775C4F 
 1185      6E654472 
 1186 01eb 5C485753 		.ascii	"\\HWSW 9.cydsn\000"
 1186      5720392E 
 1186      63796473 
 1186      6E00
 1187              	.LASF3:
 1188 01f9 73686F72 		.ascii	"short int\000"
 1188      7420696E 
 1188      7400
 1189              	.LASF5:
 1190 0203 6C6F6E67 		.ascii	"long int\000"
 1190      20696E74 
 1190      00
 1191              	.LASF1:
 1192 020c 7369676E 		.ascii	"signed char\000"
 1192      65642063 
 1192      68617200 
 1193              	.LASF22:
 1194 0218 4359434F 		.ascii	"CYCONFIGCPYCODE\000"
 1194      4E464947 
 1194      43505943 
 1194      4F444500 
 1195              	.LASF20:
 1196 0228 4359434F 		.ascii	"CYCONFIGCPY\000"
 1196      4E464947 
 1196      43505900 
 1197              		.ident	"GCC: (GNU Tools for ARM Embedded Processors) 4.9.3 20150303 (release) [ARM/embedded-4_9-br
