Archive member included because of file (symbol)

.\CortexM0\ARM_GCC_493\Debug\ADC_filtre_samlet_grader.a(cyfitter_cfg.o)
                              .\CortexM0\ARM_GCC_493\Debug\Cm0Start.o (cyfitter_cfg)
.\CortexM0\ARM_GCC_493\Debug\ADC_filtre_samlet_grader.a(UART.o)
                              .\CortexM0\ARM_GCC_493\Debug\main.o (UART_Start)
.\CortexM0\ARM_GCC_493\Debug\ADC_filtre_samlet_grader.a(UART_SPI_UART.o)
                              .\CortexM0\ARM_GCC_493\Debug\main.o (UART_SpiUartWriteTxData)
.\CortexM0\ARM_GCC_493\Debug\ADC_filtre_samlet_grader.a(UART_UART.o)
                              .\CortexM0\ARM_GCC_493\Debug\ADC_filtre_samlet_grader.a(UART.o) (UART_UartInit)
.\CortexM0\ARM_GCC_493\Debug\ADC_filtre_samlet_grader.a(ADC.o)
                              .\CortexM0\ARM_GCC_493\Debug\main.o (ADC_Start)
.\CortexM0\ARM_GCC_493\Debug\ADC_filtre_samlet_grader.a(ADC_INT.o)
                              .\CortexM0\ARM_GCC_493\Debug\ADC_filtre_samlet_grader.a(ADC.o) (ADC_ISR)
.\CortexM0\ARM_GCC_493\Debug\ADC_filtre_samlet_grader.a(ADC_ISR.o)
                              .\CortexM0\ARM_GCC_493\Debug\main.o (ADC_ISR_StartEx)
.\CortexM0\ARM_GCC_493\Debug\ADC_filtre_samlet_grader.a(ADC_IRQ.o)
                              .\CortexM0\ARM_GCC_493\Debug\main.o (ADC_IRQ_Enable)
.\CortexM0\ARM_GCC_493\Debug\ADC_filtre_samlet_grader.a(CyBootAsmGnu.o)
                              .\CortexM0\ARM_GCC_493\Debug\ADC_filtre_samlet_grader.a(ADC_ISR.o) (CyEnterCriticalSection)
.\CortexM0\ARM_GCC_493\Debug\ADC_filtre_samlet_grader.a(CyLib.o)
                              .\CortexM0\ARM_GCC_493\Debug\ADC_filtre_samlet_grader.a(cyfitter_cfg.o) (CySysClkWriteImoFreq)
.\CortexM0\ARM_GCC_493\Debug\ADC_filtre_samlet_grader.a(cyPm.o)
                              .\CortexM0\ARM_GCC_493\Debug\main.o (CySysPmSleep)
.\CortexM0\ARM_GCC_493\Debug\ADC_filtre_samlet_grader.a(CyLFClk.o)
                              .\CortexM0\ARM_GCC_493\Debug\ADC_filtre_samlet_grader.a(cyfitter_cfg.o) (CySysClkWcoStart)
.\CortexM0\ARM_GCC_493\Debug\ADC_filtre_samlet_grader.a(Pin_SW2.o)
                              .\CortexM0\ARM_GCC_493\Debug\main.o (Pin_SW2_ClearInterrupt)
.\CortexM0\ARM_GCC_493\Debug\ADC_filtre_samlet_grader.a(pin_SW2_int.o)
                              .\CortexM0\ARM_GCC_493\Debug\main.o (pin_SW2_int_StartEx)
.\CortexM0\ARM_GCC_493\Debug\ADC_filtre_samlet_grader.a(Pin_Green.o)
                              .\CortexM0\ARM_GCC_493\Debug\main.o (Pin_Green_Write)
.\CortexM0\ARM_GCC_493\Debug\ADC_filtre_samlet_grader.a(Control_Reg_1.o)
                              .\CortexM0\ARM_GCC_493\Debug\main.o (Control_Reg_1_Write)
.\CortexM0\ARM_GCC_493\Debug\ADC_filtre_samlet_grader.a(Timer_1.o)
                              .\CortexM0\ARM_GCC_493\Debug\main.o (Timer_1_Start)
.\CortexM0\ARM_GCC_493\Debug\ADC_filtre_samlet_grader.a(Timer_ISR.o)
                              .\CortexM0\ARM_GCC_493\Debug\main.o (Timer_ISR_Enable)
c:/program files (x86)/cypress/psoc creator/3.3/psoc creator/import/gnu/arm/4.9.3/bin/../lib/gcc/arm-none-eabi/4.9.3/armv6-m\libgcc.a(_udivsi3.o)
                              .\CortexM0\ARM_GCC_493\Debug\ADC_filtre_samlet_grader.a(CyLib.o) (__aeabi_uidiv)
c:/program files (x86)/cypress/psoc creator/3.3/psoc creator/import/gnu/arm/4.9.3/bin/../lib/gcc/arm-none-eabi/4.9.3/armv6-m\libgcc.a(_divsi3.o)
                              .\CortexM0\ARM_GCC_493\Debug\main.o (__aeabi_idiv)
c:/program files (x86)/cypress/psoc creator/3.3/psoc creator/import/gnu/arm/4.9.3/bin/../lib/gcc/arm-none-eabi/4.9.3/armv6-m\libgcc.a(_dvmd_tls.o)
                              c:/program files (x86)/cypress/psoc creator/3.3/psoc creator/import/gnu/arm/4.9.3/bin/../lib/gcc/arm-none-eabi/4.9.3/armv6-m\libgcc.a(_udivsi3.o) (__aeabi_idiv0)
c:/program files (x86)/cypress/psoc creator/3.3/psoc creator/import/gnu/arm/4.9.3/bin/../lib/gcc/arm-none-eabi/4.9.3/armv6-m\libgcc.a(_arm_cmpdf2.o)
                              .\CortexM0\ARM_GCC_493\Debug\main.o (__aeabi_dcmpgt)
c:/program files (x86)/cypress/psoc creator/3.3/psoc creator/import/gnu/arm/4.9.3/bin/../lib/gcc/arm-none-eabi/4.9.3/armv6-m\libgcc.a(_aeabi_ldivmod.o)
                              .\CortexM0\ARM_GCC_493\Debug\ADC_filtre_samlet_grader.a(ADC.o) (__aeabi_ldivmod)
c:/program files (x86)/cypress/psoc creator/3.3/psoc creator/import/gnu/arm/4.9.3/bin/../lib/gcc/arm-none-eabi/4.9.3/armv6-m\libgcc.a(_muldi3.o)
                              .\CortexM0\ARM_GCC_493\Debug\ADC_filtre_samlet_grader.a(ADC.o) (__aeabi_lmul)
c:/program files (x86)/cypress/psoc creator/3.3/psoc creator/import/gnu/arm/4.9.3/bin/../lib/gcc/arm-none-eabi/4.9.3/armv6-m\libgcc.a(bpabi.o)
                              c:/program files (x86)/cypress/psoc creator/3.3/psoc creator/import/gnu/arm/4.9.3/bin/../lib/gcc/arm-none-eabi/4.9.3/armv6-m\libgcc.a(_aeabi_ldivmod.o) (__gnu_ldivmod_helper)
[...]
Memory Configuration

Name             Origin             Length             Attributes
rom              0x00000000         0x00020000         xr
ram              0x20000000         0x00004000         xrw
*default*        0x00000000         0xffffffff

Linker script and memory map

LOAD c:/program files (x86)/cypress/psoc creator/3.3/psoc creator/import/gnu/arm/4.9.3/bin/../lib/gcc/arm-none-eabi/4.9.3/armv6-m/crti.o
LOAD c:/program files (x86)/cypress/psoc creator/3.3/psoc creator/import/gnu/arm/4.9.3/bin/../lib/gcc/arm-none-eabi/4.9.3/armv6-m/crtbegin.o
LOAD c:/program files (x86)/cypress/psoc creator/3.3/psoc creator/import/gnu/arm/4.9.3/bin/../lib/gcc/arm-none-eabi/4.9.3/../../../../arm-none-eabi/lib/armv6-m/crt0.o
START GROUP
LOAD .\CortexM0\ARM_GCC_493\Debug\main.o
LOAD .\CortexM0\ARM_GCC_493\Debug\cymetadata.o
LOAD .\CortexM0\ARM_GCC_493\Debug\Cm0Start.o
LOAD .\CortexM0\ARM_GCC_493\Debug\ADC_filtre_samlet_grader.a
LOAD C:\Program Files (x86)\Cypress\PSoC Creator\3.3\PSoC Creator\psoc\content\cycomponentlibrary\CyComponentLibrary.cylib\CortexM0\ARM_GCC_493\Debug\CyComponentLibrary.a
END GROUP
START GROUP
LOAD c:/program files (x86)/cypress/psoc creator/3.3/psoc creator/import/gnu/arm/4.9.3/bin/../lib/gcc/arm-none-eabi/4.9.3/armv6-m\libgcc.a
LOAD c:/program files (x86)/cypress/psoc creator/3.3/psoc creator/import/gnu/arm/4.9.3/bin/../lib/gcc/arm-none-eabi/4.9.3/../../../../arm-none-eabi/lib/armv6-m\libg_nano.a
LOAD c:/program files (x86)/cypress/psoc creator/3.3/psoc creator/import/gnu/arm/4.9.3/bin/../lib/gcc/arm-none-eabi/4.9.3/../../../../arm-none-eabi/lib/armv6-m\libc_nano.a
END GROUP
START GROUP
LOAD c:/program files (x86)/cypress/psoc creator/3.3/psoc creator/import/gnu/arm/4.9.3/bin/../lib/gcc/arm-none-eabi/4.9.3/armv6-m\libgcc.a
LOAD c:/program files (x86)/cypress/psoc creator/3.3/psoc creator/import/gnu/arm/4.9.3/bin/../lib/gcc/arm-none-eabi/4.9.3/../../../../arm-none-eabi/lib/armv6-m\libc_nano.a
END GROUP
LOAD c:/program files (x86)/cypress/psoc creator/3.3/psoc creator/import/gnu/arm/4.9.3/bin/../lib/gcc/arm-none-eabi/4.9.3/armv6-m/crtend.o
LOAD c:/program files (x86)/cypress/psoc creator/3.3/psoc creator/import/gnu/arm/4.9.3/bin/../lib/gcc/arm-none-eabi/4.9.3/armv6-m/crtn.o
START GROUP
LOAD c:/program files (x86)/cypress/psoc creator/3.3/psoc creator/import/gnu/arm/4.9.3/bin/../lib/gcc/arm-none-eabi/4.9.3/armv6-m\libgcc.a
LOAD c:/program files (x86)/cypress/psoc creator/3.3/psoc creator/import/gnu/arm/4.9.3/bin/../lib/gcc/arm-none-eabi/4.9.3/../../../../arm-none-eabi/lib/armv6-m\libc.a
LOAD c:/program files (x86)/cypress/psoc creator/3.3/psoc creator/import/gnu/arm/4.9.3/bin/../lib/gcc/arm-none-eabi/4.9.3/../../../../arm-none-eabi/lib/armv6-m\libnosys.a
END GROUP
                0x00000000                CY_APPL_ORIGIN = 0x0
                0x00000080                CY_FLASH_ROW_SIZE = 0x80
                0x00000001                CY_APPL_NUM = 0x1
                0x00000001                CY_APPL_MAX = 0x1
                0x00000040                CY_METADATA_SIZE = 0x40
                0x00000000                CY_APPL_LOADABLE = 0x0
                0x00000000                CY_CHECKSUM_EXCLUDE_SIZE = ALIGN (0x0, CY_FLASH_ROW_SIZE)
                0x00000000                CY_APP_FOR_STACK_AND_COPIER = 0x0
                0x20000308                PROVIDE (__cy_heap_start, _end)
                0x00000001                PROVIDE (__cy_region_num, ((__cy_regions_end - __cy_regions) / 0x10))
                0x20004000                PROVIDE (__cy_stack, (ORIGIN (ram) + 0x4000))
                0x20003c00                PROVIDE (__cy_heap_end, (__cy_stack - 0x400))

.cybootloader   0x00000000        0x0
 *(.cybootloader)
                0x00000000                appl1_start = CY_APPL_ORIGIN?CY_APPL_ORIGIN:ALIGN (CY_FLASH_ROW_SIZE)
                0x0000ff80                appl2_start = (appl1_start + ALIGN ((((0x20000 - appl1_start) - (0x2 * CY_FLASH_ROW_SIZE)) / 0x2), CY_FLASH_ROW_SIZE))
                0x00000000                appl_start = (CY_APPL_NUM == 0x1)?appl1_start:appl2_start
                0x00000001                cy_project_type_bootloader = (appl_start == 0x0)?0x1:0x0
                0x00000000                cy_project_type_app_for_stack_and_copier = (CY_APP_FOR_STACK_AND_COPIER == 0x1)?0x1:0x0

.text           0x00000000     0x3968
 CREATE_OBJECT_SYMBOLS
                0x00000000                PROVIDE (__cy_interrupt_vector, RomVectors)
 *(.romvectors)
 .romvectors    0x00000000       0x10 .\CortexM0\ARM_GCC_493\Debug\Cm0Start.o
                0x00000000                RomVectors
                0x00000001                ASSERT ((. != __cy_interrupt_vector), No interrupt vector)
                0x00000001                ASSERT (CY_APPL_ORIGIN?(SIZEOF (.cybootloader) <= CY_APPL_ORIGIN):0x1, Wrong image location)
                0x00000010                PROVIDE (__cy_reset, Reset)
 *(.text.Reset)
 .text.Reset    0x00000010        0x8 .\CortexM0\ARM_GCC_493\Debug\Cm0Start.o
                0x00000010                Reset
                0x00000001                ASSERT ((. != __cy_reset), No reset code)
 *(.psocinit)
 .psocinit      0x00000018      0x2b4 .\CortexM0\ARM_GCC_493\Debug\ADC_filtre_samlet_grader.a(cyfitter_cfg.o)
                0x00000118                cyfitter_cfg
                0x000002cc                . = MAX (., 0x100)
 *(.text .text.* .gnu.linkonce.t.*)
 .text          0x000002cc       0x60 c:/program files (x86)/cypress/psoc creator/3.3/psoc creator/import/gnu/arm/4.9.3/bin/../lib/gcc/arm-none-eabi/4.9.3/armv6-m/crtbegin.o
 .text.floor_and_convert
                0x0000032c       0x5c .\CortexM0\ARM_GCC_493\Debug\main.o
                0x0000032c                floor_and_convert
 .text.mavg_filter
                0x00000388      0x104 .\CortexM0\ARM_GCC_493\Debug\main.o
                0x00000388                mavg_filter
 .text.mavg_filter2
                0x0000048c      0x10c .\CortexM0\ARM_GCC_493\Debug\main.o
                0x0000048c                mavg_filter2
 .text.low_pass_filter
                0x00000598      0x124 .\CortexM0\ARM_GCC_493\Debug\main.o
                0x00000598                low_pass_filter
 .text.roed_grader
                0x000006bc      0x11c .\CortexM0\ARM_GCC_493\Debug\main.o
                0x000006bc                roed_grader
 .text.groen_grader
                0x000007d8      0x11c .\CortexM0\ARM_GCC_493\Debug\main.o
                0x000007d8                groen_grader
 .text.differentiator
                0x000008f4       0x9c .\CortexM0\ARM_GCC_493\Debug\main.o
                0x000008f4                differentiator
 .text.ADC_interrupt
                0x00000990      0x148 .\CortexM0\ARM_GCC_493\Debug\main.o
                0x00000990                ADC_interrupt
 .text.Pin_SW2_handler
                0x00000ad8       0x4c .\CortexM0\ARM_GCC_493\Debug\main.o
                0x00000ad8                Pin_SW2_handler
 .text.Timer_interrupt
                0x00000b24       0x18 .\CortexM0\ARM_GCC_493\Debug\main.o
                0x00000b24                Timer_interrupt
 .text.main     0x00000b3c       0x5c .\CortexM0\ARM_GCC_493\Debug\main.o
                0x00000b3c                main
 .text.IntDefaultHandler
                0x00000b98        0x8 .\CortexM0\ARM_GCC_493\Debug\Cm0Start.o
                0x00000b98                IntDefaultHandler
 .text.Start_c  0x00000ba0       0x98 .\CortexM0\ARM_GCC_493\Debug\Cm0Start.o
                0x00000ba0                Start_c
 .text.initialize_psoc
                0x00000c38       0x70 .\CortexM0\ARM_GCC_493\Debug\Cm0Start.o
                0x00000c38                initialize_psoc
 .text.CYMEMZERO
                0x00000ca8       0x20 .\CortexM0\ARM_GCC_493\Debug\ADC_filtre_samlet_grader.a(cyfitter_cfg.o)
 .text.cfg_write_bytes32
                0x00000cc8       0x80 .\CortexM0\ARM_GCC_493\Debug\ADC_filtre_samlet_grader.a(cyfitter_cfg.o)
 .text.AnalogSetDefault
                0x00000d48       0x48 .\CortexM0\ARM_GCC_493\Debug\ADC_filtre_samlet_grader.a(cyfitter_cfg.o)
 .text.UART_Init
                0x00000d90        0xc .\CortexM0\ARM_GCC_493\Debug\ADC_filtre_samlet_grader.a(UART.o)
                0x00000d90                UART_Init
 .text.UART_Enable
                0x00000d9c       0x24 .\CortexM0\ARM_GCC_493\Debug\ADC_filtre_samlet_grader.a(UART.o)
                0x00000d9c                UART_Enable
 .text.UART_Start
                0x00000dc0       0x24 .\CortexM0\ARM_GCC_493\Debug\ADC_filtre_samlet_grader.a(UART.o)
                0x00000dc0                UART_Start
 .text.UART_ScbEnableIntr
                0x00000de4        0x8 .\CortexM0\ARM_GCC_493\Debug\ADC_filtre_samlet_grader.a(UART.o)
 .text.UART_ScbModePostEnable
                0x00000dec        0xc .\CortexM0\ARM_GCC_493\Debug\ADC_filtre_samlet_grader.a(UART.o)
 .text.UART_SpiUartWriteTxData
                0x00000df8       0x2c .\CortexM0\ARM_GCC_493\Debug\ADC_filtre_samlet_grader.a(UART_SPI_UART.o)
                0x00000df8                UART_SpiUartWriteTxData
 .text.UART_UartInit
                0x00000e24       0xb0 .\CortexM0\ARM_GCC_493\Debug\ADC_filtre_samlet_grader.a(UART_UART.o)
                0x00000e24                UART_UartInit
 .text.UART_UartPostEnable
                0x00000ed4       0x24 .\CortexM0\ARM_GCC_493\Debug\ADC_filtre_samlet_grader.a(UART_UART.o)
                0x00000ed4                UART_UartPostEnable
 .text.ADC_Start
                0x00000ef8       0x24 .\CortexM0\ARM_GCC_493\Debug\ADC_filtre_samlet_grader.a(ADC.o)
                0x00000ef8                ADC_Start
 .text.ADC_Init
                0x00000f1c      0x20c .\CortexM0\ARM_GCC_493\Debug\ADC_filtre_samlet_grader.a(ADC.o)
                0x00000f1c                ADC_Init
 .text.ADC_Enable
                0x00001128       0x38 .\CortexM0\ARM_GCC_493\Debug\ADC_filtre_samlet_grader.a(ADC.o)
                0x00001128                ADC_Enable
 .text.ADC_StartConvert
                0x00001160       0x1c .\CortexM0\ARM_GCC_493\Debug\ADC_filtre_samlet_grader.a(ADC.o)
                0x00001160                ADC_StartConvert
 .text.ADC_StopConvert
                0x0000117c       0x1c .\CortexM0\ARM_GCC_493\Debug\ADC_filtre_samlet_grader.a(ADC.o)
                0x0000117c                ADC_StopConvert
 .text.ADC_GetResult16
                0x00001198       0x44 .\CortexM0\ARM_GCC_493\Debug\ADC_filtre_samlet_grader.a(ADC.o)
                0x00001198                ADC_GetResult16
 .text.ADC_ISR  0x000011dc       0x1c .\CortexM0\ARM_GCC_493\Debug\ADC_filtre_samlet_grader.a(ADC_INT.o)
                0x000011dc                ADC_ISR
 .text.ADC_ISR_StartEx
                0x000011f8       0x24 .\CortexM0\ARM_GCC_493\Debug\ADC_filtre_samlet_grader.a(ADC_ISR.o)
                0x000011f8                ADC_ISR_StartEx
 .text.ADC_ISR_SetVector
                0x0000121c       0x18 .\CortexM0\ARM_GCC_493\Debug\ADC_filtre_samlet_grader.a(ADC_ISR.o)
                0x0000121c                ADC_ISR_SetVector
 .text.ADC_ISR_SetPriority
                0x00001234       0x50 .\CortexM0\ARM_GCC_493\Debug\ADC_filtre_samlet_grader.a(ADC_ISR.o)
                0x00001234                ADC_ISR_SetPriority
 .text.ADC_ISR_Enable
                0x00001284       0x14 .\CortexM0\ARM_GCC_493\Debug\ADC_filtre_samlet_grader.a(ADC_ISR.o)
                0x00001284                ADC_ISR_Enable
 .text.ADC_ISR_Disable
                0x00001298       0x14 .\CortexM0\ARM_GCC_493\Debug\ADC_filtre_samlet_grader.a(ADC_ISR.o)
                0x00001298                ADC_ISR_Disable
 .text.ADC_IRQ_Enable
                0x000012ac       0x14 .\CortexM0\ARM_GCC_493\Debug\ADC_filtre_samlet_grader.a(ADC_IRQ.o)
                0x000012ac                ADC_IRQ_Enable
 .text          0x000012c0       0x20 .\CortexM0\ARM_GCC_493\Debug\ADC_filtre_samlet_grader.a(CyBootAsmGnu.o)
                0x000012c0                CyDelayCycles
                0x000012d2                CyEnterCriticalSection
                0x000012da                CyExitCriticalSection
 .text.CySysClkWriteImoFreq
                0x000012e0       0x98 .\CortexM0\ARM_GCC_493\Debug\ADC_filtre_samlet_grader.a(CyLib.o)
                0x000012e0                CySysClkWriteImoFreq
 .text.CySysClkEcoStart
                0x00001378       0x74 .\CortexM0\ARM_GCC_493\Debug\ADC_filtre_samlet_grader.a(CyLib.o)
                0x00001378                CySysClkEcoStart
 .text.CySysClkEcoReadStatus
                0x000013ec       0x20 .\CortexM0\ARM_GCC_493\Debug\ADC_filtre_samlet_grader.a(CyLib.o)
                0x000013ec                CySysClkEcoReadStatus
 .text.CyIntSetVector
                0x0000140c       0x4c .\CortexM0\ARM_GCC_493\Debug\ADC_filtre_samlet_grader.a(CyLib.o)
                0x0000140c                CyIntSetVector
 .text.CyIntSetPriority
                0x00001458       0xa8 .\CortexM0\ARM_GCC_493\Debug\ADC_filtre_samlet_grader.a(CyLib.o)
                0x00001458                CyIntSetPriority
 .text.CyHalt   0x00001500       0x14 .\CortexM0\ARM_GCC_493\Debug\ADC_filtre_samlet_grader.a(CyLib.o)
                0x00001500                CyHalt
 .text.CyDelayUs
                0x00001514       0x28 .\CortexM0\ARM_GCC_493\Debug\ADC_filtre_samlet_grader.a(CyLib.o)
                0x00001514                CyDelayUs
 .text.CySysPmSleep
                0x0000153c       0x34 .\CortexM0\ARM_GCC_493\Debug\ADC_filtre_samlet_grader.a(cyPm.o)
                0x0000153c                CySysPmSleep
 .text.CySysClkWcoSetHighPowerMode
                0x00001570       0x48 .\CortexM0\ARM_GCC_493\Debug\ADC_filtre_samlet_grader.a(CyLFClk.o)
 .text.CySysClkWcoSetLowPowerMode
                0x000015b8       0x48 .\CortexM0\ARM_GCC_493\Debug\ADC_filtre_samlet_grader.a(CyLFClk.o)
 .text.CySysClkWcoStart
                0x00001600       0x20 .\CortexM0\ARM_GCC_493\Debug\ADC_filtre_samlet_grader.a(CyLFClk.o)
                0x00001600                CySysClkWcoStart
 .text.CySysClkWcoSetPowerMode
                0x00001620       0x40 .\CortexM0\ARM_GCC_493\Debug\ADC_filtre_samlet_grader.a(CyLFClk.o)
                0x00001620                CySysClkWcoSetPowerMode
 .text.Pin_SW2_ClearInterrupt
                0x00001660       0x30 .\CortexM0\ARM_GCC_493\Debug\ADC_filtre_samlet_grader.a(Pin_SW2.o)
                0x00001660                Pin_SW2_ClearInterrupt
 .text.pin_SW2_int_StartEx
                0x00001690       0x24 .\CortexM0\ARM_GCC_493\Debug\ADC_filtre_samlet_grader.a(pin_SW2_int.o)
                0x00001690                pin_SW2_int_StartEx
 .text.pin_SW2_int_SetVector
                0x000016b4       0x18 .\CortexM0\ARM_GCC_493\Debug\ADC_filtre_samlet_grader.a(pin_SW2_int.o)
                0x000016b4                pin_SW2_int_SetVector
 .text.pin_SW2_int_SetPriority
                0x000016cc       0x50 .\CortexM0\ARM_GCC_493\Debug\ADC_filtre_samlet_grader.a(pin_SW2_int.o)
                0x000016cc                pin_SW2_int_SetPriority
 .text.pin_SW2_int_Enable
                0x0000171c       0x14 .\CortexM0\ARM_GCC_493\Debug\ADC_filtre_samlet_grader.a(pin_SW2_int.o)
                0x0000171c                pin_SW2_int_Enable
 .text.pin_SW2_int_Disable
                0x00001730       0x14 .\CortexM0\ARM_GCC_493\Debug\ADC_filtre_samlet_grader.a(pin_SW2_int.o)
                0x00001730                pin_SW2_int_Disable
 .text.Pin_Green_Write
                0x00001744       0x4c .\CortexM0\ARM_GCC_493\Debug\ADC_filtre_samlet_grader.a(Pin_Green.o)
                0x00001744                Pin_Green_Write
 .text.Pin_Green_Read
                0x00001790       0x1c .\CortexM0\ARM_GCC_493\Debug\ADC_filtre_samlet_grader.a(Pin_Green.o)
                0x00001790                Pin_Green_Read
 .text.Control_Reg_1_Write
                0x000017ac       0x20 .\CortexM0\ARM_GCC_493\Debug\ADC_filtre_samlet_grader.a(Control_Reg_1.o)
                0x000017ac                Control_Reg_1_Write
 .text.Timer_1_Init
                0x000017cc       0x38 .\CortexM0\ARM_GCC_493\Debug\ADC_filtre_samlet_grader.a(Timer_1.o)
                0x000017cc                Timer_1_Init
 .text.Timer_1_Enable
                0x00001804       0x30 .\CortexM0\ARM_GCC_493\Debug\ADC_filtre_samlet_grader.a(Timer_1.o)
                0x00001804                Timer_1_Enable
 .text.Timer_1_Start
                0x00001834       0x24 .\CortexM0\ARM_GCC_493\Debug\ADC_filtre_samlet_grader.a(Timer_1.o)
                0x00001834                Timer_1_Start
 .text.Timer_1_WriteCounter
                0x00001858       0x1c .\CortexM0\ARM_GCC_493\Debug\ADC_filtre_samlet_grader.a(Timer_1.o)
                0x00001858                Timer_1_WriteCounter
 .text.Timer_1_WritePeriod
                0x00001874       0x1c .\CortexM0\ARM_GCC_493\Debug\ADC_filtre_samlet_grader.a(Timer_1.o)
                0x00001874                Timer_1_WritePeriod
 .text.Timer_1_ReadCapture
                0x00001890       0x18 .\CortexM0\ARM_GCC_493\Debug\ADC_filtre_samlet_grader.a(Timer_1.o)
                0x00001890                Timer_1_ReadCapture
 .text.Timer_1_SetInterruptMode
                0x000018a8       0x18 .\CortexM0\ARM_GCC_493\Debug\ADC_filtre_samlet_grader.a(Timer_1.o)
                0x000018a8                Timer_1_SetInterruptMode
 .text.Timer_ISR_StartEx
                0x000018c0       0x24 .\CortexM0\ARM_GCC_493\Debug\ADC_filtre_samlet_grader.a(Timer_ISR.o)
                0x000018c0                Timer_ISR_StartEx
 .text.Timer_ISR_SetVector
                0x000018e4       0x1c .\CortexM0\ARM_GCC_493\Debug\ADC_filtre_samlet_grader.a(Timer_ISR.o)
                0x000018e4                Timer_ISR_SetVector
 .text.Timer_ISR_SetPriority
                0x00001900       0x50 .\CortexM0\ARM_GCC_493\Debug\ADC_filtre_samlet_grader.a(Timer_ISR.o)
                0x00001900                Timer_ISR_SetPriority
 .text.Timer_ISR_Enable
                0x00001950       0x14 .\CortexM0\ARM_GCC_493\Debug\ADC_filtre_samlet_grader.a(Timer_ISR.o)
                0x00001950                Timer_ISR_Enable
 .text.Timer_ISR_Disable
                0x00001964       0x14 .\CortexM0\ARM_GCC_493\Debug\ADC_filtre_samlet_grader.a(Timer_ISR.o)
                0x00001964                Timer_ISR_Disable
 .text          0x00001978      0x120 c:/program files (x86)/cypress/psoc creator/3.3/psoc creator/import/gnu/arm/4.9.3/bin/../lib/gcc/arm-none-eabi/4.9.3/armv6-m\libgcc.a(_udivsi3.o)
                0x00001978                __aeabi_uidiv
                0x00001978                __udivsi3
                0x00001a84                __aeabi_uidivmod
 .text          0x00001a98      0x1e0 c:/program files (x86)/cypress/psoc creator/3.3/psoc creator/import/gnu/arm/4.9.3/bin/../lib/gcc/arm-none-eabi/4.9.3/armv6-m\libgcc.a(_divsi3.o)
                0x00001a98                __divsi3
                0x00001a98                __aeabi_idiv
                0x00001c64                __aeabi_idivmod
 .text          0x00001c78        0x4 c:/program files (x86)/cypress/psoc creator/3.3/psoc creator/import/gnu/arm/4.9.3/bin/../lib/gcc/arm-none-eabi/4.9.3/armv6-m\libgcc.a(_dvmd_tls.o)
                0x00001c78                __aeabi_idiv0
                0x00001c78                __aeabi_ldiv0
 .text          0x00001c7c       0x7c c:/program files (x86)/cypress/psoc creator/3.3/psoc creator/import/gnu/arm/4.9.3/bin/../lib/gcc/arm-none-eabi/4.9.3/armv6-m\libgcc.a(_arm_cmpdf2.o)
                0x00001c7c                __aeabi_cdrcmple
                0x00001c8c                __aeabi_cdcmple
                0x00001c8c                __aeabi_cdcmpeq
                0x00001c9c                __aeabi_dcmpeq
                0x00001ca8                __aeabi_dcmplt
                0x00001cbc                __aeabi_dcmple
                0x00001cd0                __aeabi_dcmpgt
                0x00001ce4                __aeabi_dcmpge
 .text          0x00001cf8      0x650 c:/program files (x86)/cypress/psoc creator/3.3/psoc creator/import/gnu/arm/4.9.3/bin/../lib/gcc/arm-none-eabi/4.9.3/armv6-m\libgcc.a(adddf3.o)
                0x00001cf8                __aeabi_dadd
 .text          0x00002348      0x648 c:/program files (x86)/cypress/psoc creator/3.3/psoc creator/import/gnu/arm/4.9.3/bin/../lib/gcc/arm-none-eabi/4.9.3/armv6-m\libgcc.a(divdf3.o)
                0x00002348                __aeabi_ddiv
 .text          0x00002990       0x88 c:/program files (x86)/cypress/psoc creator/3.3/psoc creator/import/gnu/arm/4.9.3/bin/../lib/gcc/arm-none-eabi/4.9.3/armv6-m\libgcc.a(eqdf2.o)
                0x00002990                __nedf2
                0x00002990                __eqdf2
 .text          0x00002a18       0xe0 c:/program files (x86)/cypress/psoc creator/3.3/psoc creator/import/gnu/arm/4.9.3/bin/../lib/gcc/arm-none-eabi/4.9.3/armv6-m\libgcc.a(gedf2.o)
                0x00002a18                __gedf2
                0x00002a18                __gtdf2
 .text          0x00002af8       0xcc c:/program files (x86)/cypress/psoc creator/3.3/psoc creator/import/gnu/arm/4.9.3/bin/../lib/gcc/arm-none-eabi/4.9.3/armv6-m\libgcc.a(ledf2.o)
                0x00002af8                __ledf2
                0x00002af8                __ltdf2
 .text          0x00002bc4      0x534 c:/program files (x86)/cypress/psoc creator/3.3/psoc creator/import/gnu/arm/4.9.3/bin/../lib/gcc/arm-none-eabi/4.9.3/armv6-m\libgcc.a(muldf3.o)
                0x00002bc4                __aeabi_dmul
 .text          0x000030f8      0x6f4 c:/program files (x86)/cypress/psoc creator/3.3/psoc creator/import/gnu/arm/4.9.3/bin/../lib/gcc/arm-none-eabi/4.9.3/armv6-m\libgcc.a(subdf3.o)
                0x000030f8                __aeabi_dsub
 .text          0x000037ec       0x6c c:/program files (x86)/cypress/psoc creator/3.3/psoc creator/import/gnu/arm/4.9.3/bin/../lib/gcc/arm-none-eabi/4.9.3/armv6-m\libgcc.a(fixdfsi.o)
                0x000037ec                __aeabi_d2iz
 .text          0x00003858       0x78 c:/program files (x86)/cypress/psoc creator/3.3/psoc creator/import/gnu/arm/4.9.3/bin/../lib/gcc/arm-none-eabi/4.9.3/armv6-m\libgcc.a(floatsidf.o)
                0x00003858                __aeabi_i2d
 .text          0x000038d0       0x3c c:/program files (x86)/cypress/psoc creator/3.3/psoc creator/import/gnu/arm/4.9.3/bin/../lib/gcc/arm-none-eabi/4.9.3/armv6-m\libgcc.a(_clzsi2.o)
                0x000038d0                __clzsi2
 .text.__libc_init_array
                0x0000390c       0x4c c:/program files (x86)/cypress/psoc creator/3.3/psoc creator/import/gnu/arm/4.9.3/bin/../lib/gcc/arm-none-eabi/4.9.3/../../../../arm-none-eabi/lib/armv6-m\libg_nano.a(lib_a-init.o)
                0x0000390c                __libc_init_array
 .text.memset   0x00003958       0x10 c:/program files (x86)/cypress/psoc creator/3.3/psoc creator/import/gnu/arm/4.9.3/bin/../lib/gcc/arm-none-eabi/4.9.3/../../../../arm-none-eabi/lib/armv6-m\libg_nano.a(lib_a-memset.o)
                0x00003958                memset
 *(.plt)
 *(.gnu.warning)
 *(.glue_7t)
 .glue_7t       0x00000000        0x0 linker stubs
 *(.glue_7)
 .glue_7        0x00000000        0x0 linker stubs
 *(.vfp11_veneer)
 .vfp11_veneer  0x00000000        0x0 linker stubs
 *(.bootloader)
 *(.ARM.extab* .gnu.linkonce.armextab.*)
 *(.gcc_except_table)

.v4_bx          0x00003968        0x0
 .v4_bx         0x00000000        0x0 linker stubs

.iplt           0x00003968        0x0
 .iplt          0x00000000        0x0 c:/program files (x86)/cypress/psoc creator/3.3/psoc creator/import/gnu/arm/4.9.3/bin/../lib/gcc/arm-none-eabi/4.9.3/armv6-m/crtbegin.o

.eh_frame_hdr
 *(.eh_frame_hdr)

.eh_frame       0x00003968        0x4
 *(.eh_frame)
 .eh_frame      0x00003968        0x0 c:/program files (x86)/cypress/psoc creator/3.3/psoc creator/import/gnu/arm/4.9.3/bin/../lib/gcc/arm-none-eabi/4.9.3/armv6-m/crtbegin.o
 .eh_frame      0x00003968        0x4 c:/program files (x86)/cypress/psoc creator/3.3/psoc creator/import/gnu/arm/4.9.3/bin/../lib/gcc/arm-none-eabi/4.9.3/armv6-m/crtend.o
                0x0000396c                PROVIDE (__exidx_start, .)

.ARM.exidx
 *(.ARM.exidx* .gnu.linkonce.armexidx.*)
                0x0000396c                __exidx_end = .

.rodata         0x0000396c      0x13c
 *(.rodata .rodata.* .gnu.linkonce.r.*)
 .rodata        0x0000396c       0x44 .\CortexM0\ARM_GCC_493\Debug\ADC_filtre_samlet_grader.a(cyfitter_cfg.o)
 .rodata        0x000039b0       0x10 .\CortexM0\ARM_GCC_493\Debug\ADC_filtre_samlet_grader.a(ADC.o)
 .rodata        0x000039c0       0x30 .\CortexM0\ARM_GCC_493\Debug\ADC_filtre_samlet_grader.a(CyLib.o)
                0x000039c0                cyImoFreqMhz2Reg
 .rodata        0x000039f0       0x40 c:/program files (x86)/cypress/psoc creator/3.3/psoc creator/import/gnu/arm/4.9.3/bin/../lib/gcc/arm-none-eabi/4.9.3/armv6-m\libgcc.a(divdf3.o)
 .rodata        0x00003a30       0x40 c:/program files (x86)/cypress/psoc creator/3.3/psoc creator/import/gnu/arm/4.9.3/bin/../lib/gcc/arm-none-eabi/4.9.3/armv6-m\libgcc.a(muldf3.o)
                0x00003a70                . = ALIGN (0x4)
 *(.init)
 .init          0x00003a70        0x4 c:/program files (x86)/cypress/psoc creator/3.3/psoc creator/import/gnu/arm/4.9.3/bin/../lib/gcc/arm-none-eabi/4.9.3/armv6-m/crti.o
                0x00003a70                _init
 .init          0x00003a74        0x8 c:/program files (x86)/cypress/psoc creator/3.3/psoc creator/import/gnu/arm/4.9.3/bin/../lib/gcc/arm-none-eabi/4.9.3/armv6-m/crtn.o
                0x00003a7c                . = ALIGN (0x4)
                0x00003a7c                __preinit_array_start = .
 *(.preinit_array)
                0x00003a7c                __preinit_array_end = .
                0x00003a7c                . = ALIGN (0x4)
                0x00003a7c                __init_array_start = .
 *(SORT(.init_array.*))
 *(.init_array)
 .init_array    0x00003a7c        0x4 c:/program files (x86)/cypress/psoc creator/3.3/psoc creator/import/gnu/arm/4.9.3/bin/../lib/gcc/arm-none-eabi/4.9.3/armv6-m/crtbegin.o
 .init_array    0x00003a80        0x4 .\CortexM0\ARM_GCC_493\Debug\Cm0Start.o
                0x00003a84                __init_array_end = .
                0x00003a84                . = ALIGN (0x4)
 *(.fini)
 .fini          0x00003a84        0x4 c:/program files (x86)/cypress/psoc creator/3.3/psoc creator/import/gnu/arm/4.9.3/bin/../lib/gcc/arm-none-eabi/4.9.3/armv6-m/crti.o
                0x00003a84                _fini
 .fini          0x00003a88        0x8 c:/program files (x86)/cypress/psoc creator/3.3/psoc creator/import/gnu/arm/4.9.3/bin/../lib/gcc/arm-none-eabi/4.9.3/armv6-m/crtn.o
                0x00003a90                . = ALIGN (0x4)
                0x00003a90                __fini_array_start = .
 *(.fini_array)
 .fini_array    0x00003a90        0x4 c:/program files (x86)/cypress/psoc creator/3.3/psoc creator/import/gnu/arm/4.9.3/bin/../lib/gcc/arm-none-eabi/4.9.3/armv6-m/crtbegin.o
 *(SORT(.fini_array.*))
                0x00003a94                __fini_array_end = .
                0x00003a94                . = ALIGN (0x4)
 *crtbegin.o(.ctors)
 *(EXCLUDE_FILE(*crtend.o) .ctors)
 *(SORT(.ctors.*))
 *crtend.o(.ctors)
                0x00003a94                . = ALIGN (0x4)
 *crtbegin.o(.dtors)
 *(EXCLUDE_FILE(*crtend.o) .dtors)
 *(SORT(.dtors.*))
 *crtend.o(.dtors)
                0x00003a94                . = ALIGN (0x4)
                0x00003a94                __cy_regions = .
                0x00003a94        0x4 LONG 0x3aa8 __cy_region_init_ram
                0x00003a98        0x4 LONG 0x200000c8 __cy_region_start_data
                0x00003a9c        0x4 LONG 0xf0 __cy_region_init_size_ram
                0x00003aa0        0x4 LONG 0x150 __cy_region_zero_size_ram
                0x00003aa4                __cy_regions_end = .
                0x00003aa8                . = ALIGN (0x8)
 *fill*         0x00003aa4        0x4 
                0x00003aa8                _etext = .

.cy_checksum_exclude
                0x00003aa8        0x0
 *(.cy_checksum_exclude)

.ramvectors     0x20000000       0xc0
                0x20000000                __cy_region_start_ram = .
 *(.ramvectors)
 .ramvectors    0x20000000       0xc0 .\CortexM0\ARM_GCC_493\Debug\Cm0Start.o
                0x20000000                CyRamVectors

.noinit         0x200000c0        0x4
 *(.noinit)
 .noinit        0x200000c0        0x4 .\CortexM0\ARM_GCC_493\Debug\Cm0Start.o

.data           0x200000c8       0xf0 load address 0x00003aa8
                0x200000c8                __cy_region_start_data = .
 *(.jcr)
 .jcr           0x200000c8        0x0 c:/program files (x86)/cypress/psoc creator/3.3/psoc creator/import/gnu/arm/4.9.3/bin/../lib/gcc/arm-none-eabi/4.9.3/armv6-m/crtbegin.o
 .jcr           0x200000c8        0x4 c:/program files (x86)/cypress/psoc creator/3.3/psoc creator/import/gnu/arm/4.9.3/bin/../lib/gcc/arm-none-eabi/4.9.3/armv6-m/crtend.o
 *(.got.plt)
 *(.got)
 *(.shdata)
 *(.data .data.* .gnu.linkonce.d.*)
 *fill*         0x200000cc        0x4 
 .data          0x200000d0       0xd8 .\CortexM0\ARM_GCC_493\Debug\main.o
                0x200000d0                b_mavg
                0x20000120                b2_mavg
                0x20000170                b_low
                0x20000188                a_low
                0x200001a0                FirstCall
 .data          0x200001a8       0x10 .\CortexM0\ARM_GCC_493\Debug\ADC_filtre_samlet_grader.a(CyLib.o)
                0x200001a8                cydelayFreqHz
                0x200001ac                cydelayFreqKhz
                0x200001b0                cydelayFreqMhz
                0x200001b4                cydelay32kMs
                0x200001b8                . = ALIGN (0x8)
 *(.ram)
                0x200001b8                _edata = .

.igot.plt       0x200001b8        0x0 load address 0x00003b98
 .igot.plt      0x00000000        0x0 c:/program files (x86)/cypress/psoc creator/3.3/psoc creator/import/gnu/arm/4.9.3/bin/../lib/gcc/arm-none-eabi/4.9.3/armv6-m/crtbegin.o

.bss            0x200001b8      0x150 load address 0x00003b98
                0x200001b8                PROVIDE (__bss_start__, .)
 *(.shbss)
 *(.bss .bss.* .gnu.linkonce.b.*)
 .bss           0x200001b8       0x1c c:/program files (x86)/cypress/psoc creator/3.3/psoc creator/import/gnu/arm/4.9.3/bin/../lib/gcc/arm-none-eabi/4.9.3/armv6-m/crtbegin.o
 *fill*         0x200001d4        0x4 
 .bss           0x200001d8      0x100 .\CortexM0\ARM_GCC_493\Debug\main.o
                0x200001d8                x_mavg
                0x20000228                y_mavg
                0x20000230                x2_mavg
                0x20000280                y2_mavg
                0x20000288                x_low
                0x200002a0                y_low
                0x200002b8                current_byte
                0x200002bc                value_out
                0x200002c0                i
                0x200002c2                j
                0x200002c4                k
                0x200002c6                counter
                0x200002c8                accroed
                0x200002ca                accgroen
                0x200002cc                EMG
                0x200002d0                result
                0x200002d6                data_ready
 .bss           0x200002d8        0x1 .\CortexM0\ARM_GCC_493\Debug\ADC_filtre_samlet_grader.a(UART.o)
                0x200002d8                UART_initVar
 .bss           0x200002d9        0x1 .\CortexM0\ARM_GCC_493\Debug\ADC_filtre_samlet_grader.a(ADC.o)
                0x200002d9                ADC_initVar
 .bss           0x200002da        0x1 .\CortexM0\ARM_GCC_493\Debug\ADC_filtre_samlet_grader.a(Timer_1.o)
                0x200002da                Timer_1_initVar
 *(COMMON)
 *fill*         0x200002db        0x1 
 COMMON         0x200002dc       0x14 .\CortexM0\ARM_GCC_493\Debug\main.o
                0x200002dc                samlet_grader
                0x200002de                grader_roed
                0x200002e0                value_in
                0x200002e2                old
                0x200002e4                low_pass_data
                0x200002e6                mav_data_roed
                0x200002e8                diff_data
                0x200002ea                grader_groen
                0x200002ec                diff
                0x200002ee                mav_data_groen
 COMMON         0x200002f0       0x12 .\CortexM0\ARM_GCC_493\Debug\ADC_filtre_samlet_grader.a(ADC.o)
                0x200002f0                ADC_countsPer10Volt
                0x200002fc                ADC_offset
                0x20000308                . = ALIGN (0x8)
 *fill*         0x20000302        0x6 
 *(.ram.b)
                0x20000308                _end = .
                0x20000308                __end = .
                0x20000308                PROVIDE (end, .)
                0x20000308                PROVIDE (__bss_end__, .)
                0x00003aa8                __cy_region_init_ram = LOADADDR (.data)
                0x000000f0                __cy_region_init_size_ram = (_edata - ADDR (.data))
                0x00000150                __cy_region_zero_size_ram = (_end - _edata)

.heap           0x20000308      0x100 load address 0x00003b98
                0x20000308                . = _end
                0x20000408                . = (. + 0x100)
 *fill*         0x20000308      0x100 
                0x20000408                __cy_heap_limit = .

.stack          0x20003c00      0x400
                0x20003c00                __cy_stack_limit = .
                0x20004000                . = (. + 0x400)
 *fill*         0x20003c00      0x400 
                0x00000001                ASSERT ((__cy_stack_limit >= __cy_heap_limit), region RAM overflowed with stack)
                0x00000000                cy_checksum_exclude_size = (CY_APPL_LOADABLE == 0x1)?SIZEOF (.cy_checksum_exclude):0x0
                0x00000001                ASSERT ((cy_checksum_exclude_size <= CY_CHECKSUM_EXCLUDE_SIZE), CY_BOOT: Section .cy_checksum_exclude size exceedes specified limit.)
                0x0001ffc0                cyloadermeta_start = (cy_project_type_bootloader || cy_project_type_app_for_stack_and_copier)?(0x20000 - CY_METADATA_SIZE):0xf0000000

.cyloadermeta
 *(.cyloadermeta)
                0x0001ffc0                cyloadablemeta_start = cy_project_type_app_for_stack_and_copier?((0x20000 - CY_FLASH_ROW_SIZE) - CY_METADATA_SIZE):((0x20000 - (CY_FLASH_ROW_SIZE * (CY_APPL_NUM - 0x1))) - CY_METADATA_SIZE)

.cyloadablemeta
 *(.cyloadablemeta)

.cyflashprotect
                0x90400000       0x80
 *(.cyflashprotect)
 .cyflashprotect
                0x90400000       0x80 .\CortexM0\ARM_GCC_493\Debug\cymetadata.o
                0x90400000                cy_meta_flashprotect

.cymeta         0x90500000        0xc
 *(.cymeta)
 .cymeta        0x90500000        0xc .\CortexM0\ARM_GCC_493\Debug\cymetadata.o
                0x90500000                cy_metadata

.cychipprotect  0x90600000        0x4
 *(.cychipprotect)
 .cychipprotect
                0x90600000        0x4 .\CortexM0\ARM_GCC_493\Debug\cymetadata.o
                0x90600000                cy_meta_chipprotect

.rel.dyn        0x00003b98        0x0 load address 0x90600004
 .rel.iplt      0x00000000        0x0 c:/program files (x86)/cypress/psoc creator/3.3/psoc creator/import/gnu/arm/4.9.3/bin/../lib/gcc/arm-none-eabi/4.9.3/armv6-m/crtbegin.o

.stab
 *(.stab)

.stabstr
 *(.stabstr)

.debug
 *(.debug)

.line
 *(.line)

.debug_srcinfo
 *(.debug_srcinfo)

.debug_sfnames
 *(.debug_sfnames)

.debug_aranges  0x00000000      0xac0
 *(.debug_aranges)
 .debug_aranges
                0x00000000       0x70 .\CortexM0\ARM_GCC_493\Debug\main.o
 .debug_aranges
                0x00000070       0x18 .\CortexM0\ARM_GCC_493\Debug\cymetadata.o
 .debug_aranges
                0x00000088       0x48 .\CortexM0\ARM_GCC_493\Debug\Cm0Start.o
 .debug_aranges
                0x000000d0       0x50 .\CortexM0\ARM_GCC_493\Debug\ADC_filtre_samlet_grader.a(cyfitter_cfg.o)
 .debug_aranges
                0x00000120       0x60 .\CortexM0\ARM_GCC_493\Debug\ADC_filtre_samlet_grader.a(UART.o)
 .debug_aranges
                0x00000180       0x60 .\CortexM0\ARM_GCC_493\Debug\ADC_filtre_samlet_grader.a(UART_SPI_UART.o)
 .debug_aranges
                0x000001e0       0x88 .\CortexM0\ARM_GCC_493\Debug\ADC_filtre_samlet_grader.a(UART_UART.o)
 .debug_aranges
                0x00000268       0xa8 .\CortexM0\ARM_GCC_493\Debug\ADC_filtre_samlet_grader.a(ADC.o)
 .debug_aranges
                0x00000310       0x20 .\CortexM0\ARM_GCC_493\Debug\ADC_filtre_samlet_grader.a(ADC_INT.o)
 .debug_aranges
                0x00000330       0x80 .\CortexM0\ARM_GCC_493\Debug\ADC_filtre_samlet_grader.a(ADC_ISR.o)
 .debug_aranges
                0x000003b0       0x80 .\CortexM0\ARM_GCC_493\Debug\ADC_filtre_samlet_grader.a(ADC_IRQ.o)
 .debug_aranges
                0x00000430       0x20 .\CortexM0\ARM_GCC_493\Debug\ADC_filtre_samlet_grader.a(CyBootAsmGnu.o)
 .debug_aranges
                0x00000450      0x1a0 .\CortexM0\ARM_GCC_493\Debug\ADC_filtre_samlet_grader.a(CyLib.o)
 .debug_aranges
                0x000005f0       0x60 .\CortexM0\ARM_GCC_493\Debug\ADC_filtre_samlet_grader.a(cyPm.o)
 .debug_aranges
                0x00000650      0x160 .\CortexM0\ARM_GCC_493\Debug\ADC_filtre_samlet_grader.a(CyLFClk.o)
 .debug_aranges
                0x000007b0       0x48 .\CortexM0\ARM_GCC_493\Debug\ADC_filtre_samlet_grader.a(Pin_SW2.o)
 .debug_aranges
                0x000007f8       0x80 .\CortexM0\ARM_GCC_493\Debug\ADC_filtre_samlet_grader.a(pin_SW2_int.o)
 .debug_aranges
                0x00000878       0x48 .\CortexM0\ARM_GCC_493\Debug\ADC_filtre_samlet_grader.a(Pin_Green.o)
 .debug_aranges
                0x000008c0       0x28 .\CortexM0\ARM_GCC_493\Debug\ADC_filtre_samlet_grader.a(Control_Reg_1.o)
 .debug_aranges
                0x000008e8      0x158 .\CortexM0\ARM_GCC_493\Debug\ADC_filtre_samlet_grader.a(Timer_1.o)
 .debug_aranges
                0x00000a40       0x80 .\CortexM0\ARM_GCC_493\Debug\ADC_filtre_samlet_grader.a(Timer_ISR.o)

.debug_pubnames
 *(.debug_pubnames)

.debug_info     0x00000000     0x401f
 *(.debug_info .gnu.linkonce.wi.*)
 .debug_info    0x00000000      0x473 .\CortexM0\ARM_GCC_493\Debug\main.o
 .debug_info    0x00000473       0xfe .\CortexM0\ARM_GCC_493\Debug\cymetadata.o
 .debug_info    0x00000571      0x302 .\CortexM0\ARM_GCC_493\Debug\Cm0Start.o
 .debug_info    0x00000873      0x357 .\CortexM0\ARM_GCC_493\Debug\ADC_filtre_samlet_grader.a(cyfitter_cfg.o)
 .debug_info    0x00000bca      0x1a6 .\CortexM0\ARM_GCC_493\Debug\ADC_filtre_samlet_grader.a(UART.o)
 .debug_info    0x00000d70      0x20f .\CortexM0\ARM_GCC_493\Debug\ADC_filtre_samlet_grader.a(UART_SPI_UART.o)
 .debug_info    0x00000f7f      0x2ba .\CortexM0\ARM_GCC_493\Debug\ADC_filtre_samlet_grader.a(UART_UART.o)
 .debug_info    0x00001239      0x4a1 .\CortexM0\ARM_GCC_493\Debug\ADC_filtre_samlet_grader.a(ADC.o)
 .debug_info    0x000016da       0xc5 .\CortexM0\ARM_GCC_493\Debug\ADC_filtre_samlet_grader.a(ADC_INT.o)
 .debug_info    0x0000179f      0x246 .\CortexM0\ARM_GCC_493\Debug\ADC_filtre_samlet_grader.a(ADC_ISR.o)
 .debug_info    0x000019e5      0x246 .\CortexM0\ARM_GCC_493\Debug\ADC_filtre_samlet_grader.a(ADC_IRQ.o)
 .debug_info    0x00001c2b       0x86 .\CortexM0\ARM_GCC_493\Debug\ADC_filtre_samlet_grader.a(CyBootAsmGnu.o)
 .debug_info    0x00001cb1      0x985 .\CortexM0\ARM_GCC_493\Debug\ADC_filtre_samlet_grader.a(CyLib.o)
 .debug_info    0x00002636      0x211 .\CortexM0\ARM_GCC_493\Debug\ADC_filtre_samlet_grader.a(cyPm.o)
 .debug_info    0x00002847      0x84d .\CortexM0\ARM_GCC_493\Debug\ADC_filtre_samlet_grader.a(CyLFClk.o)
 .debug_info    0x00003094      0x19a .\CortexM0\ARM_GCC_493\Debug\ADC_filtre_samlet_grader.a(Pin_SW2.o)
 .debug_info    0x0000322e      0x246 .\CortexM0\ARM_GCC_493\Debug\ADC_filtre_samlet_grader.a(pin_SW2_int.o)
 .debug_info    0x00003474      0x19a .\CortexM0\ARM_GCC_493\Debug\ADC_filtre_samlet_grader.a(Pin_Green.o)
 .debug_info    0x0000360e       0xd7 .\CortexM0\ARM_GCC_493\Debug\ADC_filtre_samlet_grader.a(Control_Reg_1.o)
 .debug_info    0x000036e5      0x6f4 .\CortexM0\ARM_GCC_493\Debug\ADC_filtre_samlet_grader.a(Timer_1.o)
 .debug_info    0x00003dd9      0x246 .\CortexM0\ARM_GCC_493\Debug\ADC_filtre_samlet_grader.a(Timer_ISR.o)

.debug_abbrev   0x00000000     0x169e
 *(.debug_abbrev)
 .debug_abbrev  0x00000000       0xfc .\CortexM0\ARM_GCC_493\Debug\main.o
 .debug_abbrev  0x000000fc       0x5d .\CortexM0\ARM_GCC_493\Debug\cymetadata.o
 .debug_abbrev  0x00000159      0x17c .\CortexM0\ARM_GCC_493\Debug\Cm0Start.o
 .debug_abbrev  0x000002d5      0x18a .\CortexM0\ARM_GCC_493\Debug\ADC_filtre_samlet_grader.a(cyfitter_cfg.o)
 .debug_abbrev  0x0000045f       0xcb .\CortexM0\ARM_GCC_493\Debug\ADC_filtre_samlet_grader.a(UART.o)
 .debug_abbrev  0x0000052a      0x14f .\CortexM0\ARM_GCC_493\Debug\ADC_filtre_samlet_grader.a(UART_SPI_UART.o)
 .debug_abbrev  0x00000679      0x104 .\CortexM0\ARM_GCC_493\Debug\ADC_filtre_samlet_grader.a(UART_UART.o)
 .debug_abbrev  0x0000077d      0x163 .\CortexM0\ARM_GCC_493\Debug\ADC_filtre_samlet_grader.a(ADC.o)
 .debug_abbrev  0x000008e0       0x65 .\CortexM0\ARM_GCC_493\Debug\ADC_filtre_samlet_grader.a(ADC_INT.o)
 .debug_abbrev  0x00000945      0x16a .\CortexM0\ARM_GCC_493\Debug\ADC_filtre_samlet_grader.a(ADC_ISR.o)
 .debug_abbrev  0x00000aaf      0x16a .\CortexM0\ARM_GCC_493\Debug\ADC_filtre_samlet_grader.a(ADC_IRQ.o)
 .debug_abbrev  0x00000c19       0x14 .\CortexM0\ARM_GCC_493\Debug\ADC_filtre_samlet_grader.a(CyBootAsmGnu.o)
 .debug_abbrev  0x00000c2d      0x1a7 .\CortexM0\ARM_GCC_493\Debug\ADC_filtre_samlet_grader.a(CyLib.o)
 .debug_abbrev  0x00000dd4      0x101 .\CortexM0\ARM_GCC_493\Debug\ADC_filtre_samlet_grader.a(cyPm.o)
 .debug_abbrev  0x00000ed5      0x224 .\CortexM0\ARM_GCC_493\Debug\ADC_filtre_samlet_grader.a(CyLFClk.o)
 .debug_abbrev  0x000010f9       0xaa .\CortexM0\ARM_GCC_493\Debug\ADC_filtre_samlet_grader.a(Pin_SW2.o)
 .debug_abbrev  0x000011a3      0x16a .\CortexM0\ARM_GCC_493\Debug\ADC_filtre_samlet_grader.a(pin_SW2_int.o)
 .debug_abbrev  0x0000130d       0xaa .\CortexM0\ARM_GCC_493\Debug\ADC_filtre_samlet_grader.a(Pin_Green.o)
 .debug_abbrev  0x000013b7       0x81 .\CortexM0\ARM_GCC_493\Debug\ADC_filtre_samlet_grader.a(Control_Reg_1.o)
 .debug_abbrev  0x00001438       0xfc .\CortexM0\ARM_GCC_493\Debug\ADC_filtre_samlet_grader.a(Timer_1.o)
 .debug_abbrev  0x00001534      0x16a .\CortexM0\ARM_GCC_493\Debug\ADC_filtre_samlet_grader.a(Timer_ISR.o)

.debug_line     0x00000000     0x2469
 *(.debug_line)
 .debug_line    0x00000000      0x24b .\CortexM0\ARM_GCC_493\Debug\main.o
 .debug_line    0x0000024b       0x53 .\CortexM0\ARM_GCC_493\Debug\cymetadata.o
 .debug_line    0x0000029e      0x1ca .\CortexM0\ARM_GCC_493\Debug\Cm0Start.o
 .debug_line    0x00000468      0x1b0 .\CortexM0\ARM_GCC_493\Debug\ADC_filtre_samlet_grader.a(cyfitter_cfg.o)
 .debug_line    0x00000618      0x11e .\CortexM0\ARM_GCC_493\Debug\ADC_filtre_samlet_grader.a(UART.o)
 .debug_line    0x00000736      0x13c .\CortexM0\ARM_GCC_493\Debug\ADC_filtre_samlet_grader.a(UART_SPI_UART.o)
 .debug_line    0x00000872      0x1a5 .\CortexM0\ARM_GCC_493\Debug\ADC_filtre_samlet_grader.a(UART_UART.o)
 .debug_line    0x00000a17      0x2a4 .\CortexM0\ARM_GCC_493\Debug\ADC_filtre_samlet_grader.a(ADC.o)
 .debug_line    0x00000cbb       0x64 .\CortexM0\ARM_GCC_493\Debug\ADC_filtre_samlet_grader.a(ADC_INT.o)
 .debug_line    0x00000d1f      0x16f .\CortexM0\ARM_GCC_493\Debug\ADC_filtre_samlet_grader.a(ADC_ISR.o)
 .debug_line    0x00000e8e      0x16f .\CortexM0\ARM_GCC_493\Debug\ADC_filtre_samlet_grader.a(ADC_IRQ.o)
 .debug_line    0x00000ffd       0x68 .\CortexM0\ARM_GCC_493\Debug\ADC_filtre_samlet_grader.a(CyBootAsmGnu.o)
 .debug_line    0x00001065      0x4af .\CortexM0\ARM_GCC_493\Debug\ADC_filtre_samlet_grader.a(CyLib.o)
 .debug_line    0x00001514      0x159 .\CortexM0\ARM_GCC_493\Debug\ADC_filtre_samlet_grader.a(cyPm.o)
 .debug_line    0x0000166d      0x5ad .\CortexM0\ARM_GCC_493\Debug\ADC_filtre_samlet_grader.a(CyLFClk.o)
 .debug_line    0x00001c1a       0xc1 .\CortexM0\ARM_GCC_493\Debug\ADC_filtre_samlet_grader.a(Pin_SW2.o)
 .debug_line    0x00001cdb      0x173 .\CortexM0\ARM_GCC_493\Debug\ADC_filtre_samlet_grader.a(pin_SW2_int.o)
 .debug_line    0x00001e4e       0xc3 .\CortexM0\ARM_GCC_493\Debug\ADC_filtre_samlet_grader.a(Pin_Green.o)
 .debug_line    0x00001f11       0x78 .\CortexM0\ARM_GCC_493\Debug\ADC_filtre_samlet_grader.a(Control_Reg_1.o)
 .debug_line    0x00001f89      0x36f .\CortexM0\ARM_GCC_493\Debug\ADC_filtre_samlet_grader.a(Timer_1.o)
 .debug_line    0x000022f8      0x171 .\CortexM0\ARM_GCC_493\Debug\ADC_filtre_samlet_grader.a(Timer_ISR.o)

.debug_frame    0x00000000     0x27cc
 *(.debug_frame)
 .debug_frame   0x00000000      0x178 .\CortexM0\ARM_GCC_493\Debug\main.o
 .debug_frame   0x00000178       0xc8 .\CortexM0\ARM_GCC_493\Debug\Cm0Start.o
 .debug_frame   0x00000240       0xe8 .\CortexM0\ARM_GCC_493\Debug\ADC_filtre_samlet_grader.a(cyfitter_cfg.o)
 .debug_frame   0x00000328      0x114 .\CortexM0\ARM_GCC_493\Debug\ADC_filtre_samlet_grader.a(UART.o)
 .debug_frame   0x0000043c      0x128 .\CortexM0\ARM_GCC_493\Debug\ADC_filtre_samlet_grader.a(UART_SPI_UART.o)
 .debug_frame   0x00000564      0x1bc .\CortexM0\ARM_GCC_493\Debug\ADC_filtre_samlet_grader.a(UART_UART.o)
 .debug_frame   0x00000720      0x248 .\CortexM0\ARM_GCC_493\Debug\ADC_filtre_samlet_grader.a(ADC.o)
 .debug_frame   0x00000968       0x30 .\CortexM0\ARM_GCC_493\Debug\ADC_filtre_samlet_grader.a(ADC_INT.o)
 .debug_frame   0x00000998      0x190 .\CortexM0\ARM_GCC_493\Debug\ADC_filtre_samlet_grader.a(ADC_ISR.o)
 .debug_frame   0x00000b28      0x190 .\CortexM0\ARM_GCC_493\Debug\ADC_filtre_samlet_grader.a(ADC_IRQ.o)
 .debug_frame   0x00000cb8      0x608 .\CortexM0\ARM_GCC_493\Debug\ADC_filtre_samlet_grader.a(CyLib.o)
 .debug_frame   0x000012c0      0x140 .\CortexM0\ARM_GCC_493\Debug\ADC_filtre_samlet_grader.a(cyPm.o)
 .debug_frame   0x00001400      0x51c .\CortexM0\ARM_GCC_493\Debug\ADC_filtre_samlet_grader.a(CyLFClk.o)
 .debug_frame   0x0000191c       0xc8 .\CortexM0\ARM_GCC_493\Debug\ADC_filtre_samlet_grader.a(Pin_SW2.o)
 .debug_frame   0x000019e4      0x190 .\CortexM0\ARM_GCC_493\Debug\ADC_filtre_samlet_grader.a(pin_SW2_int.o)
 .debug_frame   0x00001b74       0xc8 .\CortexM0\ARM_GCC_493\Debug\ADC_filtre_samlet_grader.a(Pin_Green.o)
 .debug_frame   0x00001c3c       0x4c .\CortexM0\ARM_GCC_493\Debug\ADC_filtre_samlet_grader.a(Control_Reg_1.o)
 .debug_frame   0x00001c88      0x52c .\CortexM0\ARM_GCC_493\Debug\ADC_filtre_samlet_grader.a(Timer_1.o)
 .debug_frame   0x000021b4      0x190 .\CortexM0\ARM_GCC_493\Debug\ADC_filtre_samlet_grader.a(Timer_ISR.o)
 .debug_frame   0x00002344       0x20 c:/program files (x86)/cypress/psoc creator/3.3/psoc creator/import/gnu/arm/4.9.3/bin/../lib/gcc/arm-none-eabi/4.9.3/armv6-m\libgcc.a(_udivsi3.o)
 .debug_frame   0x00002364       0x20 c:/program files (x86)/cypress/psoc creator/3.3/psoc creator/import/gnu/arm/4.9.3/bin/../lib/gcc/arm-none-eabi/4.9.3/armv6-m\libgcc.a(_divsi3.o)
 .debug_frame   0x00002384       0x34 c:/program files (x86)/cypress/psoc creator/3.3/psoc creator/import/gnu/arm/4.9.3/bin/../lib/gcc/arm-none-eabi/4.9.3/armv6-m\libgcc.a(_muldi3.o)
 .debug_frame   0x000023b8       0x50 c:/program files (x86)/cypress/psoc creator/3.3/psoc creator/import/gnu/arm/4.9.3/bin/../lib/gcc/arm-none-eabi/4.9.3/armv6-m\libgcc.a(bpabi.o)
 .debug_frame   0x00002408       0x3c c:/program files (x86)/cypress/psoc creator/3.3/psoc creator/import/gnu/arm/4.9.3/bin/../lib/gcc/arm-none-eabi/4.9.3/armv6-m\libgcc.a(divsf3.o)
 .debug_frame   0x00002444       0x3c c:/program files (x86)/cypress/psoc creator/3.3/psoc creator/import/gnu/arm/4.9.3/bin/../lib/gcc/arm-none-eabi/4.9.3/armv6-m\libgcc.a(mulsf3.o)
 .debug_frame   0x00002480       0x2c c:/program files (x86)/cypress/psoc creator/3.3/psoc creator/import/gnu/arm/4.9.3/bin/../lib/gcc/arm-none-eabi/4.9.3/armv6-m\libgcc.a(floatsisf.o)
 .debug_frame   0x000024ac       0x38 c:/program files (x86)/cypress/psoc creator/3.3/psoc creator/import/gnu/arm/4.9.3/bin/../lib/gcc/arm-none-eabi/4.9.3/armv6-m\libgcc.a(adddf3.o)
 .debug_frame   0x000024e4       0x3c c:/program files (x86)/cypress/psoc creator/3.3/psoc creator/import/gnu/arm/4.9.3/bin/../lib/gcc/arm-none-eabi/4.9.3/armv6-m\libgcc.a(divdf3.o)
 .debug_frame   0x00002520       0x38 c:/program files (x86)/cypress/psoc creator/3.3/psoc creator/import/gnu/arm/4.9.3/bin/../lib/gcc/arm-none-eabi/4.9.3/armv6-m\libgcc.a(eqdf2.o)
 .debug_frame   0x00002558       0x38 c:/program files (x86)/cypress/psoc creator/3.3/psoc creator/import/gnu/arm/4.9.3/bin/../lib/gcc/arm-none-eabi/4.9.3/armv6-m\libgcc.a(gedf2.o)
 .debug_frame   0x00002590       0x38 c:/program files (x86)/cypress/psoc creator/3.3/psoc creator/import/gnu/arm/4.9.3/bin/../lib/gcc/arm-none-eabi/4.9.3/armv6-m\libgcc.a(ledf2.o)
 .debug_frame   0x000025c8       0x3c c:/program files (x86)/cypress/psoc creator/3.3/psoc creator/import/gnu/arm/4.9.3/bin/../lib/gcc/arm-none-eabi/4.9.3/armv6-m\libgcc.a(muldf3.o)
 .debug_frame   0x00002604       0x3c c:/program files (x86)/cypress/psoc creator/3.3/psoc creator/import/gnu/arm/4.9.3/bin/../lib/gcc/arm-none-eabi/4.9.3/armv6-m\libgcc.a(subdf3.o)
 .debug_frame   0x00002640       0x2c c:/program files (x86)/cypress/psoc creator/3.3/psoc creator/import/gnu/arm/4.9.3/bin/../lib/gcc/arm-none-eabi/4.9.3/armv6-m\libgcc.a(fixdfsi.o)
 .debug_frame   0x0000266c       0x2c c:/program files (x86)/cypress/psoc creator/3.3/psoc creator/import/gnu/arm/4.9.3/bin/../lib/gcc/arm-none-eabi/4.9.3/armv6-m\libgcc.a(floatsidf.o)
 .debug_frame   0x00002698       0x3c c:/program files (x86)/cypress/psoc creator/3.3/psoc creator/import/gnu/arm/4.9.3/bin/../lib/gcc/arm-none-eabi/4.9.3/armv6-m\libgcc.a(_divdi3.o)
 .debug_frame   0x000026d4       0x3c c:/program files (x86)/cypress/psoc creator/3.3/psoc creator/import/gnu/arm/4.9.3/bin/../lib/gcc/arm-none-eabi/4.9.3/armv6-m\libgcc.a(_udivdi3.o)
 .debug_frame   0x00002710       0x20 c:/program files (x86)/cypress/psoc creator/3.3/psoc creator/import/gnu/arm/4.9.3/bin/../lib/gcc/arm-none-eabi/4.9.3/../../../../arm-none-eabi/lib/armv6-m\libg_nano.a(lib_a-errno.o)
 .debug_frame   0x00002730       0x28 c:/program files (x86)/cypress/psoc creator/3.3/psoc creator/import/gnu/arm/4.9.3/bin/../lib/gcc/arm-none-eabi/4.9.3/../../../../arm-none-eabi/lib/armv6-m\libg_nano.a(lib_a-exit.o)
 .debug_frame   0x00002758       0x2c c:/program files (x86)/cypress/psoc creator/3.3/psoc creator/import/gnu/arm/4.9.3/bin/../lib/gcc/arm-none-eabi/4.9.3/../../../../arm-none-eabi/lib/armv6-m\libg_nano.a(lib_a-init.o)
 .debug_frame   0x00002784       0x28 c:/program files (x86)/cypress/psoc creator/3.3/psoc creator/import/gnu/arm/4.9.3/bin/../lib/gcc/arm-none-eabi/4.9.3/../../../../arm-none-eabi/lib/armv6-m\libg_nano.a(lib_a-memcpy.o)
 .debug_frame   0x000027ac       0x20 c:/program files (x86)/cypress/psoc creator/3.3/psoc creator/import/gnu/arm/4.9.3/bin/../lib/gcc/arm-none-eabi/4.9.3/../../../../arm-none-eabi/lib/armv6-m\libg_nano.a(lib_a-memset.o)

.debug_str      0x00000000     0x2085
 *(.debug_str)
 .debug_str     0x00000000      0x2d1 .\CortexM0\ARM_GCC_493\Debug\main.o
                                0x315 (size before relaxing)
 .debug_str     0x000002d1       0x5b .\CortexM0\ARM_GCC_493\Debug\cymetadata.o
                                0x1c4 (size before relaxing)
 .debug_str     0x0000032c      0x12e .\CortexM0\ARM_GCC_493\Debug\Cm0Start.o
                                0x2b8 (size before relaxing)
 .debug_str     0x0000045a       0xfd .\CortexM0\ARM_GCC_493\Debug\ADC_filtre_samlet_grader.a(cyfitter_cfg.o)
                                0x2aa (size before relaxing)
 .debug_str     0x00000557       0xd7 .\CortexM0\ARM_GCC_493\Debug\ADC_filtre_samlet_grader.a(UART.o)
                                0x24d (size before relaxing)
 .debug_str     0x0000062e      0x137 .\CortexM0\ARM_GCC_493\Debug\ADC_filtre_samlet_grader.a(UART_SPI_UART.o)
                                0x2b8 (size before relaxing)
 .debug_str     0x00000765      0x191 .\CortexM0\ARM_GCC_493\Debug\ADC_filtre_samlet_grader.a(UART_UART.o)
                                0x316 (size before relaxing)
 .debug_str     0x000008f6      0x1e5 .\CortexM0\ARM_GCC_493\Debug\ADC_filtre_samlet_grader.a(ADC.o)
                                0x391 (size before relaxing)
 .debug_str     0x00000adb       0x37 .\CortexM0\ARM_GCC_493\Debug\ADC_filtre_samlet_grader.a(ADC_INT.o)
                                0x1a7 (size before relaxing)
 .debug_str     0x00000b12      0x12b .\CortexM0\ARM_GCC_493\Debug\ADC_filtre_samlet_grader.a(ADC_ISR.o)
                                0x2c3 (size before relaxing)
 .debug_str     0x00000c3d      0x104 .\CortexM0\ARM_GCC_493\Debug\ADC_filtre_samlet_grader.a(ADC_IRQ.o)
                                0x2c3 (size before relaxing)
 .debug_str     0x00000d41      0x4dd .\CortexM0\ARM_GCC_493\Debug\ADC_filtre_samlet_grader.a(CyLib.o)
                                0x6a3 (size before relaxing)
 .debug_str     0x0000121e       0xdd .\CortexM0\ARM_GCC_493\Debug\ADC_filtre_samlet_grader.a(cyPm.o)
                                0x279 (size before relaxing)
 .debug_str     0x000012fb      0x53a .\CortexM0\ARM_GCC_493\Debug\ADC_filtre_samlet_grader.a(CyLFClk.o)
                                0x6d6 (size before relaxing)
 .debug_str     0x00001835       0xbb .\CortexM0\ARM_GCC_493\Debug\ADC_filtre_samlet_grader.a(Pin_SW2.o)
                                0x23a (size before relaxing)
 .debug_str     0x000018f0      0x13c .\CortexM0\ARM_GCC_493\Debug\ADC_filtre_samlet_grader.a(pin_SW2_int.o)
                                0x2fb (size before relaxing)
 .debug_str     0x00001a2c       0xa5 .\CortexM0\ARM_GCC_493\Debug\ADC_filtre_samlet_grader.a(Pin_Green.o)
                                0x248 (size before relaxing)
 .debug_str     0x00001ad1       0x58 .\CortexM0\ARM_GCC_493\Debug\ADC_filtre_samlet_grader.a(Control_Reg_1.o)
                                0x1bd (size before relaxing)
 .debug_str     0x00001b29      0x43c .\CortexM0\ARM_GCC_493\Debug\ADC_filtre_samlet_grader.a(Timer_1.o)
                                0x5c2 (size before relaxing)
 .debug_str     0x00001f65      0x120 .\CortexM0\ARM_GCC_493\Debug\ADC_filtre_samlet_grader.a(Timer_ISR.o)
                                0x2df (size before relaxing)

.debug_loc
 *(.debug_loc)

.debug_macinfo
 *(.debug_macinfo)

.debug_ranges   0x00000000      0x958
 *(.debug_ranges)
 .debug_ranges  0x00000000       0x60 .\CortexM0\ARM_GCC_493\Debug\main.o
 .debug_ranges  0x00000060       0x38 .\CortexM0\ARM_GCC_493\Debug\Cm0Start.o
 .debug_ranges  0x00000098       0x40 .\CortexM0\ARM_GCC_493\Debug\ADC_filtre_samlet_grader.a(cyfitter_cfg.o)
 .debug_ranges  0x000000d8       0x50 .\CortexM0\ARM_GCC_493\Debug\ADC_filtre_samlet_grader.a(UART.o)
 .debug_ranges  0x00000128       0x50 .\CortexM0\ARM_GCC_493\Debug\ADC_filtre_samlet_grader.a(UART_SPI_UART.o)
 .debug_ranges  0x00000178       0x78 .\CortexM0\ARM_GCC_493\Debug\ADC_filtre_samlet_grader.a(UART_UART.o)
 .debug_ranges  0x000001f0       0x98 .\CortexM0\ARM_GCC_493\Debug\ADC_filtre_samlet_grader.a(ADC.o)
 .debug_ranges  0x00000288       0x10 .\CortexM0\ARM_GCC_493\Debug\ADC_filtre_samlet_grader.a(ADC_INT.o)
 .debug_ranges  0x00000298       0x70 .\CortexM0\ARM_GCC_493\Debug\ADC_filtre_samlet_grader.a(ADC_ISR.o)
 .debug_ranges  0x00000308       0x70 .\CortexM0\ARM_GCC_493\Debug\ADC_filtre_samlet_grader.a(ADC_IRQ.o)
 .debug_ranges  0x00000378      0x190 .\CortexM0\ARM_GCC_493\Debug\ADC_filtre_samlet_grader.a(CyLib.o)
 .debug_ranges  0x00000508       0x50 .\CortexM0\ARM_GCC_493\Debug\ADC_filtre_samlet_grader.a(cyPm.o)
 .debug_ranges  0x00000558      0x150 .\CortexM0\ARM_GCC_493\Debug\ADC_filtre_samlet_grader.a(CyLFClk.o)
 .debug_ranges  0x000006a8       0x38 .\CortexM0\ARM_GCC_493\Debug\ADC_filtre_samlet_grader.a(Pin_SW2.o)
 .debug_ranges  0x000006e0       0x70 .\CortexM0\ARM_GCC_493\Debug\ADC_filtre_samlet_grader.a(pin_SW2_int.o)
 .debug_ranges  0x00000750       0x38 .\CortexM0\ARM_GCC_493\Debug\ADC_filtre_samlet_grader.a(Pin_Green.o)
 .debug_ranges  0x00000788       0x18 .\CortexM0\ARM_GCC_493\Debug\ADC_filtre_samlet_grader.a(Control_Reg_1.o)
 .debug_ranges  0x000007a0      0x148 .\CortexM0\ARM_GCC_493\Debug\ADC_filtre_samlet_grader.a(Timer_1.o)
 .debug_ranges  0x000008e8       0x70 .\CortexM0\ARM_GCC_493\Debug\ADC_filtre_samlet_grader.a(Timer_ISR.o)

.comment        0x00000000       0x70
 .comment       0x00000000       0x70 .\CortexM0\ARM_GCC_493\Debug\main.o
                                 0x71 (size before relaxing)
 .comment       0x00000000       0x71 .\CortexM0\ARM_GCC_493\Debug\cymetadata.o
 .comment       0x00000000       0x71 .\CortexM0\ARM_GCC_493\Debug\Cm0Start.o
 .comment       0x00000000       0x71 .\CortexM0\ARM_GCC_493\Debug\ADC_filtre_samlet_grader.a(cyfitter_cfg.o)
 .comment       0x00000000       0x71 .\CortexM0\ARM_GCC_493\Debug\ADC_filtre_samlet_grader.a(UART.o)
 .comment       0x00000000       0x71 .\CortexM0\ARM_GCC_493\Debug\ADC_filtre_samlet_grader.a(UART_SPI_UART.o)
 .comment       0x00000000       0x71 .\CortexM0\ARM_GCC_493\Debug\ADC_filtre_samlet_grader.a(UART_UART.o)
 .comment       0x00000000       0x71 .\CortexM0\ARM_GCC_493\Debug\ADC_filtre_samlet_grader.a(ADC.o)
 .comment       0x00000000       0x71 .\CortexM0\ARM_GCC_493\Debug\ADC_filtre_samlet_grader.a(ADC_INT.o)
 .comment       0x00000000       0x71 .\CortexM0\ARM_GCC_493\Debug\ADC_filtre_samlet_grader.a(ADC_ISR.o)
 .comment       0x00000000       0x71 .\CortexM0\ARM_GCC_493\Debug\ADC_filtre_samlet_grader.a(ADC_IRQ.o)
 .comment       0x00000000       0x71 .\CortexM0\ARM_GCC_493\Debug\ADC_filtre_samlet_grader.a(CyLib.o)
 .comment       0x00000000       0x71 .\CortexM0\ARM_GCC_493\Debug\ADC_filtre_samlet_grader.a(cyPm.o)
 .comment       0x00000000       0x71 .\CortexM0\ARM_GCC_493\Debug\ADC_filtre_samlet_grader.a(CyLFClk.o)
 .comment       0x00000000       0x71 .\CortexM0\ARM_GCC_493\Debug\ADC_filtre_samlet_grader.a(Pin_SW2.o)
 .comment       0x00000000       0x71 .\CortexM0\ARM_GCC_493\Debug\ADC_filtre_samlet_grader.a(pin_SW2_int.o)
 .comment       0x00000000       0x71 .\CortexM0\ARM_GCC_493\Debug\ADC_filtre_samlet_grader.a(Pin_Green.o)
 .comment       0x00000000       0x71 .\CortexM0\ARM_GCC_493\Debug\ADC_filtre_samlet_grader.a(Control_Reg_1.o)
 .comment       0x00000000       0x71 .\CortexM0\ARM_GCC_493\Debug\ADC_filtre_samlet_grader.a(Timer_1.o)
 .comment       0x00000000       0x71 .\CortexM0\ARM_GCC_493\Debug\ADC_filtre_samlet_grader.a(Timer_ISR.o)

.debug_weaknames
 *(.debug_weaknames)

.debug_funcnames
 *(.debug_funcnames)

.debug_typenames
 *(.debug_typenames)

.debug_varnames
 *(.debug_varnames)

.note.gnu.arm.ident
 *(.note.gnu.arm.ident)

.ARM.attributes
                0x00000000       0x28
 *(.ARM.attributes)
 .ARM.attributes
                0x00000000       0x1e c:/program files (x86)/cypress/psoc creator/3.3/psoc creator/import/gnu/arm/4.9.3/bin/../lib/gcc/arm-none-eabi/4.9.3/armv6-m/crti.o
 .ARM.attributes
                0x0000001e       0x2c c:/program files (x86)/cypress/psoc creator/3.3/psoc creator/import/gnu/arm/4.9.3/bin/../lib/gcc/arm-none-eabi/4.9.3/armv6-m/crtbegin.o
 .ARM.attributes
                0x0000004a       0x1b c:/program files (x86)/cypress/psoc creator/3.3/psoc creator/import/gnu/arm/4.9.3/bin/../lib/gcc/arm-none-eabi/4.9.3/../../../../arm-none-eabi/lib/armv6-m/crt0.o
 .ARM.attributes
                0x00000065       0x31 .\CortexM0\ARM_GCC_493\Debug\main.o
 .ARM.attributes
                0x00000096       0x31 .\CortexM0\ARM_GCC_493\Debug\cymetadata.o
 .ARM.attributes
                0x000000c7       0x31 .\CortexM0\ARM_GCC_493\Debug\Cm0Start.o
 .ARM.attributes
                0x000000f8       0x31 .\CortexM0\ARM_GCC_493\Debug\ADC_filtre_samlet_grader.a(cyfitter_cfg.o)
 .ARM.attributes
                0x00000129       0x31 .\CortexM0\ARM_GCC_493\Debug\ADC_filtre_samlet_grader.a(UART.o)
 .ARM.attributes
                0x0000015a       0x31 .\CortexM0\ARM_GCC_493\Debug\ADC_filtre_samlet_grader.a(UART_SPI_UART.o)
 .ARM.attributes
                0x0000018b       0x31 .\CortexM0\ARM_GCC_493\Debug\ADC_filtre_samlet_grader.a(UART_UART.o)
 .ARM.attributes
                0x000001bc       0x31 .\CortexM0\ARM_GCC_493\Debug\ADC_filtre_samlet_grader.a(ADC.o)
 .ARM.attributes
                0x000001ed       0x31 .\CortexM0\ARM_GCC_493\Debug\ADC_filtre_samlet_grader.a(ADC_INT.o)
 .ARM.attributes
                0x0000021e       0x31 .\CortexM0\ARM_GCC_493\Debug\ADC_filtre_samlet_grader.a(ADC_ISR.o)
 .ARM.attributes
                0x0000024f       0x31 .\CortexM0\ARM_GCC_493\Debug\ADC_filtre_samlet_grader.a(ADC_IRQ.o)
 .ARM.attributes
                0x00000280       0x21 .\CortexM0\ARM_GCC_493\Debug\ADC_filtre_samlet_grader.a(CyBootAsmGnu.o)
 .ARM.attributes
                0x000002a1       0x31 .\CortexM0\ARM_GCC_493\Debug\ADC_filtre_samlet_grader.a(CyLib.o)
 .ARM.attributes
                0x000002d2       0x31 .\CortexM0\ARM_GCC_493\Debug\ADC_filtre_samlet_grader.a(cyPm.o)
 .ARM.attributes
                0x00000303       0x31 .\CortexM0\ARM_GCC_493\Debug\ADC_filtre_samlet_grader.a(CyLFClk.o)
 .ARM.attributes
                0x00000334       0x31 .\CortexM0\ARM_GCC_493\Debug\ADC_filtre_samlet_grader.a(Pin_SW2.o)
 .ARM.attributes
                0x00000365       0x31 .\CortexM0\ARM_GCC_493\Debug\ADC_filtre_samlet_grader.a(pin_SW2_int.o)
 .ARM.attributes
                0x00000396       0x31 .\CortexM0\ARM_GCC_493\Debug\ADC_filtre_samlet_grader.a(Pin_Green.o)
 .ARM.attributes
                0x000003c7       0x31 .\CortexM0\ARM_GCC_493\Debug\ADC_filtre_samlet_grader.a(Control_Reg_1.o)
 .ARM.attributes
                0x000003f8       0x31 .\CortexM0\ARM_GCC_493\Debug\ADC_filtre_samlet_grader.a(Timer_1.o)
 .ARM.attributes
                0x00000429       0x31 .\CortexM0\ARM_GCC_493\Debug\ADC_filtre_samlet_grader.a(Timer_ISR.o)
 .ARM.attributes
                0x0000045a       0x1e c:/program files (x86)/cypress/psoc creator/3.3/psoc creator/import/gnu/arm/4.9.3/bin/../lib/gcc/arm-none-eabi/4.9.3/armv6-m\libgcc.a(_udivsi3.o)
 .ARM.attributes
                0x00000478       0x1e c:/program files (x86)/cypress/psoc creator/3.3/psoc creator/import/gnu/arm/4.9.3/bin/../lib/gcc/arm-none-eabi/4.9.3/armv6-m\libgcc.a(_divsi3.o)
 .ARM.attributes
                0x00000496       0x1e c:/program files (x86)/cypress/psoc creator/3.3/psoc creator/import/gnu/arm/4.9.3/bin/../lib/gcc/arm-none-eabi/4.9.3/armv6-m\libgcc.a(_dvmd_tls.o)
 .ARM.attributes
                0x000004b4       0x1e c:/program files (x86)/cypress/psoc creator/3.3/psoc creator/import/gnu/arm/4.9.3/bin/../lib/gcc/arm-none-eabi/4.9.3/armv6-m\libgcc.a(_arm_cmpdf2.o)
 .ARM.attributes
                0x000004d2       0x1e c:/program files (x86)/cypress/psoc creator/3.3/psoc creator/import/gnu/arm/4.9.3/bin/../lib/gcc/arm-none-eabi/4.9.3/armv6-m\libgcc.a(_aeabi_ldivmod.o)
 .ARM.attributes
                0x000004f0       0x2c c:/program files (x86)/cypress/psoc creator/3.3/psoc creator/import/gnu/arm/4.9.3/bin/../lib/gcc/arm-none-eabi/4.9.3/armv6-m\libgcc.a(_muldi3.o)
 .ARM.attributes
                0x0000051c       0x2c c:/program files (x86)/cypress/psoc creator/3.3/psoc creator/import/gnu/arm/4.9.3/bin/../lib/gcc/arm-none-eabi/4.9.3/armv6-m\libgcc.a(bpabi.o)
 .ARM.attributes
                0x00000548       0x2c c:/program files (x86)/cypress/psoc creator/3.3/psoc creator/import/gnu/arm/4.9.3/bin/../lib/gcc/arm-none-eabi/4.9.3/armv6-m\libgcc.a(divsf3.o)
 .ARM.attributes
                0x00000574       0x2c c:/program files (x86)/cypress/psoc creator/3.3/psoc creator/import/gnu/arm/4.9.3/bin/../lib/gcc/arm-none-eabi/4.9.3/armv6-m\libgcc.a(mulsf3.o)
 .ARM.attributes
                0x000005a0       0x2c c:/program files (x86)/cypress/psoc creator/3.3/psoc creator/import/gnu/arm/4.9.3/bin/../lib/gcc/arm-none-eabi/4.9.3/armv6-m\libgcc.a(floatsisf.o)
 .ARM.attributes
                0x000005cc       0x2c c:/program files (x86)/cypress/psoc creator/3.3/psoc creator/import/gnu/arm/4.9.3/bin/../lib/gcc/arm-none-eabi/4.9.3/armv6-m\libgcc.a(adddf3.o)
 .ARM.attributes
                0x000005f8       0x2c c:/program files (x86)/cypress/psoc creator/3.3/psoc creator/import/gnu/arm/4.9.3/bin/../lib/gcc/arm-none-eabi/4.9.3/armv6-m\libgcc.a(divdf3.o)
 .ARM.attributes
                0x00000624       0x2c c:/program files (x86)/cypress/psoc creator/3.3/psoc creator/import/gnu/arm/4.9.3/bin/../lib/gcc/arm-none-eabi/4.9.3/armv6-m\libgcc.a(eqdf2.o)
 .ARM.attributes
                0x00000650       0x2c c:/program files (x86)/cypress/psoc creator/3.3/psoc creator/import/gnu/arm/4.9.3/bin/../lib/gcc/arm-none-eabi/4.9.3/armv6-m\libgcc.a(gedf2.o)
 .ARM.attributes
                0x0000067c       0x2c c:/program files (x86)/cypress/psoc creator/3.3/psoc creator/import/gnu/arm/4.9.3/bin/../lib/gcc/arm-none-eabi/4.9.3/armv6-m\libgcc.a(ledf2.o)
 .ARM.attributes
                0x000006a8       0x2c c:/program files (x86)/cypress/psoc creator/3.3/psoc creator/import/gnu/arm/4.9.3/bin/../lib/gcc/arm-none-eabi/4.9.3/armv6-m\libgcc.a(muldf3.o)
 .ARM.attributes
                0x000006d4       0x2c c:/program files (x86)/cypress/psoc creator/3.3/psoc creator/import/gnu/arm/4.9.3/bin/../lib/gcc/arm-none-eabi/4.9.3/armv6-m\libgcc.a(subdf3.o)
 .ARM.attributes
                0x00000700       0x2c c:/program files (x86)/cypress/psoc creator/3.3/psoc creator/import/gnu/arm/4.9.3/bin/../lib/gcc/arm-none-eabi/4.9.3/armv6-m\libgcc.a(fixdfsi.o)
 .ARM.attributes
                0x0000072c       0x2c c:/program files (x86)/cypress/psoc creator/3.3/psoc creator/import/gnu/arm/4.9.3/bin/../lib/gcc/arm-none-eabi/4.9.3/armv6-m\libgcc.a(floatsidf.o)
 .ARM.attributes
                0x00000758       0x1e c:/program files (x86)/cypress/psoc creator/3.3/psoc creator/import/gnu/arm/4.9.3/bin/../lib/gcc/arm-none-eabi/4.9.3/armv6-m\libgcc.a(_clzsi2.o)
 .ARM.attributes
                0x00000776       0x2c c:/program files (x86)/cypress/psoc creator/3.3/psoc creator/import/gnu/arm/4.9.3/bin/../lib/gcc/arm-none-eabi/4.9.3/armv6-m\libgcc.a(_divdi3.o)
 .ARM.attributes
                0x000007a2       0x2c c:/program files (x86)/cypress/psoc creator/3.3/psoc creator/import/gnu/arm/4.9.3/bin/../lib/gcc/arm-none-eabi/4.9.3/armv6-m\libgcc.a(_udivdi3.o)
 .ARM.attributes
                0x000007ce       0x1e c:/program files (x86)/cypress/psoc creator/3.3/psoc creator/import/gnu/arm/4.9.3/bin/../lib/gcc/arm-none-eabi/4.9.3/armv6-m\libgcc.a(_clzdi2.o)
 .ARM.attributes
                0x000007ec       0x2c c:/program files (x86)/cypress/psoc creator/3.3/psoc creator/import/gnu/arm/4.9.3/bin/../lib/gcc/arm-none-eabi/4.9.3/../../../../arm-none-eabi/lib/armv6-m\libg_nano.a(lib_a-errno.o)
 .ARM.attributes
                0x00000818       0x2c c:/program files (x86)/cypress/psoc creator/3.3/psoc creator/import/gnu/arm/4.9.3/bin/../lib/gcc/arm-none-eabi/4.9.3/../../../../arm-none-eabi/lib/armv6-m\libg_nano.a(lib_a-exit.o)
 .ARM.attributes
                0x00000844       0x2c c:/program files (x86)/cypress/psoc creator/3.3/psoc creator/import/gnu/arm/4.9.3/bin/../lib/gcc/arm-none-eabi/4.9.3/../../../../arm-none-eabi/lib/armv6-m\libg_nano.a(lib_a-impure.o)
 .ARM.attributes
                0x00000870       0x2c c:/program files (x86)/cypress/psoc creator/3.3/psoc creator/import/gnu/arm/4.9.3/bin/../lib/gcc/arm-none-eabi/4.9.3/../../../../arm-none-eabi/lib/armv6-m\libg_nano.a(lib_a-init.o)
 .ARM.attributes
                0x0000089c       0x2c c:/program files (x86)/cypress/psoc creator/3.3/psoc creator/import/gnu/arm/4.9.3/bin/../lib/gcc/arm-none-eabi/4.9.3/../../../../arm-none-eabi/lib/armv6-m\libg_nano.a(lib_a-memcpy.o)
 .ARM.attributes
                0x000008c8       0x2c c:/program files (x86)/cypress/psoc creator/3.3/psoc creator/import/gnu/arm/4.9.3/bin/../lib/gcc/arm-none-eabi/4.9.3/../../../../arm-none-eabi/lib/armv6-m\libg_nano.a(lib_a-memset.o)
 .ARM.attributes
                0x000008f4       0x2c c:/program files (x86)/cypress/psoc creator/3.3/psoc creator/import/gnu/arm/4.9.3/bin/../lib/gcc/arm-none-eabi/4.9.3/armv6-m/crtend.o
 .ARM.attributes
                0x00000920       0x1e c:/program files (x86)/cypress/psoc creator/3.3/psoc creator/import/gnu/arm/4.9.3/bin/../lib/gcc/arm-none-eabi/4.9.3/armv6-m/crtn.o

/DISCARD/
 *(.note.GNU-stack)
OUTPUT(.\CortexM0\ARM_GCC_493\Debug\ADC_filtre_samlet_grader.elf elf32-littlearm)
