Archive member included because of file (symbol)

.\CortexM0\ARM_GCC_493\Debug\UART echo with interrupt.a(cyfitter_cfg.o)
                              .\CortexM0\ARM_GCC_493\Debug\Cm0Start.o (cyfitter_cfg)
.\CortexM0\ARM_GCC_493\Debug\UART echo with interrupt.a(UART_RX_ISR.o)
                              .\CortexM0\ARM_GCC_493\Debug\main.o (UART_RX_ISR_StartEx)
.\CortexM0\ARM_GCC_493\Debug\UART echo with interrupt.a(UART.o)
                              .\CortexM0\ARM_GCC_493\Debug\main.o (UART_Start)
.\CortexM0\ARM_GCC_493\Debug\UART echo with interrupt.a(UART_SPI_UART.o)
                              .\CortexM0\ARM_GCC_493\Debug\main.o (UART_SpiUartWriteTxData)
.\CortexM0\ARM_GCC_493\Debug\UART echo with interrupt.a(UART_UART.o)
                              .\CortexM0\ARM_GCC_493\Debug\UART echo with interrupt.a(UART.o) (UART_UartInit)
.\CortexM0\ARM_GCC_493\Debug\UART echo with interrupt.a(UART_BLE_RX_ISR.o)
                              .\CortexM0\ARM_GCC_493\Debug\main.o (UART_BLE_RX_ISR_StartEx)
.\CortexM0\ARM_GCC_493\Debug\UART echo with interrupt.a(UART_BLE.o)
                              .\CortexM0\ARM_GCC_493\Debug\main.o (UART_BLE_Start)
.\CortexM0\ARM_GCC_493\Debug\UART echo with interrupt.a(UART_BLE_SPI_UART.o)
                              .\CortexM0\ARM_GCC_493\Debug\main.o (UART_BLE_SpiUartWriteTxData)
.\CortexM0\ARM_GCC_493\Debug\UART echo with interrupt.a(UART_BLE_UART.o)
                              .\CortexM0\ARM_GCC_493\Debug\UART echo with interrupt.a(UART_BLE.o) (UART_BLE_UartInit)
.\CortexM0\ARM_GCC_493\Debug\UART echo with interrupt.a(CyBootAsmGnu.o)
                              .\CortexM0\ARM_GCC_493\Debug\UART echo with interrupt.a(UART_RX_ISR.o) (CyEnterCriticalSection)
.\CortexM0\ARM_GCC_493\Debug\UART echo with interrupt.a(CyLib.o)
                              .\CortexM0\ARM_GCC_493\Debug\UART echo with interrupt.a(cyfitter_cfg.o) (CyIntEnable)
.\CortexM0\ARM_GCC_493\Debug\UART echo with interrupt.a(cyPm.o)
                              .\CortexM0\ARM_GCC_493\Debug\main.o (CySysPmSleep)
.\CortexM0\ARM_GCC_493\Debug\UART echo with interrupt.a(CyLFClk.o)
                              .\CortexM0\ARM_GCC_493\Debug\UART echo with interrupt.a(CyLib.o) (CySysClkWcoEnabled)
.\CortexM0\ARM_GCC_493\Debug\UART echo with interrupt.a(BLUE_LED.o)
                              .\CortexM0\ARM_GCC_493\Debug\main.o (BLUE_LED_Write)
.\CortexM0\ARM_GCC_493\Debug\UART echo with interrupt.a(Debug.o)
                              .\CortexM0\ARM_GCC_493\Debug\main.o (Debug_Write)
.\CortexM0\ARM_GCC_493\Debug\UART echo with interrupt.a(CyFlash.o)
                              .\CortexM0\ARM_GCC_493\Debug\UART echo with interrupt.a(CyLib.o) (CySysFlashSetWaitCycles)
c:/program files (x86)/cypress/psoc creator/3.3/psoc creator/import/gnu/arm/4.9.3/bin/../lib/gcc/arm-none-eabi/4.9.3/armv6-m\libgcc.a(_udivsi3.o)
                              .\CortexM0\ARM_GCC_493\Debug\UART echo with interrupt.a(CyLib.o) (__aeabi_uidiv)
c:/program files (x86)/cypress/psoc creator/3.3/psoc creator/import/gnu/arm/4.9.3/bin/../lib/gcc/arm-none-eabi/4.9.3/armv6-m\libgcc.a(_dvmd_tls.o)
                              c:/program files (x86)/cypress/psoc creator/3.3/psoc creator/import/gnu/arm/4.9.3/bin/../lib/gcc/arm-none-eabi/4.9.3/armv6-m\libgcc.a(_udivsi3.o) (__aeabi_idiv0)
c:/program files (x86)/cypress/psoc creator/3.3/psoc creator/import/gnu/arm/4.9.3/bin/../lib/gcc/arm-none-eabi/4.9.3/../../../../arm-none-eabi/lib/armv6-m\libg_nano.a(lib_a-errno.o)
                              .\CortexM0\ARM_GCC_493\Debug\Cm0Start.o (__errno)
c:/program files (x86)/cypress/psoc creator/3.3/psoc creator/import/gnu/arm/4.9.3/bin/../lib/gcc/arm-none-eabi/4.9.3/../../../../arm-none-eabi/lib/armv6-m\libg_nano.a(lib_a-exit.o)
                              c:/program files (x86)/cypress/psoc creator/3.3/psoc creator/import/gnu/arm/4.9.3/bin/../lib/gcc/arm-none-eabi/4.9.3/../../../../arm-none-eabi/lib/armv6-m/crt0.o (exit)
c:/program files (x86)/cypress/psoc creator/3.3/psoc creator/import/gnu/arm/4.9.3/bin/../lib/gcc/arm-none-eabi/4.9.3/../../../../arm-none-eabi/lib/armv6-m\libg_nano.a(lib_a-impure.o)
                              c:/program files (x86)/cypress/psoc creator/3.3/psoc creator/import/gnu/arm/4.9.3/bin/../lib/gcc/arm-none-eabi/4.9.3/../../../../arm-none-eabi/lib/armv6-m\libg_nano.a(lib_a-exit.o) (_global_impure_ptr)
c:/program files (x86)/cypress/psoc creator/3.3/psoc creator/import/gnu/arm/4.9.3/bin/../lib/gcc/arm-none-eabi/4.9.3/../../../../arm-none-eabi/lib/armv6-m\libg_nano.a(lib_a-init.o)
                              c:/program files (x86)/cypress/psoc creator/3.3/psoc creator/import/gnu/arm/4.9.3/bin/../lib/gcc/arm-none-eabi/4.9.3/../../../../arm-none-eabi/lib/armv6-m/crt0.o (__libc_init_array)
c:/program files (x86)/cypress/psoc creator/3.3/psoc creator/import/gnu/arm/4.9.3/bin/../lib/gcc/arm-none-eabi/4.9.3/../../../../arm-none-eabi/lib/armv6-m\libg_nano.a(lib_a-memcpy.o)
                              .\CortexM0\ARM_GCC_493\Debug\UART echo with interrupt.a(CyFlash.o) (memcpy)
c:/program files (x86)/cypress/psoc creator/3.3/psoc creator/import/gnu/arm/4.9.3/bin/../lib/gcc/arm-none-eabi/4.9.3/../../../../arm-none-eabi/lib/armv6-m\libg_nano.a(lib_a-memset.o)
                              c:/program files (x86)/cypress/psoc creator/3.3/psoc creator/import/gnu/arm/4.9.3/bin/../lib/gcc/arm-none-eabi/4.9.3/../../../../arm-none-eabi/lib/armv6-m/crt0.o (memset)

Discarded input sections

 .text          0x00000000        0x0 c:/program files (x86)/cypress/psoc creator/3.3/psoc creator/import/gnu/arm/4.9.3/bin/../lib/gcc/arm-none-eabi/4.9.3/armv6-m/crti.o
 .data          0x00000000        0x0 c:/program files (x86)/cypress/psoc creator/3.3/psoc creator/import/gnu/arm/4.9.3/bin/../lib/gcc/arm-none-eabi/4.9.3/armv6-m/crti.o
 .bss           0x00000000        0x0 c:/program files (x86)/cypress/psoc creator/3.3/psoc creator/import/gnu/arm/4.9.3/bin/../lib/gcc/arm-none-eabi/4.9.3/armv6-m/crti.o
 .data          0x00000000        0x4 c:/program files (x86)/cypress/psoc creator/3.3/psoc creator/import/gnu/arm/4.9.3/bin/../lib/gcc/arm-none-eabi/4.9.3/armv6-m/crtbegin.o
 .text          0x00000000       0x78 c:/program files (x86)/cypress/psoc creator/3.3/psoc creator/import/gnu/arm/4.9.3/bin/../lib/gcc/arm-none-eabi/4.9.3/../../../../arm-none-eabi/lib/armv6-m/crt0.o
 .data          0x00000000        0x0 c:/program files (x86)/cypress/psoc creator/3.3/psoc creator/import/gnu/arm/4.9.3/bin/../lib/gcc/arm-none-eabi/4.9.3/../../../../arm-none-eabi/lib/armv6-m/crt0.o
 .bss           0x00000000        0x0 c:/program files (x86)/cypress/psoc creator/3.3/psoc creator/import/gnu/arm/4.9.3/bin/../lib/gcc/arm-none-eabi/4.9.3/../../../../arm-none-eabi/lib/armv6-m/crt0.o
 .ARM.extab     0x00000000        0x0 c:/program files (x86)/cypress/psoc creator/3.3/psoc creator/import/gnu/arm/4.9.3/bin/../lib/gcc/arm-none-eabi/4.9.3/../../../../arm-none-eabi/lib/armv6-m/crt0.o
 .ARM.exidx     0x00000000        0x8 c:/program files (x86)/cypress/psoc creator/3.3/psoc creator/import/gnu/arm/4.9.3/bin/../lib/gcc/arm-none-eabi/4.9.3/../../../../arm-none-eabi/lib/armv6-m/crt0.o
 .text          0x00000000        0x0 .\CortexM0\ARM_GCC_493\Debug\main.o
 .data          0x00000000        0x0 .\CortexM0\ARM_GCC_493\Debug\main.o
 .bss           0x00000000        0x0 .\CortexM0\ARM_GCC_493\Debug\main.o
 .text          0x00000000        0x0 .\CortexM0\ARM_GCC_493\Debug\cymetadata.o
 .data          0x00000000        0x0 .\CortexM0\ARM_GCC_493\Debug\cymetadata.o
 .bss           0x00000000        0x0 .\CortexM0\ARM_GCC_493\Debug\cymetadata.o
 .text          0x00000000        0x0 .\CortexM0\ARM_GCC_493\Debug\Cm0Start.o
 .data          0x00000000        0x4 .\CortexM0\ARM_GCC_493\Debug\Cm0Start.o
 .bss           0x00000000        0x0 .\CortexM0\ARM_GCC_493\Debug\Cm0Start.o
 .text._exit    0x00000000        0xc .\CortexM0\ARM_GCC_493\Debug\Cm0Start.o
 .text._sbrk    0x00000000       0x30 .\CortexM0\ARM_GCC_493\Debug\Cm0Start.o
 .text          0x00000000        0x0 .\CortexM0\ARM_GCC_493\Debug\UART echo with interrupt.a(cyfitter_cfg.o)
 .data          0x00000000        0x0 .\CortexM0\ARM_GCC_493\Debug\UART echo with interrupt.a(cyfitter_cfg.o)
 .bss           0x00000000        0x0 .\CortexM0\ARM_GCC_493\Debug\UART echo with interrupt.a(cyfitter_cfg.o)
 .text          0x00000000        0x0 .\CortexM0\ARM_GCC_493\Debug\UART echo with interrupt.a(UART_RX_ISR.o)
 .data          0x00000000        0x0 .\CortexM0\ARM_GCC_493\Debug\UART echo with interrupt.a(UART_RX_ISR.o)
 .bss           0x00000000        0x0 .\CortexM0\ARM_GCC_493\Debug\UART echo with interrupt.a(UART_RX_ISR.o)
 .text.UART_RX_ISR_Interrupt
                0x00000000        0x4 .\CortexM0\ARM_GCC_493\Debug\UART echo with interrupt.a(UART_RX_ISR.o)
 .text.UART_RX_ISR_GetVector
                0x00000000        0xc .\CortexM0\ARM_GCC_493\Debug\UART echo with interrupt.a(UART_RX_ISR.o)
 .text.UART_RX_ISR_GetPriority
                0x00000000        0xc .\CortexM0\ARM_GCC_493\Debug\UART echo with interrupt.a(UART_RX_ISR.o)
 .text.UART_RX_ISR_GetState
                0x00000000       0x14 .\CortexM0\ARM_GCC_493\Debug\UART echo with interrupt.a(UART_RX_ISR.o)
 .text.UART_RX_ISR_Start
                0x00000000       0x1c .\CortexM0\ARM_GCC_493\Debug\UART echo with interrupt.a(UART_RX_ISR.o)
 .text.UART_RX_ISR_Stop
                0x00000000       0x14 .\CortexM0\ARM_GCC_493\Debug\UART echo with interrupt.a(UART_RX_ISR.o)
 .text.UART_RX_ISR_SetPending
                0x00000000       0x10 .\CortexM0\ARM_GCC_493\Debug\UART echo with interrupt.a(UART_RX_ISR.o)
 .text.UART_RX_ISR_ClearPending
                0x00000000       0x10 .\CortexM0\ARM_GCC_493\Debug\UART echo with interrupt.a(UART_RX_ISR.o)
 .text          0x00000000        0x0 .\CortexM0\ARM_GCC_493\Debug\UART echo with interrupt.a(UART.o)
 .data          0x00000000        0x0 .\CortexM0\ARM_GCC_493\Debug\UART echo with interrupt.a(UART.o)
 .text.UART_ScbModeStop
                0x00000000        0x8 .\CortexM0\ARM_GCC_493\Debug\UART echo with interrupt.a(UART.o)
 .text.UART_Stop
                0x00000000       0x20 .\CortexM0\ARM_GCC_493\Debug\UART echo with interrupt.a(UART.o)
 .text.UART_SetRxFifoLevel
                0x00000000       0x14 .\CortexM0\ARM_GCC_493\Debug\UART echo with interrupt.a(UART.o)
 .text.UART_SetTxFifoLevel
                0x00000000       0x14 .\CortexM0\ARM_GCC_493\Debug\UART echo with interrupt.a(UART.o)
 .text          0x00000000        0x0 .\CortexM0\ARM_GCC_493\Debug\UART echo with interrupt.a(UART_SPI_UART.o)
 .data          0x00000000        0x0 .\CortexM0\ARM_GCC_493\Debug\UART echo with interrupt.a(UART_SPI_UART.o)
 .bss           0x00000000        0x0 .\CortexM0\ARM_GCC_493\Debug\UART echo with interrupt.a(UART_SPI_UART.o)
 .text.UART_SpiUartClearRxBuffer
                0x00000000       0x20 .\CortexM0\ARM_GCC_493\Debug\UART echo with interrupt.a(UART_SPI_UART.o)
 .text.UART_SpiUartPutArray
                0x00000000       0x18 .\CortexM0\ARM_GCC_493\Debug\UART echo with interrupt.a(UART_SPI_UART.o)
 .text.UART_SpiUartGetTxBufferSize
                0x00000000       0x10 .\CortexM0\ARM_GCC_493\Debug\UART echo with interrupt.a(UART_SPI_UART.o)
 .text.UART_SpiUartClearTxBuffer
                0x00000000       0x20 .\CortexM0\ARM_GCC_493\Debug\UART echo with interrupt.a(UART_SPI_UART.o)
 .text.UART_SpiUartDisableIntRx
                0x00000000       0x10 .\CortexM0\ARM_GCC_493\Debug\UART echo with interrupt.a(UART_SPI_UART.o)
 .text.UART_SpiUartDisableIntTx
                0x00000000       0x10 .\CortexM0\ARM_GCC_493\Debug\UART echo with interrupt.a(UART_SPI_UART.o)
 .text          0x00000000        0x0 .\CortexM0\ARM_GCC_493\Debug\UART echo with interrupt.a(UART_UART.o)
 .data          0x00000000        0x0 .\CortexM0\ARM_GCC_493\Debug\UART echo with interrupt.a(UART_UART.o)
 .bss           0x00000000        0x0 .\CortexM0\ARM_GCC_493\Debug\UART echo with interrupt.a(UART_UART.o)
 .text.UART_UartStop
                0x00000000       0x10 .\CortexM0\ARM_GCC_493\Debug\UART echo with interrupt.a(UART_UART.o)
 .text.UART_UartSetRxAddress
                0x00000000       0x14 .\CortexM0\ARM_GCC_493\Debug\UART echo with interrupt.a(UART_UART.o)
 .text.UART_UartSetRxAddressMask
                0x00000000       0x18 .\CortexM0\ARM_GCC_493\Debug\UART echo with interrupt.a(UART_UART.o)
 .text.UART_UartGetByte
                0x00000000       0x30 .\CortexM0\ARM_GCC_493\Debug\UART echo with interrupt.a(UART_UART.o)
 .text.UART_UartSetRtsPolarity
                0x00000000       0x28 .\CortexM0\ARM_GCC_493\Debug\UART echo with interrupt.a(UART_UART.o)
 .text.UART_UartSetRtsFifoLevel
                0x00000000       0x14 .\CortexM0\ARM_GCC_493\Debug\UART echo with interrupt.a(UART_UART.o)
 .text.UART_UartPutString
                0x00000000       0x18 .\CortexM0\ARM_GCC_493\Debug\UART echo with interrupt.a(UART_UART.o)
 .text.UART_UartPutCRLF
                0x00000000       0x14 .\CortexM0\ARM_GCC_493\Debug\UART echo with interrupt.a(UART_UART.o)
 .text.UART_UartEnableCts
                0x00000000       0x14 .\CortexM0\ARM_GCC_493\Debug\UART echo with interrupt.a(UART_UART.o)
 .text.UART_UartDisableCts
                0x00000000       0x14 .\CortexM0\ARM_GCC_493\Debug\UART echo with interrupt.a(UART_UART.o)
 .text.UART_UartSetCtsPolarity
                0x00000000       0x28 .\CortexM0\ARM_GCC_493\Debug\UART echo with interrupt.a(UART_UART.o)
 .text          0x00000000        0x0 .\CortexM0\ARM_GCC_493\Debug\UART echo with interrupt.a(UART_BLE_RX_ISR.o)
 .data          0x00000000        0x0 .\CortexM0\ARM_GCC_493\Debug\UART echo with interrupt.a(UART_BLE_RX_ISR.o)
 .bss           0x00000000        0x0 .\CortexM0\ARM_GCC_493\Debug\UART echo with interrupt.a(UART_BLE_RX_ISR.o)
 .text.UART_BLE_RX_ISR_Interrupt
                0x00000000        0x4 .\CortexM0\ARM_GCC_493\Debug\UART echo with interrupt.a(UART_BLE_RX_ISR.o)
 .text.UART_BLE_RX_ISR_GetVector
                0x00000000        0xc .\CortexM0\ARM_GCC_493\Debug\UART echo with interrupt.a(UART_BLE_RX_ISR.o)
 .text.UART_BLE_RX_ISR_GetPriority
                0x00000000       0x10 .\CortexM0\ARM_GCC_493\Debug\UART echo with interrupt.a(UART_BLE_RX_ISR.o)
 .text.UART_BLE_RX_ISR_GetState
                0x00000000       0x14 .\CortexM0\ARM_GCC_493\Debug\UART echo with interrupt.a(UART_BLE_RX_ISR.o)
 .text.UART_BLE_RX_ISR_Start
                0x00000000       0x1c .\CortexM0\ARM_GCC_493\Debug\UART echo with interrupt.a(UART_BLE_RX_ISR.o)
 .text.UART_BLE_RX_ISR_Stop
                0x00000000       0x14 .\CortexM0\ARM_GCC_493\Debug\UART echo with interrupt.a(UART_BLE_RX_ISR.o)
 .text.UART_BLE_RX_ISR_SetPending
                0x00000000       0x10 .\CortexM0\ARM_GCC_493\Debug\UART echo with interrupt.a(UART_BLE_RX_ISR.o)
 .text.UART_BLE_RX_ISR_ClearPending
                0x00000000       0x10 .\CortexM0\ARM_GCC_493\Debug\UART echo with interrupt.a(UART_BLE_RX_ISR.o)
 .text          0x00000000        0x0 .\CortexM0\ARM_GCC_493\Debug\UART echo with interrupt.a(UART_BLE.o)
 .data          0x00000000        0x0 .\CortexM0\ARM_GCC_493\Debug\UART echo with interrupt.a(UART_BLE.o)
 .text.UART_BLE_ScbModeStop
                0x00000000        0x8 .\CortexM0\ARM_GCC_493\Debug\UART echo with interrupt.a(UART_BLE.o)
 .text.UART_BLE_Stop
                0x00000000       0x20 .\CortexM0\ARM_GCC_493\Debug\UART echo with interrupt.a(UART_BLE.o)
 .text.UART_BLE_SetRxFifoLevel
                0x00000000       0x14 .\CortexM0\ARM_GCC_493\Debug\UART echo with interrupt.a(UART_BLE.o)
 .text.UART_BLE_SetTxFifoLevel
                0x00000000       0x14 .\CortexM0\ARM_GCC_493\Debug\UART echo with interrupt.a(UART_BLE.o)
 .text          0x00000000        0x0 .\CortexM0\ARM_GCC_493\Debug\UART echo with interrupt.a(UART_BLE_SPI_UART.o)
 .data          0x00000000        0x0 .\CortexM0\ARM_GCC_493\Debug\UART echo with interrupt.a(UART_BLE_SPI_UART.o)
 .bss           0x00000000        0x0 .\CortexM0\ARM_GCC_493\Debug\UART echo with interrupt.a(UART_BLE_SPI_UART.o)
 .text.UART_BLE_SpiUartClearRxBuffer
                0x00000000       0x20 .\CortexM0\ARM_GCC_493\Debug\UART echo with interrupt.a(UART_BLE_SPI_UART.o)
 .text.UART_BLE_SpiUartPutArray
                0x00000000       0x18 .\CortexM0\ARM_GCC_493\Debug\UART echo with interrupt.a(UART_BLE_SPI_UART.o)
 .text.UART_BLE_SpiUartGetTxBufferSize
                0x00000000       0x10 .\CortexM0\ARM_GCC_493\Debug\UART echo with interrupt.a(UART_BLE_SPI_UART.o)
 .text.UART_BLE_SpiUartClearTxBuffer
                0x00000000       0x20 .\CortexM0\ARM_GCC_493\Debug\UART echo with interrupt.a(UART_BLE_SPI_UART.o)
 .text.UART_BLE_SpiUartDisableIntRx
                0x00000000       0x10 .\CortexM0\ARM_GCC_493\Debug\UART echo with interrupt.a(UART_BLE_SPI_UART.o)
 .text.UART_BLE_SpiUartDisableIntTx
                0x00000000       0x10 .\CortexM0\ARM_GCC_493\Debug\UART echo with interrupt.a(UART_BLE_SPI_UART.o)
 .text          0x00000000        0x0 .\CortexM0\ARM_GCC_493\Debug\UART echo with interrupt.a(UART_BLE_UART.o)
 .data          0x00000000        0x0 .\CortexM0\ARM_GCC_493\Debug\UART echo with interrupt.a(UART_BLE_UART.o)
 .bss           0x00000000        0x0 .\CortexM0\ARM_GCC_493\Debug\UART echo with interrupt.a(UART_BLE_UART.o)
 .text.UART_BLE_UartStop
                0x00000000       0x10 .\CortexM0\ARM_GCC_493\Debug\UART echo with interrupt.a(UART_BLE_UART.o)
 .text.UART_BLE_UartSetRxAddress
                0x00000000       0x14 .\CortexM0\ARM_GCC_493\Debug\UART echo with interrupt.a(UART_BLE_UART.o)
 .text.UART_BLE_UartSetRxAddressMask
                0x00000000       0x18 .\CortexM0\ARM_GCC_493\Debug\UART echo with interrupt.a(UART_BLE_UART.o)
 .text.UART_BLE_UartGetByte
                0x00000000       0x30 .\CortexM0\ARM_GCC_493\Debug\UART echo with interrupt.a(UART_BLE_UART.o)
 .text.UART_BLE_UartSetRtsPolarity
                0x00000000       0x28 .\CortexM0\ARM_GCC_493\Debug\UART echo with interrupt.a(UART_BLE_UART.o)
 .text.UART_BLE_UartSetRtsFifoLevel
                0x00000000       0x14 .\CortexM0\ARM_GCC_493\Debug\UART echo with interrupt.a(UART_BLE_UART.o)
 .text.UART_BLE_UartPutString
                0x00000000       0x18 .\CortexM0\ARM_GCC_493\Debug\UART echo with interrupt.a(UART_BLE_UART.o)
 .text.UART_BLE_UartPutCRLF
                0x00000000       0x14 .\CortexM0\ARM_GCC_493\Debug\UART echo with interrupt.a(UART_BLE_UART.o)
 .text.UART_BLE_UartEnableCts
                0x00000000       0x14 .\CortexM0\ARM_GCC_493\Debug\UART echo with interrupt.a(UART_BLE_UART.o)
 .text.UART_BLE_UartDisableCts
                0x00000000       0x14 .\CortexM0\ARM_GCC_493\Debug\UART echo with interrupt.a(UART_BLE_UART.o)
 .text.UART_BLE_UartSetCtsPolarity
                0x00000000       0x28 .\CortexM0\ARM_GCC_493\Debug\UART echo with interrupt.a(UART_BLE_UART.o)
 .data          0x00000000        0x0 .\CortexM0\ARM_GCC_493\Debug\UART echo with interrupt.a(CyBootAsmGnu.o)
 .bss           0x00000000        0x0 .\CortexM0\ARM_GCC_493\Debug\UART echo with interrupt.a(CyBootAsmGnu.o)
 .text          0x00000000        0x0 .\CortexM0\ARM_GCC_493\Debug\UART echo with interrupt.a(CyLib.o)
 .bss           0x00000000       0x18 .\CortexM0\ARM_GCC_493\Debug\UART echo with interrupt.a(CyLib.o)
 .text.CySysClkImoStart
                0x00000000       0x14 .\CortexM0\ARM_GCC_493\Debug\UART echo with interrupt.a(CyLib.o)
 .text.CySysClkImoStop
                0x00000000       0x18 .\CortexM0\ARM_GCC_493\Debug\UART echo with interrupt.a(CyLib.o)
 .text.CySysClkWriteHfclkDirect
                0x00000000       0x20 .\CortexM0\ARM_GCC_493\Debug\UART echo with interrupt.a(CyLib.o)
 .text.CySysClkGetSysclkSource
                0x00000000       0x1c .\CortexM0\ARM_GCC_493\Debug\UART echo with interrupt.a(CyLib.o)
 .text.CySysClkWriteSysclkDiv
                0x00000000       0x28 .\CortexM0\ARM_GCC_493\Debug\UART echo with interrupt.a(CyLib.o)
 .text.CySysLvdDisable
                0x00000000       0x20 .\CortexM0\ARM_GCC_493\Debug\UART echo with interrupt.a(CyLib.o)
 .text.CySysLvdGetInterruptSource
                0x00000000       0x10 .\CortexM0\ARM_GCC_493\Debug\UART echo with interrupt.a(CyLib.o)
 .text.CySysLvdClearInterrupt
                0x00000000        0xc .\CortexM0\ARM_GCC_493\Debug\UART echo with interrupt.a(CyLib.o)
 .text.CySysGetResetReason
                0x00000000       0x14 .\CortexM0\ARM_GCC_493\Debug\UART echo with interrupt.a(CyLib.o)
 .text.CyDisableInts
                0x00000000       0x10 .\CortexM0\ARM_GCC_493\Debug\UART echo with interrupt.a(CyLib.o)
 .text.CyEnableInts
                0x00000000        0xc .\CortexM0\ARM_GCC_493\Debug\UART echo with interrupt.a(CyLib.o)
 .text.CyIntGetState
                0x00000000       0x18 .\CortexM0\ARM_GCC_493\Debug\UART echo with interrupt.a(CyLib.o)
 .text.CyIntDisable
                0x00000000       0x14 .\CortexM0\ARM_GCC_493\Debug\UART echo with interrupt.a(CyLib.o)
 .text.CyIntSetPending
                0x00000000       0x14 .\CortexM0\ARM_GCC_493\Debug\UART echo with interrupt.a(CyLib.o)
 .text.CyIntClearPending
                0x00000000       0x14 .\CortexM0\ARM_GCC_493\Debug\UART echo with interrupt.a(CyLib.o)
 .text.CyIntSetSysVector
                0x00000000       0x20 .\CortexM0\ARM_GCC_493\Debug\UART echo with interrupt.a(CyLib.o)
 .text.CyIntGetSysVector
                0x00000000       0x1c .\CortexM0\ARM_GCC_493\Debug\UART echo with interrupt.a(CyLib.o)
 .text.CyIntGetVector
                0x00000000       0x20 .\CortexM0\ARM_GCC_493\Debug\UART echo with interrupt.a(CyLib.o)
 .text.CyIntSetPriority
                0x00000000       0x4c .\CortexM0\ARM_GCC_493\Debug\UART echo with interrupt.a(CyLib.o)
 .text.CyIntGetPriority
                0x00000000       0x2c .\CortexM0\ARM_GCC_493\Debug\UART echo with interrupt.a(CyLib.o)
 .text.CySoftwareReset
                0x00000000       0x18 .\CortexM0\ARM_GCC_493\Debug\UART echo with interrupt.a(CyLib.o)
 .text.CyDelayUs
                0x00000000       0x14 .\CortexM0\ARM_GCC_493\Debug\UART echo with interrupt.a(CyLib.o)
 .text.CySysLvdEnable
                0x00000000       0x44 .\CortexM0\ARM_GCC_493\Debug\UART echo with interrupt.a(CyLib.o)
 .text.CyDelayFreq
                0x00000000       0x4c .\CortexM0\ARM_GCC_493\Debug\UART echo with interrupt.a(CyLib.o)
 .text.CySysTickStop
                0x00000000       0x10 .\CortexM0\ARM_GCC_493\Debug\UART echo with interrupt.a(CyLib.o)
 .text.CySysTickEnableInterrupt
                0x00000000       0x10 .\CortexM0\ARM_GCC_493\Debug\UART echo with interrupt.a(CyLib.o)
 .text.CySysTickEnable
                0x00000000       0x18 .\CortexM0\ARM_GCC_493\Debug\UART echo with interrupt.a(CyLib.o)
 .text.CySysTickDisableInterrupt
                0x00000000       0x10 .\CortexM0\ARM_GCC_493\Debug\UART echo with interrupt.a(CyLib.o)
 .text.CySysTickSetReload
                0x00000000       0x10 .\CortexM0\ARM_GCC_493\Debug\UART echo with interrupt.a(CyLib.o)
 .text.CySysTickGetReload
                0x00000000       0x10 .\CortexM0\ARM_GCC_493\Debug\UART echo with interrupt.a(CyLib.o)
 .text.CySysTickGetValue
                0x00000000       0x10 .\CortexM0\ARM_GCC_493\Debug\UART echo with interrupt.a(CyLib.o)
 .text.CySysTickSetClockSource
                0x00000000       0x20 .\CortexM0\ARM_GCC_493\Debug\UART echo with interrupt.a(CyLib.o)
 .text.CySysTickGetCountFlag
                0x00000000       0x10 .\CortexM0\ARM_GCC_493\Debug\UART echo with interrupt.a(CyLib.o)
 .text.CySysTickServiceCallbacks
                0x00000000       0x28 .\CortexM0\ARM_GCC_493\Debug\UART echo with interrupt.a(CyLib.o)
 .text.CySysTickClear
                0x00000000        0xc .\CortexM0\ARM_GCC_493\Debug\UART echo with interrupt.a(CyLib.o)
 .text.CySysTickInit
                0x00000000       0x4c .\CortexM0\ARM_GCC_493\Debug\UART echo with interrupt.a(CyLib.o)
 .text.CySysTickStart
                0x00000000       0x20 .\CortexM0\ARM_GCC_493\Debug\UART echo with interrupt.a(CyLib.o)
 .text.CySysTickSetCallback
                0x00000000       0x10 .\CortexM0\ARM_GCC_493\Debug\UART echo with interrupt.a(CyLib.o)
 .text.CySysTickGetCallback
                0x00000000        0xc .\CortexM0\ARM_GCC_493\Debug\UART echo with interrupt.a(CyLib.o)
 .text.CyGetUniqueId
                0x00000000       0x70 .\CortexM0\ARM_GCC_493\Debug\UART echo with interrupt.a(CyLib.o)
 .text.CySysSetRamAccessArbPriority
                0x00000000       0x20 .\CortexM0\ARM_GCC_493\Debug\UART echo with interrupt.a(CyLib.o)
 .text.CySysSetFlashAccessArbPriority
                0x00000000       0x20 .\CortexM0\ARM_GCC_493\Debug\UART echo with interrupt.a(CyLib.o)
 .text.CySysSetDmacAccessArbPriority
                0x00000000       0x20 .\CortexM0\ARM_GCC_493\Debug\UART echo with interrupt.a(CyLib.o)
 .text.CySysSetPeripheralAccessArbPriority
                0x00000000       0x68 .\CortexM0\ARM_GCC_493\Debug\UART echo with interrupt.a(CyLib.o)
 .text          0x00000000        0x0 .\CortexM0\ARM_GCC_493\Debug\UART echo with interrupt.a(cyPm.o)
 .data          0x00000000        0x0 .\CortexM0\ARM_GCC_493\Debug\UART echo with interrupt.a(cyPm.o)
 .bss           0x00000000        0x0 .\CortexM0\ARM_GCC_493\Debug\UART echo with interrupt.a(cyPm.o)
 .text.CySysPmDeepSleep
                0x00000000       0x58 .\CortexM0\ARM_GCC_493\Debug\UART echo with interrupt.a(cyPm.o)
 .text.CySysPmHibernate
                0x00000000       0xc0 .\CortexM0\ARM_GCC_493\Debug\UART echo with interrupt.a(cyPm.o)
 .text.CySysPmSetWakeupPolarity
                0x00000000       0x34 .\CortexM0\ARM_GCC_493\Debug\UART echo with interrupt.a(cyPm.o)
 .text.CySysPmGetResetReason
                0x00000000       0x28 .\CortexM0\ARM_GCC_493\Debug\UART echo with interrupt.a(cyPm.o)
 .text.CySysPmFreezeIo
                0x00000000       0x38 .\CortexM0\ARM_GCC_493\Debug\UART echo with interrupt.a(cyPm.o)
 .text.CySysPmStop
                0x00000000       0x30 .\CortexM0\ARM_GCC_493\Debug\UART echo with interrupt.a(cyPm.o)
 .text.CySysPmUnfreezeIo
                0x00000000       0x30 .\CortexM0\ARM_GCC_493\Debug\UART echo with interrupt.a(cyPm.o)
 .text          0x00000000        0x0 .\CortexM0\ARM_GCC_493\Debug\UART echo with interrupt.a(CyLFClk.o)
 .text.CySysClkIloEnabled
                0x00000000       0x14 .\CortexM0\ARM_GCC_493\Debug\UART echo with interrupt.a(CyLFClk.o)
 .text.CySysClkGetLfclkSource
                0x00000000       0x10 .\CortexM0\ARM_GCC_493\Debug\UART echo with interrupt.a(CyLFClk.o)
 .text.CySysClkIloStart
                0x00000000       0x14 .\CortexM0\ARM_GCC_493\Debug\UART echo with interrupt.a(CyLFClk.o)
 .text.CySysClkWcoStart
                0x00000000       0x40 .\CortexM0\ARM_GCC_493\Debug\UART echo with interrupt.a(CyLFClk.o)
 .text.CySysClkWcoSetPowerMode
                0x00000000       0x4c .\CortexM0\ARM_GCC_493\Debug\UART echo with interrupt.a(CyLFClk.o)
 .text.CySysWdtGetEnabledStatus
                0x00000000       0x24 .\CortexM0\ARM_GCC_493\Debug\UART echo with interrupt.a(CyLFClk.o)
 .text.CySysWdtSetMode
                0x00000000       0x38 .\CortexM0\ARM_GCC_493\Debug\UART echo with interrupt.a(CyLFClk.o)
 .text.CySysClkLfclkPosedgeRestore
                0x00000000       0x2c .\CortexM0\ARM_GCC_493\Debug\UART echo with interrupt.a(CyLFClk.o)
 .text.CySysWdtGetMode
                0x00000000       0x14 .\CortexM0\ARM_GCC_493\Debug\UART echo with interrupt.a(CyLFClk.o)
 .text.CySysWdtSetClearOnMatch
                0x00000000       0x38 .\CortexM0\ARM_GCC_493\Debug\UART echo with interrupt.a(CyLFClk.o)
 .text.CySysWdtGetClearOnMatch
                0x00000000       0x24 .\CortexM0\ARM_GCC_493\Debug\UART echo with interrupt.a(CyLFClk.o)
 .text.CySysWdtEnable
                0x00000000       0x3c .\CortexM0\ARM_GCC_493\Debug\UART echo with interrupt.a(CyLFClk.o)
 .text.CySysWdtDisable
                0x00000000       0x44 .\CortexM0\ARM_GCC_493\Debug\UART echo with interrupt.a(CyLFClk.o)
 .text.CySysWdtSetCascade
                0x00000000       0x34 .\CortexM0\ARM_GCC_493\Debug\UART echo with interrupt.a(CyLFClk.o)
 .text.CySysWdtGetCascade
                0x00000000       0x14 .\CortexM0\ARM_GCC_493\Debug\UART echo with interrupt.a(CyLFClk.o)
 .text.CySysWdtSetMatch
                0x00000000       0x58 .\CortexM0\ARM_GCC_493\Debug\UART echo with interrupt.a(CyLFClk.o)
 .text.CySysWdtSetToggleBit
                0x00000000       0x2c .\CortexM0\ARM_GCC_493\Debug\UART echo with interrupt.a(CyLFClk.o)
 .text.CySysWdtGetToggleBit
                0x00000000       0x10 .\CortexM0\ARM_GCC_493\Debug\UART echo with interrupt.a(CyLFClk.o)
 .text.CySysWdtGetMatch
                0x00000000       0x20 .\CortexM0\ARM_GCC_493\Debug\UART echo with interrupt.a(CyLFClk.o)
 .text.CySysWdtGetCount
                0x00000000       0x3c .\CortexM0\ARM_GCC_493\Debug\UART echo with interrupt.a(CyLFClk.o)
 .text.CySysClkLfclkPosedgeCatch
                0x00000000       0x74 .\CortexM0\ARM_GCC_493\Debug\UART echo with interrupt.a(CyLFClk.o)
 .text.CySysClkIloStop
                0x00000000       0x4c .\CortexM0\ARM_GCC_493\Debug\UART echo with interrupt.a(CyLFClk.o)
 .text.CySysClkSetLfclkSource
                0x00000000       0x38 .\CortexM0\ARM_GCC_493\Debug\UART echo with interrupt.a(CyLFClk.o)
 .text.CySysClkWcoStop
                0x00000000       0x48 .\CortexM0\ARM_GCC_493\Debug\UART echo with interrupt.a(CyLFClk.o)
 .text.CySysWdtGetInterruptSource
                0x00000000       0x14 .\CortexM0\ARM_GCC_493\Debug\UART echo with interrupt.a(CyLFClk.o)
 .text.CySysWdtResetCounters
                0x00000000       0x20 .\CortexM0\ARM_GCC_493\Debug\UART echo with interrupt.a(CyLFClk.o)
 .text.CySysWdtSetInterruptCallback
                0x00000000       0x20 .\CortexM0\ARM_GCC_493\Debug\UART echo with interrupt.a(CyLFClk.o)
 .text.CySysWdtGetInterruptCallback
                0x00000000       0x20 .\CortexM0\ARM_GCC_493\Debug\UART echo with interrupt.a(CyLFClk.o)
 .text.CySysWdtEnableCounterIsr
                0x00000000       0x34 .\CortexM0\ARM_GCC_493\Debug\UART echo with interrupt.a(CyLFClk.o)
 .text.CySysWdtDisableCounterIsr
                0x00000000       0x28 .\CortexM0\ARM_GCC_493\Debug\UART echo with interrupt.a(CyLFClk.o)
 .text.CySysTimerDelayUntilMatch
                0x00000000       0x6c .\CortexM0\ARM_GCC_493\Debug\UART echo with interrupt.a(CyLFClk.o)
 .text.CySysTimerDelay
                0x00000000       0x3c .\CortexM0\ARM_GCC_493\Debug\UART echo with interrupt.a(CyLFClk.o)
 .text.CySysWatchdogFeed
                0x00000000       0x60 .\CortexM0\ARM_GCC_493\Debug\UART echo with interrupt.a(CyLFClk.o)
 .rodata        0x00000000        0xc .\CortexM0\ARM_GCC_493\Debug\UART echo with interrupt.a(CyLFClk.o)
 .text          0x00000000        0x0 .\CortexM0\ARM_GCC_493\Debug\UART echo with interrupt.a(BLUE_LED.o)
 .data          0x00000000        0x0 .\CortexM0\ARM_GCC_493\Debug\UART echo with interrupt.a(BLUE_LED.o)
 .bss           0x00000000        0x0 .\CortexM0\ARM_GCC_493\Debug\UART echo with interrupt.a(BLUE_LED.o)
 .text.BLUE_LED_SetDriveMode
                0x00000000       0x18 .\CortexM0\ARM_GCC_493\Debug\UART echo with interrupt.a(BLUE_LED.o)
 .text.BLUE_LED_ReadDataReg
                0x00000000       0x10 .\CortexM0\ARM_GCC_493\Debug\UART echo with interrupt.a(BLUE_LED.o)
 .text.BLUE_LED_SetInterruptMode
                0x00000000       0x14 .\CortexM0\ARM_GCC_493\Debug\UART echo with interrupt.a(BLUE_LED.o)
 .text.BLUE_LED_ClearInterrupt
                0x00000000       0x14 .\CortexM0\ARM_GCC_493\Debug\UART echo with interrupt.a(BLUE_LED.o)
 .text          0x00000000        0x0 .\CortexM0\ARM_GCC_493\Debug\UART echo with interrupt.a(Debug.o)
 .data          0x00000000        0x0 .\CortexM0\ARM_GCC_493\Debug\UART echo with interrupt.a(Debug.o)
 .bss           0x00000000        0x0 .\CortexM0\ARM_GCC_493\Debug\UART echo with interrupt.a(Debug.o)
 .text.Debug_SetDriveMode
                0x00000000       0x18 .\CortexM0\ARM_GCC_493\Debug\UART echo with interrupt.a(Debug.o)
 .text.Debug_ReadDataReg
                0x00000000       0x10 .\CortexM0\ARM_GCC_493\Debug\UART echo with interrupt.a(Debug.o)
 .text.Debug_SetInterruptMode
                0x00000000       0x14 .\CortexM0\ARM_GCC_493\Debug\UART echo with interrupt.a(Debug.o)
 .text.Debug_ClearInterrupt
                0x00000000       0x14 .\CortexM0\ARM_GCC_493\Debug\UART echo with interrupt.a(Debug.o)
 .text          0x00000000        0x0 .\CortexM0\ARM_GCC_493\Debug\UART echo with interrupt.a(CyFlash.o)
 .data          0x00000000        0x0 .\CortexM0\ARM_GCC_493\Debug\UART echo with interrupt.a(CyFlash.o)
 .bss           0x00000000        0x0 .\CortexM0\ARM_GCC_493\Debug\UART echo with interrupt.a(CyFlash.o)
 .text.CySysFlashClockBackup
                0x00000000        0x4 .\CortexM0\ARM_GCC_493\Debug\UART echo with interrupt.a(CyFlash.o)
 .text.CySysFlashClockRestore
                0x00000000        0x4 .\CortexM0\ARM_GCC_493\Debug\UART echo with interrupt.a(CyFlash.o)
 .text.CySysFlashWriteRow
                0x00000000       0xd8 .\CortexM0\ARM_GCC_493\Debug\UART echo with interrupt.a(CyFlash.o)
 .text.CySysSFlashWriteUserRow
                0x00000000       0xcc .\CortexM0\ARM_GCC_493\Debug\UART echo with interrupt.a(CyFlash.o)
 .text          0x00000000      0x120 c:/program files (x86)/cypress/psoc creator/3.3/psoc creator/import/gnu/arm/4.9.3/bin/../lib/gcc/arm-none-eabi/4.9.3/armv6-m\libgcc.a(_udivsi3.o)
 .data          0x00000000        0x0 c:/program files (x86)/cypress/psoc creator/3.3/psoc creator/import/gnu/arm/4.9.3/bin/../lib/gcc/arm-none-eabi/4.9.3/armv6-m\libgcc.a(_udivsi3.o)
 .bss           0x00000000        0x0 c:/program files (x86)/cypress/psoc creator/3.3/psoc creator/import/gnu/arm/4.9.3/bin/../lib/gcc/arm-none-eabi/4.9.3/armv6-m\libgcc.a(_udivsi3.o)
 .text          0x00000000        0x4 c:/program files (x86)/cypress/psoc creator/3.3/psoc creator/import/gnu/arm/4.9.3/bin/../lib/gcc/arm-none-eabi/4.9.3/armv6-m\libgcc.a(_dvmd_tls.o)
 .data          0x00000000        0x0 c:/program files (x86)/cypress/psoc creator/3.3/psoc creator/import/gnu/arm/4.9.3/bin/../lib/gcc/arm-none-eabi/4.9.3/armv6-m\libgcc.a(_dvmd_tls.o)
 .bss           0x00000000        0x0 c:/program files (x86)/cypress/psoc creator/3.3/psoc creator/import/gnu/arm/4.9.3/bin/../lib/gcc/arm-none-eabi/4.9.3/armv6-m\libgcc.a(_dvmd_tls.o)
 .text          0x00000000        0x0 c:/program files (x86)/cypress/psoc creator/3.3/psoc creator/import/gnu/arm/4.9.3/bin/../lib/gcc/arm-none-eabi/4.9.3/../../../../arm-none-eabi/lib/armv6-m\libg_nano.a(lib_a-errno.o)
 .data          0x00000000        0x0 c:/program files (x86)/cypress/psoc creator/3.3/psoc creator/import/gnu/arm/4.9.3/bin/../lib/gcc/arm-none-eabi/4.9.3/../../../../arm-none-eabi/lib/armv6-m\libg_nano.a(lib_a-errno.o)
 .bss           0x00000000        0x0 c:/program files (x86)/cypress/psoc creator/3.3/psoc creator/import/gnu/arm/4.9.3/bin/../lib/gcc/arm-none-eabi/4.9.3/../../../../arm-none-eabi/lib/armv6-m\libg_nano.a(lib_a-errno.o)
 .text.__errno  0x00000000        0xc c:/program files (x86)/cypress/psoc creator/3.3/psoc creator/import/gnu/arm/4.9.3/bin/../lib/gcc/arm-none-eabi/4.9.3/../../../../arm-none-eabi/lib/armv6-m\libg_nano.a(lib_a-errno.o)
 .text          0x00000000        0x0 c:/program files (x86)/cypress/psoc creator/3.3/psoc creator/import/gnu/arm/4.9.3/bin/../lib/gcc/arm-none-eabi/4.9.3/../../../../arm-none-eabi/lib/armv6-m\libg_nano.a(lib_a-exit.o)
 .data          0x00000000        0x0 c:/program files (x86)/cypress/psoc creator/3.3/psoc creator/import/gnu/arm/4.9.3/bin/../lib/gcc/arm-none-eabi/4.9.3/../../../../arm-none-eabi/lib/armv6-m\libg_nano.a(lib_a-exit.o)
 .bss           0x00000000        0x0 c:/program files (x86)/cypress/psoc creator/3.3/psoc creator/import/gnu/arm/4.9.3/bin/../lib/gcc/arm-none-eabi/4.9.3/../../../../arm-none-eabi/lib/armv6-m\libg_nano.a(lib_a-exit.o)
 .text.exit     0x00000000       0x2c c:/program files (x86)/cypress/psoc creator/3.3/psoc creator/import/gnu/arm/4.9.3/bin/../lib/gcc/arm-none-eabi/4.9.3/../../../../arm-none-eabi/lib/armv6-m\libg_nano.a(lib_a-exit.o)
 .text          0x00000000        0x0 c:/program files (x86)/cypress/psoc creator/3.3/psoc creator/import/gnu/arm/4.9.3/bin/../lib/gcc/arm-none-eabi/4.9.3/../../../../arm-none-eabi/lib/armv6-m\libg_nano.a(lib_a-impure.o)
 .data          0x00000000        0x0 c:/program files (x86)/cypress/psoc creator/3.3/psoc creator/import/gnu/arm/4.9.3/bin/../lib/gcc/arm-none-eabi/4.9.3/../../../../arm-none-eabi/lib/armv6-m\libg_nano.a(lib_a-impure.o)
 .bss           0x00000000        0x0 c:/program files (x86)/cypress/psoc creator/3.3/psoc creator/import/gnu/arm/4.9.3/bin/../lib/gcc/arm-none-eabi/4.9.3/../../../../arm-none-eabi/lib/armv6-m\libg_nano.a(lib_a-impure.o)
 .data.impure_data
                0x00000000       0x60 c:/program files (x86)/cypress/psoc creator/3.3/psoc creator/import/gnu/arm/4.9.3/bin/../lib/gcc/arm-none-eabi/4.9.3/../../../../arm-none-eabi/lib/armv6-m\libg_nano.a(lib_a-impure.o)
 .data._impure_ptr
                0x00000000        0x4 c:/program files (x86)/cypress/psoc creator/3.3/psoc creator/import/gnu/arm/4.9.3/bin/../lib/gcc/arm-none-eabi/4.9.3/../../../../arm-none-eabi/lib/armv6-m\libg_nano.a(lib_a-impure.o)
 .rodata.str1.1
                0x00000000        0x2 c:/program files (x86)/cypress/psoc creator/3.3/psoc creator/import/gnu/arm/4.9.3/bin/../lib/gcc/arm-none-eabi/4.9.3/../../../../arm-none-eabi/lib/armv6-m\libg_nano.a(lib_a-impure.o)
 .rodata._global_impure_ptr
                0x00000000        0x4 c:/program files (x86)/cypress/psoc creator/3.3/psoc creator/import/gnu/arm/4.9.3/bin/../lib/gcc/arm-none-eabi/4.9.3/../../../../arm-none-eabi/lib/armv6-m\libg_nano.a(lib_a-impure.o)
 .text          0x00000000        0x0 c:/program files (x86)/cypress/psoc creator/3.3/psoc creator/import/gnu/arm/4.9.3/bin/../lib/gcc/arm-none-eabi/4.9.3/../../../../arm-none-eabi/lib/armv6-m\libg_nano.a(lib_a-init.o)
 .data          0x00000000        0x0 c:/program files (x86)/cypress/psoc creator/3.3/psoc creator/import/gnu/arm/4.9.3/bin/../lib/gcc/arm-none-eabi/4.9.3/../../../../arm-none-eabi/lib/armv6-m\libg_nano.a(lib_a-init.o)
 .bss           0x00000000        0x0 c:/program files (x86)/cypress/psoc creator/3.3/psoc creator/import/gnu/arm/4.9.3/bin/../lib/gcc/arm-none-eabi/4.9.3/../../../../arm-none-eabi/lib/armv6-m\libg_nano.a(lib_a-init.o)
 .text          0x00000000        0x0 c:/program files (x86)/cypress/psoc creator/3.3/psoc creator/import/gnu/arm/4.9.3/bin/../lib/gcc/arm-none-eabi/4.9.3/../../../../arm-none-eabi/lib/armv6-m\libg_nano.a(lib_a-memcpy.o)
 .data          0x00000000        0x0 c:/program files (x86)/cypress/psoc creator/3.3/psoc creator/import/gnu/arm/4.9.3/bin/../lib/gcc/arm-none-eabi/4.9.3/../../../../arm-none-eabi/lib/armv6-m\libg_nano.a(lib_a-memcpy.o)
 .bss           0x00000000        0x0 c:/program files (x86)/cypress/psoc creator/3.3/psoc creator/import/gnu/arm/4.9.3/bin/../lib/gcc/arm-none-eabi/4.9.3/../../../../arm-none-eabi/lib/armv6-m\libg_nano.a(lib_a-memcpy.o)
 .text.memcpy   0x00000000       0x12 c:/program files (x86)/cypress/psoc creator/3.3/psoc creator/import/gnu/arm/4.9.3/bin/../lib/gcc/arm-none-eabi/4.9.3/../../../../arm-none-eabi/lib/armv6-m\libg_nano.a(lib_a-memcpy.o)
 .text          0x00000000        0x0 c:/program files (x86)/cypress/psoc creator/3.3/psoc creator/import/gnu/arm/4.9.3/bin/../lib/gcc/arm-none-eabi/4.9.3/../../../../arm-none-eabi/lib/armv6-m\libg_nano.a(lib_a-memset.o)
 .data          0x00000000        0x0 c:/program files (x86)/cypress/psoc creator/3.3/psoc creator/import/gnu/arm/4.9.3/bin/../lib/gcc/arm-none-eabi/4.9.3/../../../../arm-none-eabi/lib/armv6-m\libg_nano.a(lib_a-memset.o)
 .bss           0x00000000        0x0 c:/program files (x86)/cypress/psoc creator/3.3/psoc creator/import/gnu/arm/4.9.3/bin/../lib/gcc/arm-none-eabi/4.9.3/../../../../arm-none-eabi/lib/armv6-m\libg_nano.a(lib_a-memset.o)
 .text          0x00000000        0x0 c:/program files (x86)/cypress/psoc creator/3.3/psoc creator/import/gnu/arm/4.9.3/bin/../lib/gcc/arm-none-eabi/4.9.3/armv6-m/crtend.o
 .data          0x00000000        0x0 c:/program files (x86)/cypress/psoc creator/3.3/psoc creator/import/gnu/arm/4.9.3/bin/../lib/gcc/arm-none-eabi/4.9.3/armv6-m/crtend.o
 .bss           0x00000000        0x0 c:/program files (x86)/cypress/psoc creator/3.3/psoc creator/import/gnu/arm/4.9.3/bin/../lib/gcc/arm-none-eabi/4.9.3/armv6-m/crtend.o
 .text          0x00000000        0x0 c:/program files (x86)/cypress/psoc creator/3.3/psoc creator/import/gnu/arm/4.9.3/bin/../lib/gcc/arm-none-eabi/4.9.3/armv6-m/crtn.o
 .data          0x00000000        0x0 c:/program files (x86)/cypress/psoc creator/3.3/psoc creator/import/gnu/arm/4.9.3/bin/../lib/gcc/arm-none-eabi/4.9.3/armv6-m/crtn.o
 .bss           0x00000000        0x0 c:/program files (x86)/cypress/psoc creator/3.3/psoc creator/import/gnu/arm/4.9.3/bin/../lib/gcc/arm-none-eabi/4.9.3/armv6-m/crtn.o

Memory Configuration

Name             Origin             Length             Attributes
rom              0x00000000         0x00020000         xr
ram              0x20000000         0x00004000         xrw
*default*        0x00000000         0xffffffff

Linker script and memory map

LOAD c:/program files (x86)/cypress/psoc creator/3.3/psoc creator/import/gnu/arm/4.9.3/bin/../lib/gcc/arm-none-eabi/4.9.3/armv6-m/crti.o
LOAD c:/program files (x86)/cypress/psoc creator/3.3/psoc creator/import/gnu/arm/4.9.3/bin/../lib/gcc/arm-none-eabi/4.9.3/armv6-m/crtbegin.o
LOAD c:/program files (x86)/cypress/psoc creator/3.3/psoc creator/import/gnu/arm/4.9.3/bin/../lib/gcc/arm-none-eabi/4.9.3/../../../../arm-none-eabi/lib/armv6-m/crt0.o
START GROUP
LOAD .\CortexM0\ARM_GCC_493\Debug\main.o
LOAD .\CortexM0\ARM_GCC_493\Debug\cymetadata.o
LOAD .\CortexM0\ARM_GCC_493\Debug\Cm0Start.o
LOAD .\CortexM0\ARM_GCC_493\Debug\UART echo with interrupt.a
LOAD C:\Program Files (x86)\Cypress\PSoC Creator\3.3\PSoC Creator\psoc\content\cycomponentlibrary\CyComponentLibrary.cylib\CortexM0\ARM_GCC_493\Debug\CyComponentLibrary.a
END GROUP
START GROUP
LOAD c:/program files (x86)/cypress/psoc creator/3.3/psoc creator/import/gnu/arm/4.9.3/bin/../lib/gcc/arm-none-eabi/4.9.3/armv6-m\libgcc.a
LOAD c:/program files (x86)/cypress/psoc creator/3.3/psoc creator/import/gnu/arm/4.9.3/bin/../lib/gcc/arm-none-eabi/4.9.3/../../../../arm-none-eabi/lib/armv6-m\libg_nano.a
LOAD c:/program files (x86)/cypress/psoc creator/3.3/psoc creator/import/gnu/arm/4.9.3/bin/../lib/gcc/arm-none-eabi/4.9.3/../../../../arm-none-eabi/lib/armv6-m\libc_nano.a
END GROUP
START GROUP
LOAD c:/program files (x86)/cypress/psoc creator/3.3/psoc creator/import/gnu/arm/4.9.3/bin/../lib/gcc/arm-none-eabi/4.9.3/armv6-m\libgcc.a
LOAD c:/program files (x86)/cypress/psoc creator/3.3/psoc creator/import/gnu/arm/4.9.3/bin/../lib/gcc/arm-none-eabi/4.9.3/../../../../arm-none-eabi/lib/armv6-m\libc_nano.a
END GROUP
LOAD c:/program files (x86)/cypress/psoc creator/3.3/psoc creator/import/gnu/arm/4.9.3/bin/../lib/gcc/arm-none-eabi/4.9.3/armv6-m/crtend.o
LOAD c:/program files (x86)/cypress/psoc creator/3.3/psoc creator/import/gnu/arm/4.9.3/bin/../lib/gcc/arm-none-eabi/4.9.3/armv6-m/crtn.o
START GROUP
LOAD c:/program files (x86)/cypress/psoc creator/3.3/psoc creator/import/gnu/arm/4.9.3/bin/../lib/gcc/arm-none-eabi/4.9.3/armv6-m\libgcc.a
LOAD c:/program files (x86)/cypress/psoc creator/3.3/psoc creator/import/gnu/arm/4.9.3/bin/../lib/gcc/arm-none-eabi/4.9.3/../../../../arm-none-eabi/lib/armv6-m\libc.a
LOAD c:/program files (x86)/cypress/psoc creator/3.3/psoc creator/import/gnu/arm/4.9.3/bin/../lib/gcc/arm-none-eabi/4.9.3/../../../../arm-none-eabi/lib/armv6-m\libnosys.a
END GROUP
                0x00000000                CY_APPL_ORIGIN = 0x0
                0x00000080                CY_FLASH_ROW_SIZE = 0x80
                0x00000001                CY_APPL_NUM = 0x1
                0x00000001                CY_APPL_MAX = 0x1
                0x00000040                CY_METADATA_SIZE = 0x40
                0x00000000                CY_APPL_LOADABLE = 0x0
                0x00000000                CY_CHECKSUM_EXCLUDE_SIZE = ALIGN (0x0, CY_FLASH_ROW_SIZE)
                0x00000000                CY_APP_FOR_STACK_AND_COPIER = 0x0
                0x20000120                PROVIDE (__cy_heap_start, _end)
                0x00000001                PROVIDE (__cy_region_num, ((__cy_regions_end - __cy_regions) / 0x10))
                0x20004000                PROVIDE (__cy_stack, (ORIGIN (ram) + 0x4000))
                0x20003800                PROVIDE (__cy_heap_end, (__cy_stack - 0x800))

.cybootloader   0x00000000        0x0
 *(.cybootloader)
                0x00000000                appl1_start = CY_APPL_ORIGIN?CY_APPL_ORIGIN:ALIGN (CY_FLASH_ROW_SIZE)
                0x0000ff80                appl2_start = (appl1_start + ALIGN ((((0x20000 - appl1_start) - (0x2 * CY_FLASH_ROW_SIZE)) / 0x2), CY_FLASH_ROW_SIZE))
                0x00000000                appl_start = (CY_APPL_NUM == 0x1)?appl1_start:appl2_start
                0x00000001                cy_project_type_bootloader = (appl_start == 0x0)?0x1:0x0
                0x00000000                cy_project_type_app_for_stack_and_copier = (CY_APP_FOR_STACK_AND_COPIER == 0x1)?0x1:0x0

.text           0x00000000      0xb4c
 CREATE_OBJECT_SYMBOLS
                0x00000000                PROVIDE (__cy_interrupt_vector, RomVectors)
 *(.romvectors)
 .romvectors    0x00000000       0x10 .\CortexM0\ARM_GCC_493\Debug\Cm0Start.o
                0x00000000                RomVectors
                0x00000001                ASSERT ((. != __cy_interrupt_vector), No interrupt vector)
                0x00000001                ASSERT (CY_APPL_ORIGIN?(SIZEOF (.cybootloader) <= CY_APPL_ORIGIN):0x1, Wrong image location)
                0x00000010                PROVIDE (__cy_reset, Reset)
 *(.text.Reset)
 .text.Reset    0x00000010        0x8 .\CortexM0\ARM_GCC_493\Debug\Cm0Start.o
                0x00000010                Reset
                0x00000001                ASSERT ((. != __cy_reset), No reset code)
 *(.psocinit)
 .psocinit      0x00000018      0x16c .\CortexM0\ARM_GCC_493\Debug\UART echo with interrupt.a(cyfitter_cfg.o)
                0x000000ac                cyfitter_cfg
                0x00000184                . = MAX (., 0x100)
 *(.text .text.* .gnu.linkonce.t.*)
 .text          0x00000184       0x60 c:/program files (x86)/cypress/psoc creator/3.3/psoc creator/import/gnu/arm/4.9.3/bin/../lib/gcc/arm-none-eabi/4.9.3/armv6-m/crtbegin.o
 .text.RX_interrupt
                0x000001e4       0x34 .\CortexM0\ARM_GCC_493\Debug\main.o
                0x000001e4                RX_interrupt
 .text.BLE_RX_interrupt
                0x00000218       0x1c .\CortexM0\ARM_GCC_493\Debug\main.o
                0x00000218                BLE_RX_interrupt
 .text.main     0x00000234       0x28 .\CortexM0\ARM_GCC_493\Debug\main.o
                0x00000234                main
 .text.IntDefaultHandler
                0x0000025c        0x4 .\CortexM0\ARM_GCC_493\Debug\Cm0Start.o
                0x0000025c                IntDefaultHandler
 .text.Start_c  0x00000260       0x48 .\CortexM0\ARM_GCC_493\Debug\Cm0Start.o
                0x00000260                Start_c
 .text.initialize_psoc
                0x000002a8       0x54 .\CortexM0\ARM_GCC_493\Debug\Cm0Start.o
                0x000002a8                initialize_psoc
 .text.AnalogSetDefault
                0x000002fc       0x20 .\CortexM0\ARM_GCC_493\Debug\UART echo with interrupt.a(cyfitter_cfg.o)
 .text.CYMEMZERO
                0x0000031c        0xc .\CortexM0\ARM_GCC_493\Debug\UART echo with interrupt.a(cyfitter_cfg.o)
 .text.UART_RX_ISR_SetVector
                0x00000328        0xc .\CortexM0\ARM_GCC_493\Debug\UART echo with interrupt.a(UART_RX_ISR.o)
                0x00000328                UART_RX_ISR_SetVector
 .text.UART_RX_ISR_SetPriority
                0x00000334       0x20 .\CortexM0\ARM_GCC_493\Debug\UART echo with interrupt.a(UART_RX_ISR.o)
                0x00000334                UART_RX_ISR_SetPriority
 .text.UART_RX_ISR_Enable
                0x00000354       0x10 .\CortexM0\ARM_GCC_493\Debug\UART echo with interrupt.a(UART_RX_ISR.o)
                0x00000354                UART_RX_ISR_Enable
 .text.UART_RX_ISR_Disable
                0x00000364       0x10 .\CortexM0\ARM_GCC_493\Debug\UART echo with interrupt.a(UART_RX_ISR.o)
                0x00000364                UART_RX_ISR_Disable
 .text.UART_RX_ISR_StartEx
                0x00000374       0x1c .\CortexM0\ARM_GCC_493\Debug\UART echo with interrupt.a(UART_RX_ISR.o)
                0x00000374                UART_RX_ISR_StartEx
 .text.UART_ScbModePostEnable
                0x00000390        0x8 .\CortexM0\ARM_GCC_493\Debug\UART echo with interrupt.a(UART.o)
 .text.UART_Init
                0x00000398        0x8 .\CortexM0\ARM_GCC_493\Debug\UART echo with interrupt.a(UART.o)
                0x00000398                UART_Init
 .text.UART_Enable
                0x000003a0       0x18 .\CortexM0\ARM_GCC_493\Debug\UART echo with interrupt.a(UART.o)
                0x000003a0                UART_Enable
 .text.UART_Start
                0x000003b8       0x20 .\CortexM0\ARM_GCC_493\Debug\UART echo with interrupt.a(UART.o)
                0x000003b8                UART_Start
 .text.UART_SpiUartReadRxData
                0x000003d8        0xc .\CortexM0\ARM_GCC_493\Debug\UART echo with interrupt.a(UART_SPI_UART.o)
                0x000003d8                UART_SpiUartReadRxData
 .text.UART_SpiUartGetRxBufferSize
                0x000003e4       0x10 .\CortexM0\ARM_GCC_493\Debug\UART echo with interrupt.a(UART_SPI_UART.o)
                0x000003e4                UART_SpiUartGetRxBufferSize
 .text.UART_SpiUartWriteTxData
                0x000003f4       0x1c .\CortexM0\ARM_GCC_493\Debug\UART echo with interrupt.a(UART_SPI_UART.o)
                0x000003f4                UART_SpiUartWriteTxData
 .text.UART_UartInit
                0x00000410       0x98 .\CortexM0\ARM_GCC_493\Debug\UART echo with interrupt.a(UART_UART.o)
                0x00000410                UART_UartInit
 .text.UART_UartPostEnable
                0x000004a8       0x14 .\CortexM0\ARM_GCC_493\Debug\UART echo with interrupt.a(UART_UART.o)
                0x000004a8                UART_UartPostEnable
 .text.UART_UartGetChar
                0x000004bc       0x2c .\CortexM0\ARM_GCC_493\Debug\UART echo with interrupt.a(UART_UART.o)
                0x000004bc                UART_UartGetChar
 .text.UART_BLE_RX_ISR_SetVector
                0x000004e8        0xc .\CortexM0\ARM_GCC_493\Debug\UART echo with interrupt.a(UART_BLE_RX_ISR.o)
                0x000004e8                UART_BLE_RX_ISR_SetVector
 .text.UART_BLE_RX_ISR_SetPriority
                0x000004f4       0x24 .\CortexM0\ARM_GCC_493\Debug\UART echo with interrupt.a(UART_BLE_RX_ISR.o)
                0x000004f4                UART_BLE_RX_ISR_SetPriority
 .text.UART_BLE_RX_ISR_Enable
                0x00000518       0x10 .\CortexM0\ARM_GCC_493\Debug\UART echo with interrupt.a(UART_BLE_RX_ISR.o)
                0x00000518                UART_BLE_RX_ISR_Enable
 .text.UART_BLE_RX_ISR_Disable
                0x00000528       0x10 .\CortexM0\ARM_GCC_493\Debug\UART echo with interrupt.a(UART_BLE_RX_ISR.o)
                0x00000528                UART_BLE_RX_ISR_Disable
 .text.UART_BLE_RX_ISR_StartEx
                0x00000538       0x1c .\CortexM0\ARM_GCC_493\Debug\UART echo with interrupt.a(UART_BLE_RX_ISR.o)
                0x00000538                UART_BLE_RX_ISR_StartEx
 .text.UART_BLE_ScbModePostEnable
                0x00000554        0x8 .\CortexM0\ARM_GCC_493\Debug\UART echo with interrupt.a(UART_BLE.o)
 .text.UART_BLE_Init
                0x0000055c        0x8 .\CortexM0\ARM_GCC_493\Debug\UART echo with interrupt.a(UART_BLE.o)
                0x0000055c                UART_BLE_Init
 .text.UART_BLE_Enable
                0x00000564       0x18 .\CortexM0\ARM_GCC_493\Debug\UART echo with interrupt.a(UART_BLE.o)
                0x00000564                UART_BLE_Enable
 .text.UART_BLE_Start
                0x0000057c       0x20 .\CortexM0\ARM_GCC_493\Debug\UART echo with interrupt.a(UART_BLE.o)
                0x0000057c                UART_BLE_Start
 .text.UART_BLE_SpiUartReadRxData
                0x0000059c        0xc .\CortexM0\ARM_GCC_493\Debug\UART echo with interrupt.a(UART_BLE_SPI_UART.o)
                0x0000059c                UART_BLE_SpiUartReadRxData
 .text.UART_BLE_SpiUartGetRxBufferSize
                0x000005a8       0x10 .\CortexM0\ARM_GCC_493\Debug\UART echo with interrupt.a(UART_BLE_SPI_UART.o)
                0x000005a8                UART_BLE_SpiUartGetRxBufferSize
 .text.UART_BLE_SpiUartWriteTxData
                0x000005b8       0x1c .\CortexM0\ARM_GCC_493\Debug\UART echo with interrupt.a(UART_BLE_SPI_UART.o)
                0x000005b8                UART_BLE_SpiUartWriteTxData
 .text.UART_BLE_UartInit
                0x000005d4       0x98 .\CortexM0\ARM_GCC_493\Debug\UART echo with interrupt.a(UART_BLE_UART.o)
                0x000005d4                UART_BLE_UartInit
 .text.UART_BLE_UartPostEnable
                0x0000066c       0x14 .\CortexM0\ARM_GCC_493\Debug\UART echo with interrupt.a(UART_BLE_UART.o)
                0x0000066c                UART_BLE_UartPostEnable
 .text.UART_BLE_UartGetChar
                0x00000680       0x2c .\CortexM0\ARM_GCC_493\Debug\UART echo with interrupt.a(UART_BLE_UART.o)
                0x00000680                UART_BLE_UartGetChar
 *fill*         0x000006ac        0x4 
 .text          0x000006b0       0x20 .\CortexM0\ARM_GCC_493\Debug\UART echo with interrupt.a(CyBootAsmGnu.o)
                0x000006b0                CyDelayCycles
                0x000006c2                CyEnterCriticalSection
                0x000006ca                CyExitCriticalSection
 .text.CySysClkImoDisableWcoLock
                0x000006d0       0x14 .\CortexM0\ARM_GCC_493\Debug\UART echo with interrupt.a(CyLib.o)
                0x000006d0                CySysClkImoDisableWcoLock
 .text.CySysClkImoGetWcoLock
                0x000006e4       0x14 .\CortexM0\ARM_GCC_493\Debug\UART echo with interrupt.a(CyLib.o)
                0x000006e4                CySysClkImoGetWcoLock
 .text.CyIntEnable
                0x000006f8       0x14 .\CortexM0\ARM_GCC_493\Debug\UART echo with interrupt.a(CyLib.o)
                0x000006f8                CyIntEnable
 .text.CyHalt   0x0000070c        0x4 .\CortexM0\ARM_GCC_493\Debug\UART echo with interrupt.a(CyLib.o)
                0x0000070c                CyHalt
 .text.CyIntSetVector
                0x00000710       0x24 .\CortexM0\ARM_GCC_493\Debug\UART echo with interrupt.a(CyLib.o)
                0x00000710                CyIntSetVector
 .text.CyDelay  0x00000734       0x30 .\CortexM0\ARM_GCC_493\Debug\UART echo with interrupt.a(CyLib.o)
                0x00000734                CyDelay
 .text.CySysClkImoEnableWcoLock
                0x00000764       0xe8 .\CortexM0\ARM_GCC_493\Debug\UART echo with interrupt.a(CyLib.o)
                0x00000764                CySysClkImoEnableWcoLock
 .text.CySysClkWriteImoFreq
                0x0000084c       0x80 .\CortexM0\ARM_GCC_493\Debug\UART echo with interrupt.a(CyLib.o)
                0x0000084c                CySysClkWriteImoFreq
 .text.CySysPmSleep
                0x000008cc       0x1c .\CortexM0\ARM_GCC_493\Debug\UART echo with interrupt.a(cyPm.o)
                0x000008cc                CySysPmSleep
 .text.CySysWdtLocked
                0x000008e8       0x14 .\CortexM0\ARM_GCC_493\Debug\UART echo with interrupt.a(CyLFClk.o)
 .text.CySysClkWcoEnabled
                0x000008fc       0x14 .\CortexM0\ARM_GCC_493\Debug\UART echo with interrupt.a(CyLFClk.o)
                0x000008fc                CySysClkWcoEnabled
 .text.CySysWdtLock
                0x00000910       0x1c .\CortexM0\ARM_GCC_493\Debug\UART echo with interrupt.a(CyLFClk.o)
                0x00000910                CySysWdtLock
 .text.CySysWdtUnlock
                0x0000092c       0x30 .\CortexM0\ARM_GCC_493\Debug\UART echo with interrupt.a(CyLFClk.o)
                0x0000092c                CySysWdtUnlock
 .text.CySysWdtClearInterrupt
                0x0000095c       0x4c .\CortexM0\ARM_GCC_493\Debug\UART echo with interrupt.a(CyLFClk.o)
                0x0000095c                CySysWdtClearInterrupt
 .text.CySysWdtIsr
                0x000009a8       0xa4 .\CortexM0\ARM_GCC_493\Debug\UART echo with interrupt.a(CyLFClk.o)
                0x000009a8                CySysWdtIsr
 .text.BLUE_LED_Write
                0x00000a4c       0x18 .\CortexM0\ARM_GCC_493\Debug\UART echo with interrupt.a(BLUE_LED.o)
                0x00000a4c                BLUE_LED_Write
 .text.BLUE_LED_Read
                0x00000a64       0x10 .\CortexM0\ARM_GCC_493\Debug\UART echo with interrupt.a(BLUE_LED.o)
                0x00000a64                BLUE_LED_Read
 .text.Debug_Write
                0x00000a74       0x18 .\CortexM0\ARM_GCC_493\Debug\UART echo with interrupt.a(Debug.o)
                0x00000a74                Debug_Write
 .text.Debug_Read
                0x00000a8c       0x10 .\CortexM0\ARM_GCC_493\Debug\UART echo with interrupt.a(Debug.o)
                0x00000a8c                Debug_Read
 .text.CySysFlashSetWaitCycles
                0x00000a9c       0x54 .\CortexM0\ARM_GCC_493\Debug\UART echo with interrupt.a(CyFlash.o)
                0x00000a9c                CySysFlashSetWaitCycles
 .text.__libc_init_array
                0x00000af0       0x4c c:/program files (x86)/cypress/psoc creator/3.3/psoc creator/import/gnu/arm/4.9.3/bin/../lib/gcc/arm-none-eabi/4.9.3/../../../../arm-none-eabi/lib/armv6-m\libg_nano.a(lib_a-init.o)
                0x00000af0                __libc_init_array
 .text.memset   0x00000b3c       0x10 c:/program files (x86)/cypress/psoc creator/3.3/psoc creator/import/gnu/arm/4.9.3/bin/../lib/gcc/arm-none-eabi/4.9.3/../../../../arm-none-eabi/lib/armv6-m\libg_nano.a(lib_a-memset.o)
                0x00000b3c                memset
 *(.plt)
 *(.gnu.warning)
 *(.glue_7t)
 .glue_7t       0x00000000        0x0 linker stubs
 *(.glue_7)
 .glue_7        0x00000000        0x0 linker stubs
 *(.vfp11_veneer)
 .vfp11_veneer  0x00000000        0x0 linker stubs
 *(.bootloader)
 *(.ARM.extab* .gnu.linkonce.armextab.*)
 *(.gcc_except_table)

.v4_bx          0x00000b4c        0x0
 .v4_bx         0x00000000        0x0 linker stubs

.iplt           0x00000b4c        0x0
 .iplt          0x00000000        0x0 c:/program files (x86)/cypress/psoc creator/3.3/psoc creator/import/gnu/arm/4.9.3/bin/../lib/gcc/arm-none-eabi/4.9.3/armv6-m/crtbegin.o

.eh_frame_hdr
 *(.eh_frame_hdr)

.eh_frame       0x00000b4c        0x4
 *(.eh_frame)
 .eh_frame      0x00000b4c        0x0 c:/program files (x86)/cypress/psoc creator/3.3/psoc creator/import/gnu/arm/4.9.3/bin/../lib/gcc/arm-none-eabi/4.9.3/armv6-m/crtbegin.o
 .eh_frame      0x00000b4c        0x4 c:/program files (x86)/cypress/psoc creator/3.3/psoc creator/import/gnu/arm/4.9.3/bin/../lib/gcc/arm-none-eabi/4.9.3/armv6-m/crtend.o
                0x00000b50                PROVIDE (__exidx_start, .)

.ARM.exidx
 *(.ARM.exidx* .gnu.linkonce.armexidx.*)
                0x00000b50                __exidx_end = .

.rodata         0x00000b50       0x88
 *(.rodata .rodata.* .gnu.linkonce.r.*)
 .rodata        0x00000b50        0xc .\CortexM0\ARM_GCC_493\Debug\UART echo with interrupt.a(cyfitter_cfg.o)
 .rodata        0x00000b5c       0x48 .\CortexM0\ARM_GCC_493\Debug\UART echo with interrupt.a(CyLib.o)
                0x00000b5c                cyImoFreqMhz2Reg
                0x00000b8c                cyImoFreqMhz2DpllOffset
                0x00000ba4                . = ALIGN (0x4)
 *(.init)
 .init          0x00000ba4        0x4 c:/program files (x86)/cypress/psoc creator/3.3/psoc creator/import/gnu/arm/4.9.3/bin/../lib/gcc/arm-none-eabi/4.9.3/armv6-m/crti.o
                0x00000ba4                _init
 .init          0x00000ba8        0x8 c:/program files (x86)/cypress/psoc creator/3.3/psoc creator/import/gnu/arm/4.9.3/bin/../lib/gcc/arm-none-eabi/4.9.3/armv6-m/crtn.o
                0x00000bb0                . = ALIGN (0x4)
                0x00000bb0                __preinit_array_start = .
 *(.preinit_array)
                0x00000bb0                __preinit_array_end = .
                0x00000bb0                . = ALIGN (0x4)
                0x00000bb0                __init_array_start = .
 *(SORT(.init_array.*))
 *(.init_array)
 .init_array    0x00000bb0        0x4 c:/program files (x86)/cypress/psoc creator/3.3/psoc creator/import/gnu/arm/4.9.3/bin/../lib/gcc/arm-none-eabi/4.9.3/armv6-m/crtbegin.o
 .init_array    0x00000bb4        0x4 .\CortexM0\ARM_GCC_493\Debug\Cm0Start.o
                0x00000bb8                __init_array_end = .
                0x00000bb8                . = ALIGN (0x4)
 *(.fini)
 .fini          0x00000bb8        0x4 c:/program files (x86)/cypress/psoc creator/3.3/psoc creator/import/gnu/arm/4.9.3/bin/../lib/gcc/arm-none-eabi/4.9.3/armv6-m/crti.o
                0x00000bb8                _fini
 .fini          0x00000bbc        0x8 c:/program files (x86)/cypress/psoc creator/3.3/psoc creator/import/gnu/arm/4.9.3/bin/../lib/gcc/arm-none-eabi/4.9.3/armv6-m/crtn.o
                0x00000bc4                . = ALIGN (0x4)
                0x00000bc4                __fini_array_start = .
 *(.fini_array)
 .fini_array    0x00000bc4        0x4 c:/program files (x86)/cypress/psoc creator/3.3/psoc creator/import/gnu/arm/4.9.3/bin/../lib/gcc/arm-none-eabi/4.9.3/armv6-m/crtbegin.o
 *(SORT(.fini_array.*))
                0x00000bc8                __fini_array_end = .
                0x00000bc8                . = ALIGN (0x4)
 *crtbegin.o(.ctors)
 *(EXCLUDE_FILE(*crtend.o) .ctors)
 *(SORT(.ctors.*))
 *crtend.o(.ctors)
                0x00000bc8                . = ALIGN (0x4)
 *crtbegin.o(.dtors)
 *(EXCLUDE_FILE(*crtend.o) .dtors)
 *(SORT(.dtors.*))
 *crtend.o(.dtors)
                0x00000bc8                . = ALIGN (0x4)
                0x00000bc8                __cy_regions = .
                0x00000bc8        0x4 LONG 0xbd8 __cy_region_init_ram
                0x00000bcc        0x4 LONG 0x200000c8 __cy_region_start_data
                0x00000bd0        0x4 LONG 0x18 __cy_region_init_size_ram
                0x00000bd4        0x4 LONG 0x40 __cy_region_zero_size_ram
                0x00000bd8                __cy_regions_end = .
                0x00000bd8                . = ALIGN (0x8)
                0x00000bd8                _etext = .

.cy_checksum_exclude
                0x00000bd8        0x0
 *(.cy_checksum_exclude)

.ramvectors     0x20000000       0xc0
                0x20000000                __cy_region_start_ram = .
 *(.ramvectors)
 .ramvectors    0x20000000       0xc0 .\CortexM0\ARM_GCC_493\Debug\Cm0Start.o
                0x20000000                CyRamVectors

.noinit         0x200000c0        0x4
 *(.noinit)
 .noinit        0x200000c0        0x4 .\CortexM0\ARM_GCC_493\Debug\Cm0Start.o

.data           0x200000c8       0x18 load address 0x00000bd8
                0x200000c8                __cy_region_start_data = .
 *(.jcr)
 .jcr           0x200000c8        0x0 c:/program files (x86)/cypress/psoc creator/3.3/psoc creator/import/gnu/arm/4.9.3/bin/../lib/gcc/arm-none-eabi/4.9.3/armv6-m/crtbegin.o
 .jcr           0x200000c8        0x4 c:/program files (x86)/cypress/psoc creator/3.3/psoc creator/import/gnu/arm/4.9.3/bin/../lib/gcc/arm-none-eabi/4.9.3/armv6-m/crtend.o
 *(.got.plt)
 *(.got)
 *(.shdata)
 *(.data .data.* .gnu.linkonce.d.*)
 .data          0x200000cc       0x10 .\CortexM0\ARM_GCC_493\Debug\UART echo with interrupt.a(CyLib.o)
                0x200000cc                cydelay32kMs
                0x200000d0                cydelayFreqKhz
                0x200000d4                cydelayFreqMhz
                0x200000d8                cydelayFreqHz
 .data          0x200000dc        0x4 .\CortexM0\ARM_GCC_493\Debug\UART echo with interrupt.a(CyLFClk.o)
                0x200000e0                . = ALIGN (0x8)
 *(.ram)
                0x200000e0                _edata = .

.igot.plt       0x200000e0        0x0 load address 0x00000bf0
 .igot.plt      0x00000000        0x0 c:/program files (x86)/cypress/psoc creator/3.3/psoc creator/import/gnu/arm/4.9.3/bin/../lib/gcc/arm-none-eabi/4.9.3/armv6-m/crtbegin.o

.bss            0x200000e0       0x40 load address 0x00000bf0
                0x200000e0                PROVIDE (__bss_start__, .)
 *(.shbss)
 *(.bss .bss.* .gnu.linkonce.b.*)
 .bss           0x200000e0       0x1c c:/program files (x86)/cypress/psoc creator/3.3/psoc creator/import/gnu/arm/4.9.3/bin/../lib/gcc/arm-none-eabi/4.9.3/armv6-m/crtbegin.o
 .bss           0x200000fc        0x1 .\CortexM0\ARM_GCC_493\Debug\UART echo with interrupt.a(UART.o)
                0x200000fc                UART_initVar
 .bss           0x200000fd        0x1 .\CortexM0\ARM_GCC_493\Debug\UART echo with interrupt.a(UART_BLE.o)
                0x200000fd                UART_BLE_initVar
 *fill*         0x200000fe        0x2 
 .bss           0x20000100       0x1c .\CortexM0\ARM_GCC_493\Debug\UART echo with interrupt.a(CyLFClk.o)
 *(COMMON)
                0x20000120                . = ALIGN (0x8)
 *fill*         0x2000011c        0x4 
 *(.ram.b)
                0x20000120                _end = .
                0x20000120                __end = .
                0x20000120                PROVIDE (end, .)
                0x20000120                PROVIDE (__bss_end__, .)
                0x00000bd8                __cy_region_init_ram = LOADADDR (.data)
                0x00000018                __cy_region_init_size_ram = (_edata - ADDR (.data))
                0x00000040                __cy_region_zero_size_ram = (_end - _edata)

.heap           0x20000120       0x80 load address 0x00000bf0
                0x20000120                . = _end
                0x200001a0                . = (. + 0x80)
 *fill*         0x20000120       0x80 
                0x200001a0                __cy_heap_limit = .

.stack          0x20003800      0x800
                0x20003800                __cy_stack_limit = .
                0x20004000                . = (. + 0x800)
 *fill*         0x20003800      0x800 
                0x00000001                ASSERT ((__cy_stack_limit >= __cy_heap_limit), region RAM overflowed with stack)
                0x00000000                cy_checksum_exclude_size = (CY_APPL_LOADABLE == 0x1)?SIZEOF (.cy_checksum_exclude):0x0
                0x00000001                ASSERT ((cy_checksum_exclude_size <= CY_CHECKSUM_EXCLUDE_SIZE), CY_BOOT: Section .cy_checksum_exclude size exceedes specified limit.)
                0x0001ffc0                cyloadermeta_start = (cy_project_type_bootloader || cy_project_type_app_for_stack_and_copier)?(0x20000 - CY_METADATA_SIZE):0xf0000000

.cyloadermeta
 *(.cyloadermeta)
                0x0001ffc0                cyloadablemeta_start = cy_project_type_app_for_stack_and_copier?((0x20000 - CY_FLASH_ROW_SIZE) - CY_METADATA_SIZE):((0x20000 - (CY_FLASH_ROW_SIZE * (CY_APPL_NUM - 0x1))) - CY_METADATA_SIZE)

.cyloadablemeta
 *(.cyloadablemeta)

.cyflashprotect
                0x90400000       0x80
 *(.cyflashprotect)
 .cyflashprotect
                0x90400000       0x80 .\CortexM0\ARM_GCC_493\Debug\cymetadata.o
                0x90400000                cy_meta_flashprotect

.cymeta         0x90500000        0xc
 *(.cymeta)
 .cymeta        0x90500000        0xc .\CortexM0\ARM_GCC_493\Debug\cymetadata.o
                0x90500000                cy_metadata

.cychipprotect  0x90600000        0x4
 *(.cychipprotect)
 .cychipprotect
                0x90600000        0x4 .\CortexM0\ARM_GCC_493\Debug\cymetadata.o
                0x90600000                cy_meta_chipprotect

.rel.dyn        0x00000bf0        0x0 load address 0x90600004
 .rel.iplt      0x00000000        0x0 c:/program files (x86)/cypress/psoc creator/3.3/psoc creator/import/gnu/arm/4.9.3/bin/../lib/gcc/arm-none-eabi/4.9.3/armv6-m/crtbegin.o

.stab
 *(.stab)

.stabstr
 *(.stabstr)

.debug
 *(.debug)

.line
 *(.line)

.debug_srcinfo
 *(.debug_srcinfo)

.debug_sfnames
 *(.debug_sfnames)

.debug_aranges  0x00000000      0x898
 *(.debug_aranges)
 .debug_aranges
                0x00000000       0x30 .\CortexM0\ARM_GCC_493\Debug\main.o
 .debug_aranges
                0x00000030       0x18 .\CortexM0\ARM_GCC_493\Debug\cymetadata.o
 .debug_aranges
                0x00000048       0x48 .\CortexM0\ARM_GCC_493\Debug\Cm0Start.o
 .debug_aranges
                0x00000090       0x38 .\CortexM0\ARM_GCC_493\Debug\UART echo with interrupt.a(cyfitter_cfg.o)
 .debug_aranges
                0x000000c8       0x80 .\CortexM0\ARM_GCC_493\Debug\UART echo with interrupt.a(UART_RX_ISR.o)
 .debug_aranges
                0x00000148       0x58 .\CortexM0\ARM_GCC_493\Debug\UART echo with interrupt.a(UART.o)
 .debug_aranges
                0x000001a0       0x60 .\CortexM0\ARM_GCC_493\Debug\UART echo with interrupt.a(UART_SPI_UART.o)
 .debug_aranges
                0x00000200       0x88 .\CortexM0\ARM_GCC_493\Debug\UART echo with interrupt.a(UART_UART.o)
 .debug_aranges
                0x00000288       0x80 .\CortexM0\ARM_GCC_493\Debug\UART echo with interrupt.a(UART_BLE_RX_ISR.o)
 .debug_aranges
                0x00000308       0x58 .\CortexM0\ARM_GCC_493\Debug\UART echo with interrupt.a(UART_BLE.o)
 .debug_aranges
                0x00000360       0x60 .\CortexM0\ARM_GCC_493\Debug\UART echo with interrupt.a(UART_BLE_SPI_UART.o)
 .debug_aranges
                0x000003c0       0x88 .\CortexM0\ARM_GCC_493\Debug\UART echo with interrupt.a(UART_BLE_UART.o)
 .debug_aranges
                0x00000448       0x20 .\CortexM0\ARM_GCC_493\Debug\UART echo with interrupt.a(CyBootAsmGnu.o)
 .debug_aranges
                0x00000468      0x1b8 .\CortexM0\ARM_GCC_493\Debug\UART echo with interrupt.a(CyLib.o)
 .debug_aranges
                0x00000620       0x58 .\CortexM0\ARM_GCC_493\Debug\UART echo with interrupt.a(cyPm.o)
 .debug_aranges
                0x00000678      0x150 .\CortexM0\ARM_GCC_493\Debug\UART echo with interrupt.a(CyLFClk.o)
 .debug_aranges
                0x000007c8       0x48 .\CortexM0\ARM_GCC_493\Debug\UART echo with interrupt.a(BLUE_LED.o)
 .debug_aranges
                0x00000810       0x48 .\CortexM0\ARM_GCC_493\Debug\UART echo with interrupt.a(Debug.o)
 .debug_aranges
                0x00000858       0x40 .\CortexM0\ARM_GCC_493\Debug\UART echo with interrupt.a(CyFlash.o)

.debug_pubnames
 *(.debug_pubnames)

.debug_info     0x00000000     0x4362
 *(.debug_info .gnu.linkonce.wi.*)
 .debug_info    0x00000000      0x270 .\CortexM0\ARM_GCC_493\Debug\main.o
 .debug_info    0x00000270       0xfe .\CortexM0\ARM_GCC_493\Debug\cymetadata.o
 .debug_info    0x0000036e      0x38e .\CortexM0\ARM_GCC_493\Debug\Cm0Start.o
 .debug_info    0x000006fc      0x2ae .\CortexM0\ARM_GCC_493\Debug\UART echo with interrupt.a(cyfitter_cfg.o)
 .debug_info    0x000009aa      0x300 .\CortexM0\ARM_GCC_493\Debug\UART echo with interrupt.a(UART_RX_ISR.o)
 .debug_info    0x00000caa      0x20a .\CortexM0\ARM_GCC_493\Debug\UART echo with interrupt.a(UART.o)
 .debug_info    0x00000eb4      0x217 .\CortexM0\ARM_GCC_493\Debug\UART echo with interrupt.a(UART_SPI_UART.o)
 .debug_info    0x000010cb      0x352 .\CortexM0\ARM_GCC_493\Debug\UART echo with interrupt.a(UART_UART.o)
 .debug_info    0x0000141d      0x300 .\CortexM0\ARM_GCC_493\Debug\UART echo with interrupt.a(UART_BLE_RX_ISR.o)
 .debug_info    0x0000171d      0x20a .\CortexM0\ARM_GCC_493\Debug\UART echo with interrupt.a(UART_BLE.o)
 .debug_info    0x00001927      0x217 .\CortexM0\ARM_GCC_493\Debug\UART echo with interrupt.a(UART_BLE_SPI_UART.o)
 .debug_info    0x00001b3e      0x352 .\CortexM0\ARM_GCC_493\Debug\UART echo with interrupt.a(UART_BLE_UART.o)
 .debug_info    0x00001e90       0xac .\CortexM0\ARM_GCC_493\Debug\UART echo with interrupt.a(CyBootAsmGnu.o)
 .debug_info    0x00001f3c      0xcf4 .\CortexM0\ARM_GCC_493\Debug\UART echo with interrupt.a(CyLib.o)
 .debug_info    0x00002c30      0x2e9 .\CortexM0\ARM_GCC_493\Debug\UART echo with interrupt.a(cyPm.o)
 .debug_info    0x00002f19      0xda4 .\CortexM0\ARM_GCC_493\Debug\UART echo with interrupt.a(CyLFClk.o)
 .debug_info    0x00003cbd      0x19d .\CortexM0\ARM_GCC_493\Debug\UART echo with interrupt.a(BLUE_LED.o)
 .debug_info    0x00003e5a      0x19d .\CortexM0\ARM_GCC_493\Debug\UART echo with interrupt.a(Debug.o)
 .debug_info    0x00003ff7      0x36b .\CortexM0\ARM_GCC_493\Debug\UART echo with interrupt.a(CyFlash.o)

.debug_abbrev   0x00000000     0x18b3
 *(.debug_abbrev)
 .debug_abbrev  0x00000000      0x119 .\CortexM0\ARM_GCC_493\Debug\main.o
 .debug_abbrev  0x00000119       0x5d .\CortexM0\ARM_GCC_493\Debug\cymetadata.o
 .debug_abbrev  0x00000176      0x1d5 .\CortexM0\ARM_GCC_493\Debug\Cm0Start.o
 .debug_abbrev  0x0000034b      0x1a2 .\CortexM0\ARM_GCC_493\Debug\UART echo with interrupt.a(cyfitter_cfg.o)
 .debug_abbrev  0x000004ed      0x1b4 .\CortexM0\ARM_GCC_493\Debug\UART echo with interrupt.a(UART_RX_ISR.o)
 .debug_abbrev  0x000006a1       0xd5 .\CortexM0\ARM_GCC_493\Debug\UART echo with interrupt.a(UART.o)
 .debug_abbrev  0x00000776      0x169 .\CortexM0\ARM_GCC_493\Debug\UART echo with interrupt.a(UART_SPI_UART.o)
 .debug_abbrev  0x000008df      0x13b .\CortexM0\ARM_GCC_493\Debug\UART echo with interrupt.a(UART_UART.o)
 .debug_abbrev  0x00000a1a      0x1b4 .\CortexM0\ARM_GCC_493\Debug\UART echo with interrupt.a(UART_BLE_RX_ISR.o)
 .debug_abbrev  0x00000bce       0xd5 .\CortexM0\ARM_GCC_493\Debug\UART echo with interrupt.a(UART_BLE.o)
 .debug_abbrev  0x00000ca3      0x169 .\CortexM0\ARM_GCC_493\Debug\UART echo with interrupt.a(UART_BLE_SPI_UART.o)
 .debug_abbrev  0x00000e0c      0x13b .\CortexM0\ARM_GCC_493\Debug\UART echo with interrupt.a(UART_BLE_UART.o)
 .debug_abbrev  0x00000f47       0x14 .\CortexM0\ARM_GCC_493\Debug\UART echo with interrupt.a(CyBootAsmGnu.o)
 .debug_abbrev  0x00000f5b      0x245 .\CortexM0\ARM_GCC_493\Debug\UART echo with interrupt.a(CyLib.o)
 .debug_abbrev  0x000011a0      0x155 .\CortexM0\ARM_GCC_493\Debug\UART echo with interrupt.a(cyPm.o)
 .debug_abbrev  0x000012f5      0x26d .\CortexM0\ARM_GCC_493\Debug\UART echo with interrupt.a(CyLFClk.o)
 .debug_abbrev  0x00001562       0xc8 .\CortexM0\ARM_GCC_493\Debug\UART echo with interrupt.a(BLUE_LED.o)
 .debug_abbrev  0x0000162a       0xc8 .\CortexM0\ARM_GCC_493\Debug\UART echo with interrupt.a(Debug.o)
 .debug_abbrev  0x000016f2      0x1c1 .\CortexM0\ARM_GCC_493\Debug\UART echo with interrupt.a(CyFlash.o)

.debug_line     0x00000000     0x1e60
 *(.debug_line)
 .debug_line    0x00000000      0x116 .\CortexM0\ARM_GCC_493\Debug\main.o
 .debug_line    0x00000116       0x53 .\CortexM0\ARM_GCC_493\Debug\cymetadata.o
 .debug_line    0x00000169      0x249 .\CortexM0\ARM_GCC_493\Debug\Cm0Start.o
 .debug_line    0x000003b2      0x150 .\CortexM0\ARM_GCC_493\Debug\UART echo with interrupt.a(cyfitter_cfg.o)
 .debug_line    0x00000502      0x170 .\CortexM0\ARM_GCC_493\Debug\UART echo with interrupt.a(UART_RX_ISR.o)
 .debug_line    0x00000672      0x121 .\CortexM0\ARM_GCC_493\Debug\UART echo with interrupt.a(UART.o)
 .debug_line    0x00000793      0x133 .\CortexM0\ARM_GCC_493\Debug\UART echo with interrupt.a(UART_SPI_UART.o)
 .debug_line    0x000008c6      0x1b6 .\CortexM0\ARM_GCC_493\Debug\UART echo with interrupt.a(UART_UART.o)
 .debug_line    0x00000a7c      0x174 .\CortexM0\ARM_GCC_493\Debug\UART echo with interrupt.a(UART_BLE_RX_ISR.o)
 .debug_line    0x00000bf0      0x129 .\CortexM0\ARM_GCC_493\Debug\UART echo with interrupt.a(UART_BLE.o)
 .debug_line    0x00000d19      0x137 .\CortexM0\ARM_GCC_493\Debug\UART echo with interrupt.a(UART_BLE_SPI_UART.o)
 .debug_line    0x00000e50      0x1be .\CortexM0\ARM_GCC_493\Debug\UART echo with interrupt.a(UART_BLE_UART.o)
 .debug_line    0x0000100e       0x68 .\CortexM0\ARM_GCC_493\Debug\UART echo with interrupt.a(CyBootAsmGnu.o)
 .debug_line    0x00001076      0x51a .\CortexM0\ARM_GCC_493\Debug\UART echo with interrupt.a(CyLib.o)
 .debug_line    0x00001590      0x143 .\CortexM0\ARM_GCC_493\Debug\UART echo with interrupt.a(cyPm.o)
 .debug_line    0x000016d3      0x4c5 .\CortexM0\ARM_GCC_493\Debug\UART echo with interrupt.a(CyLFClk.o)
 .debug_line    0x00001b98       0xc2 .\CortexM0\ARM_GCC_493\Debug\UART echo with interrupt.a(BLUE_LED.o)
 .debug_line    0x00001c5a       0xbf .\CortexM0\ARM_GCC_493\Debug\UART echo with interrupt.a(Debug.o)
 .debug_line    0x00001d19      0x147 .\CortexM0\ARM_GCC_493\Debug\UART echo with interrupt.a(CyFlash.o)

.debug_frame    0x00000000     0x14b0
 *(.debug_frame)
 .debug_frame   0x00000000       0x64 .\CortexM0\ARM_GCC_493\Debug\main.o
 .debug_frame   0x00000064       0xb0 .\CortexM0\ARM_GCC_493\Debug\Cm0Start.o
 .debug_frame   0x00000114       0x74 .\CortexM0\ARM_GCC_493\Debug\UART echo with interrupt.a(cyfitter_cfg.o)
 .debug_frame   0x00000188      0x110 .\CortexM0\ARM_GCC_493\Debug\UART echo with interrupt.a(UART_RX_ISR.o)
 .debug_frame   0x00000298       0xd8 .\CortexM0\ARM_GCC_493\Debug\UART echo with interrupt.a(UART.o)
 .debug_frame   0x00000370       0xb0 .\CortexM0\ARM_GCC_493\Debug\UART echo with interrupt.a(UART_SPI_UART.o)
 .debug_frame   0x00000420      0x130 .\CortexM0\ARM_GCC_493\Debug\UART echo with interrupt.a(UART_UART.o)
 .debug_frame   0x00000550      0x110 .\CortexM0\ARM_GCC_493\Debug\UART echo with interrupt.a(UART_BLE_RX_ISR.o)
 .debug_frame   0x00000660       0xd8 .\CortexM0\ARM_GCC_493\Debug\UART echo with interrupt.a(UART_BLE.o)
 .debug_frame   0x00000738       0xb0 .\CortexM0\ARM_GCC_493\Debug\UART echo with interrupt.a(UART_BLE_SPI_UART.o)
 .debug_frame   0x000007e8      0x130 .\CortexM0\ARM_GCC_493\Debug\UART echo with interrupt.a(UART_BLE_UART.o)
 .debug_frame   0x00000918      0x468 .\CortexM0\ARM_GCC_493\Debug\UART echo with interrupt.a(CyLib.o)
 .debug_frame   0x00000d80       0xe8 .\CortexM0\ARM_GCC_493\Debug\UART echo with interrupt.a(cyPm.o)
 .debug_frame   0x00000e68      0x3fc .\CortexM0\ARM_GCC_493\Debug\UART echo with interrupt.a(CyLFClk.o)
 .debug_frame   0x00001264       0x70 .\CortexM0\ARM_GCC_493\Debug\UART echo with interrupt.a(BLUE_LED.o)
 .debug_frame   0x000012d4       0x70 .\CortexM0\ARM_GCC_493\Debug\UART echo with interrupt.a(Debug.o)
 .debug_frame   0x00001344       0x90 .\CortexM0\ARM_GCC_493\Debug\UART echo with interrupt.a(CyFlash.o)
 .debug_frame   0x000013d4       0x20 c:/program files (x86)/cypress/psoc creator/3.3/psoc creator/import/gnu/arm/4.9.3/bin/../lib/gcc/arm-none-eabi/4.9.3/armv6-m\libgcc.a(_udivsi3.o)
 .debug_frame   0x000013f4       0x20 c:/program files (x86)/cypress/psoc creator/3.3/psoc creator/import/gnu/arm/4.9.3/bin/../lib/gcc/arm-none-eabi/4.9.3/../../../../arm-none-eabi/lib/armv6-m\libg_nano.a(lib_a-errno.o)
 .debug_frame   0x00001414       0x28 c:/program files (x86)/cypress/psoc creator/3.3/psoc creator/import/gnu/arm/4.9.3/bin/../lib/gcc/arm-none-eabi/4.9.3/../../../../arm-none-eabi/lib/armv6-m\libg_nano.a(lib_a-exit.o)
 .debug_frame   0x0000143c       0x2c c:/program files (x86)/cypress/psoc creator/3.3/psoc creator/import/gnu/arm/4.9.3/bin/../lib/gcc/arm-none-eabi/4.9.3/../../../../arm-none-eabi/lib/armv6-m\libg_nano.a(lib_a-init.o)
 .debug_frame   0x00001468       0x28 c:/program files (x86)/cypress/psoc creator/3.3/psoc creator/import/gnu/arm/4.9.3/bin/../lib/gcc/arm-none-eabi/4.9.3/../../../../arm-none-eabi/lib/armv6-m\libg_nano.a(lib_a-memcpy.o)
 .debug_frame   0x00001490       0x20 c:/program files (x86)/cypress/psoc creator/3.3/psoc creator/import/gnu/arm/4.9.3/bin/../lib/gcc/arm-none-eabi/4.9.3/../../../../arm-none-eabi/lib/armv6-m\libg_nano.a(lib_a-memset.o)

.debug_str      0x00000000     0x1b6f
 *(.debug_str)
 .debug_str     0x00000000      0x270 .\CortexM0\ARM_GCC_493\Debug\main.o
                                0x2b6 (size before relaxing)
 .debug_str     0x00000270       0x5b .\CortexM0\ARM_GCC_493\Debug\cymetadata.o
                                0x1ea (size before relaxing)
 .debug_str     0x000002cb      0x149 .\CortexM0\ARM_GCC_493\Debug\Cm0Start.o
                                0x311 (size before relaxing)
 .debug_str     0x00000414       0xae .\CortexM0\ARM_GCC_493\Debug\UART echo with interrupt.a(cyfitter_cfg.o)
                                0x278 (size before relaxing)
 .debug_str     0x000004c2      0x17c .\CortexM0\ARM_GCC_493\Debug\UART echo with interrupt.a(UART_RX_ISR.o)
                                0x34e (size before relaxing)
 .debug_str     0x0000063e       0xe9 .\CortexM0\ARM_GCC_493\Debug\UART echo with interrupt.a(UART.o)
                                0x290 (size before relaxing)
 .debug_str     0x00000727      0x11f .\CortexM0\ARM_GCC_493\Debug\UART echo with interrupt.a(UART_SPI_UART.o)
                                0x2de (size before relaxing)
 .debug_str     0x00000846      0x150 .\CortexM0\ARM_GCC_493\Debug\UART echo with interrupt.a(UART_UART.o)
                                0x387 (size before relaxing)
 .debug_str     0x00000996      0x15c .\CortexM0\ARM_GCC_493\Debug\UART echo with interrupt.a(UART_BLE_RX_ISR.o)
                                0x386 (size before relaxing)
 .debug_str     0x00000af2       0xfd .\CortexM0\ARM_GCC_493\Debug\UART echo with interrupt.a(UART_BLE.o)
                                0x2c4 (size before relaxing)
 .debug_str     0x00000bef      0x117 .\CortexM0\ARM_GCC_493\Debug\UART echo with interrupt.a(UART_BLE_SPI_UART.o)
                                0x306 (size before relaxing)
 .debug_str     0x00000d06      0x126 .\CortexM0\ARM_GCC_493\Debug\UART echo with interrupt.a(UART_BLE_UART.o)
                                0x3cf (size before relaxing)
 .debug_str     0x00000e2c      0x5a5 .\CortexM0\ARM_GCC_493\Debug\UART echo with interrupt.a(CyLib.o)
                                0x7de (size before relaxing)
 .debug_str     0x000013d1       0xd0 .\CortexM0\ARM_GCC_493\Debug\UART echo with interrupt.a(cyPm.o)
                                0x2e3 (size before relaxing)
 .debug_str     0x000014a1      0x505 .\CortexM0\ARM_GCC_493\Debug\UART echo with interrupt.a(CyLFClk.o)
                                0x71f (size before relaxing)
 .debug_str     0x000019a6       0xa5 .\CortexM0\ARM_GCC_493\Debug\UART echo with interrupt.a(BLUE_LED.o)
                                0x267 (size before relaxing)
 .debug_str     0x00001a4b       0x72 .\CortexM0\ARM_GCC_493\Debug\UART echo with interrupt.a(Debug.o)
                                0x252 (size before relaxing)
 .debug_str     0x00001abd       0xb2 .\CortexM0\ARM_GCC_493\Debug\UART echo with interrupt.a(CyFlash.o)
                                0x2c0 (size before relaxing)

.debug_loc      0x00000000     0x1c87
 *(.debug_loc)
 .debug_loc     0x00000000       0x26 .\CortexM0\ARM_GCC_493\Debug\main.o
 .debug_loc     0x00000026      0x14f .\CortexM0\ARM_GCC_493\Debug\Cm0Start.o
 .debug_loc     0x00000175       0xa9 .\CortexM0\ARM_GCC_493\Debug\UART echo with interrupt.a(cyfitter_cfg.o)
 .debug_loc     0x0000021e       0x82 .\CortexM0\ARM_GCC_493\Debug\UART echo with interrupt.a(UART_RX_ISR.o)
 .debug_loc     0x000002a0       0x7e .\CortexM0\ARM_GCC_493\Debug\UART echo with interrupt.a(UART.o)
 .debug_loc     0x0000031e       0x96 .\CortexM0\ARM_GCC_493\Debug\UART echo with interrupt.a(UART_SPI_UART.o)
 .debug_loc     0x000003b4      0x1b2 .\CortexM0\ARM_GCC_493\Debug\UART echo with interrupt.a(UART_UART.o)
 .debug_loc     0x00000566       0x82 .\CortexM0\ARM_GCC_493\Debug\UART echo with interrupt.a(UART_BLE_RX_ISR.o)
 .debug_loc     0x000005e8       0x7e .\CortexM0\ARM_GCC_493\Debug\UART echo with interrupt.a(UART_BLE.o)
 .debug_loc     0x00000666       0x96 .\CortexM0\ARM_GCC_493\Debug\UART echo with interrupt.a(UART_BLE_SPI_UART.o)
 .debug_loc     0x000006fc      0x1b2 .\CortexM0\ARM_GCC_493\Debug\UART echo with interrupt.a(UART_BLE_UART.o)
 .debug_loc     0x000008ae      0x7be .\CortexM0\ARM_GCC_493\Debug\UART echo with interrupt.a(CyLib.o)
 .debug_loc     0x0000106c       0xe1 .\CortexM0\ARM_GCC_493\Debug\UART echo with interrupt.a(cyPm.o)
 .debug_loc     0x0000114d      0x8af .\CortexM0\ARM_GCC_493\Debug\UART echo with interrupt.a(CyLFClk.o)
 .debug_loc     0x000019fc       0xa2 .\CortexM0\ARM_GCC_493\Debug\UART echo with interrupt.a(BLUE_LED.o)
 .debug_loc     0x00001a9e       0xa2 .\CortexM0\ARM_GCC_493\Debug\UART echo with interrupt.a(Debug.o)
 .debug_loc     0x00001b40      0x147 .\CortexM0\ARM_GCC_493\Debug\UART echo with interrupt.a(CyFlash.o)

.debug_macinfo
 *(.debug_macinfo)

.debug_ranges   0x00000000      0x750
 *(.debug_ranges)
 .debug_ranges  0x00000000       0x20 .\CortexM0\ARM_GCC_493\Debug\main.o
 .debug_ranges  0x00000020       0x38 .\CortexM0\ARM_GCC_493\Debug\Cm0Start.o
 .debug_ranges  0x00000058       0x28 .\CortexM0\ARM_GCC_493\Debug\UART echo with interrupt.a(cyfitter_cfg.o)
 .debug_ranges  0x00000080       0x70 .\CortexM0\ARM_GCC_493\Debug\UART echo with interrupt.a(UART_RX_ISR.o)
 .debug_ranges  0x000000f0       0x48 .\CortexM0\ARM_GCC_493\Debug\UART echo with interrupt.a(UART.o)
 .debug_ranges  0x00000138       0x50 .\CortexM0\ARM_GCC_493\Debug\UART echo with interrupt.a(UART_SPI_UART.o)
 .debug_ranges  0x00000188       0x78 .\CortexM0\ARM_GCC_493\Debug\UART echo with interrupt.a(UART_UART.o)
 .debug_ranges  0x00000200       0x70 .\CortexM0\ARM_GCC_493\Debug\UART echo with interrupt.a(UART_BLE_RX_ISR.o)
 .debug_ranges  0x00000270       0x48 .\CortexM0\ARM_GCC_493\Debug\UART echo with interrupt.a(UART_BLE.o)
 .debug_ranges  0x000002b8       0x50 .\CortexM0\ARM_GCC_493\Debug\UART echo with interrupt.a(UART_BLE_SPI_UART.o)
 .debug_ranges  0x00000308       0x78 .\CortexM0\ARM_GCC_493\Debug\UART echo with interrupt.a(UART_BLE_UART.o)
 .debug_ranges  0x00000380      0x1a8 .\CortexM0\ARM_GCC_493\Debug\UART echo with interrupt.a(CyLib.o)
 .debug_ranges  0x00000528       0x48 .\CortexM0\ARM_GCC_493\Debug\UART echo with interrupt.a(cyPm.o)
 .debug_ranges  0x00000570      0x140 .\CortexM0\ARM_GCC_493\Debug\UART echo with interrupt.a(CyLFClk.o)
 .debug_ranges  0x000006b0       0x38 .\CortexM0\ARM_GCC_493\Debug\UART echo with interrupt.a(BLUE_LED.o)
 .debug_ranges  0x000006e8       0x38 .\CortexM0\ARM_GCC_493\Debug\UART echo with interrupt.a(Debug.o)
 .debug_ranges  0x00000720       0x30 .\CortexM0\ARM_GCC_493\Debug\UART echo with interrupt.a(CyFlash.o)

.comment        0x00000000       0x70
 .comment       0x00000000       0x70 .\CortexM0\ARM_GCC_493\Debug\main.o
                                 0x71 (size before relaxing)
 .comment       0x00000000       0x71 .\CortexM0\ARM_GCC_493\Debug\cymetadata.o
 .comment       0x00000000       0x71 .\CortexM0\ARM_GCC_493\Debug\Cm0Start.o
 .comment       0x00000000       0x71 .\CortexM0\ARM_GCC_493\Debug\UART echo with interrupt.a(cyfitter_cfg.o)
 .comment       0x00000000       0x71 .\CortexM0\ARM_GCC_493\Debug\UART echo with interrupt.a(UART_RX_ISR.o)
 .comment       0x00000000       0x71 .\CortexM0\ARM_GCC_493\Debug\UART echo with interrupt.a(UART.o)
 .comment       0x00000000       0x71 .\CortexM0\ARM_GCC_493\Debug\UART echo with interrupt.a(UART_SPI_UART.o)
 .comment       0x00000000       0x71 .\CortexM0\ARM_GCC_493\Debug\UART echo with interrupt.a(UART_UART.o)
 .comment       0x00000000       0x71 .\CortexM0\ARM_GCC_493\Debug\UART echo with interrupt.a(UART_BLE_RX_ISR.o)
 .comment       0x00000000       0x71 .\CortexM0\ARM_GCC_493\Debug\UART echo with interrupt.a(UART_BLE.o)
 .comment       0x00000000       0x71 .\CortexM0\ARM_GCC_493\Debug\UART echo with interrupt.a(UART_BLE_SPI_UART.o)
 .comment       0x00000000       0x71 .\CortexM0\ARM_GCC_493\Debug\UART echo with interrupt.a(UART_BLE_UART.o)
 .comment       0x00000000       0x71 .\CortexM0\ARM_GCC_493\Debug\UART echo with interrupt.a(CyLib.o)
 .comment       0x00000000       0x71 .\CortexM0\ARM_GCC_493\Debug\UART echo with interrupt.a(cyPm.o)
 .comment       0x00000000       0x71 .\CortexM0\ARM_GCC_493\Debug\UART echo with interrupt.a(CyLFClk.o)
 .comment       0x00000000       0x71 .\CortexM0\ARM_GCC_493\Debug\UART echo with interrupt.a(BLUE_LED.o)
 .comment       0x00000000       0x71 .\CortexM0\ARM_GCC_493\Debug\UART echo with interrupt.a(Debug.o)
 .comment       0x00000000       0x71 .\CortexM0\ARM_GCC_493\Debug\UART echo with interrupt.a(CyFlash.o)

.debug_weaknames
 *(.debug_weaknames)

.debug_funcnames
 *(.debug_funcnames)

.debug_typenames
 *(.debug_typenames)

.debug_varnames
 *(.debug_varnames)

.note.gnu.arm.ident
 *(.note.gnu.arm.ident)

.ARM.attributes
                0x00000000       0x28
 *(.ARM.attributes)
 .ARM.attributes
                0x00000000       0x1e c:/program files (x86)/cypress/psoc creator/3.3/psoc creator/import/gnu/arm/4.9.3/bin/../lib/gcc/arm-none-eabi/4.9.3/armv6-m/crti.o
 .ARM.attributes
                0x0000001e       0x2c c:/program files (x86)/cypress/psoc creator/3.3/psoc creator/import/gnu/arm/4.9.3/bin/../lib/gcc/arm-none-eabi/4.9.3/armv6-m/crtbegin.o
 .ARM.attributes
                0x0000004a       0x1b c:/program files (x86)/cypress/psoc creator/3.3/psoc creator/import/gnu/arm/4.9.3/bin/../lib/gcc/arm-none-eabi/4.9.3/../../../../arm-none-eabi/lib/armv6-m/crt0.o
 .ARM.attributes
                0x00000065       0x31 .\CortexM0\ARM_GCC_493\Debug\main.o
 .ARM.attributes
                0x00000096       0x31 .\CortexM0\ARM_GCC_493\Debug\cymetadata.o
 .ARM.attributes
                0x000000c7       0x31 .\CortexM0\ARM_GCC_493\Debug\Cm0Start.o
 .ARM.attributes
                0x000000f8       0x31 .\CortexM0\ARM_GCC_493\Debug\UART echo with interrupt.a(cyfitter_cfg.o)
 .ARM.attributes
                0x00000129       0x31 .\CortexM0\ARM_GCC_493\Debug\UART echo with interrupt.a(UART_RX_ISR.o)
 .ARM.attributes
                0x0000015a       0x31 .\CortexM0\ARM_GCC_493\Debug\UART echo with interrupt.a(UART.o)
 .ARM.attributes
                0x0000018b       0x31 .\CortexM0\ARM_GCC_493\Debug\UART echo with interrupt.a(UART_SPI_UART.o)
 .ARM.attributes
                0x000001bc       0x31 .\CortexM0\ARM_GCC_493\Debug\UART echo with interrupt.a(UART_UART.o)
 .ARM.attributes
                0x000001ed       0x31 .\CortexM0\ARM_GCC_493\Debug\UART echo with interrupt.a(UART_BLE_RX_ISR.o)
 .ARM.attributes
                0x0000021e       0x31 .\CortexM0\ARM_GCC_493\Debug\UART echo with interrupt.a(UART_BLE.o)
 .ARM.attributes
                0x0000024f       0x31 .\CortexM0\ARM_GCC_493\Debug\UART echo with interrupt.a(UART_BLE_SPI_UART.o)
 .ARM.attributes
                0x00000280       0x31 .\CortexM0\ARM_GCC_493\Debug\UART echo with interrupt.a(UART_BLE_UART.o)
 .ARM.attributes
                0x000002b1       0x21 .\CortexM0\ARM_GCC_493\Debug\UART echo with interrupt.a(CyBootAsmGnu.o)
 .ARM.attributes
                0x000002d2       0x31 .\CortexM0\ARM_GCC_493\Debug\UART echo with interrupt.a(CyLib.o)
 .ARM.attributes
                0x00000303       0x31 .\CortexM0\ARM_GCC_493\Debug\UART echo with interrupt.a(cyPm.o)
 .ARM.attributes
                0x00000334       0x31 .\CortexM0\ARM_GCC_493\Debug\UART echo with interrupt.a(CyLFClk.o)
 .ARM.attributes
                0x00000365       0x31 .\CortexM0\ARM_GCC_493\Debug\UART echo with interrupt.a(BLUE_LED.o)
 .ARM.attributes
                0x00000396       0x31 .\CortexM0\ARM_GCC_493\Debug\UART echo with interrupt.a(Debug.o)
 .ARM.attributes
                0x000003c7       0x31 .\CortexM0\ARM_GCC_493\Debug\UART echo with interrupt.a(CyFlash.o)
 .ARM.attributes
                0x000003f8       0x1e c:/program files (x86)/cypress/psoc creator/3.3/psoc creator/import/gnu/arm/4.9.3/bin/../lib/gcc/arm-none-eabi/4.9.3/armv6-m\libgcc.a(_udivsi3.o)
 .ARM.attributes
                0x00000416       0x1e c:/program files (x86)/cypress/psoc creator/3.3/psoc creator/import/gnu/arm/4.9.3/bin/../lib/gcc/arm-none-eabi/4.9.3/armv6-m\libgcc.a(_dvmd_tls.o)
 .ARM.attributes
                0x00000434       0x2c c:/program files (x86)/cypress/psoc creator/3.3/psoc creator/import/gnu/arm/4.9.3/bin/../lib/gcc/arm-none-eabi/4.9.3/../../../../arm-none-eabi/lib/armv6-m\libg_nano.a(lib_a-errno.o)
 .ARM.attributes
                0x00000460       0x2c c:/program files (x86)/cypress/psoc creator/3.3/psoc creator/import/gnu/arm/4.9.3/bin/../lib/gcc/arm-none-eabi/4.9.3/../../../../arm-none-eabi/lib/armv6-m\libg_nano.a(lib_a-exit.o)
 .ARM.attributes
                0x0000048c       0x2c c:/program files (x86)/cypress/psoc creator/3.3/psoc creator/import/gnu/arm/4.9.3/bin/../lib/gcc/arm-none-eabi/4.9.3/../../../../arm-none-eabi/lib/armv6-m\libg_nano.a(lib_a-impure.o)
 .ARM.attributes
                0x000004b8       0x2c c:/program files (x86)/cypress/psoc creator/3.3/psoc creator/import/gnu/arm/4.9.3/bin/../lib/gcc/arm-none-eabi/4.9.3/../../../../arm-none-eabi/lib/armv6-m\libg_nano.a(lib_a-init.o)
 .ARM.attributes
                0x000004e4       0x2c c:/program files (x86)/cypress/psoc creator/3.3/psoc creator/import/gnu/arm/4.9.3/bin/../lib/gcc/arm-none-eabi/4.9.3/../../../../arm-none-eabi/lib/armv6-m\libg_nano.a(lib_a-memcpy.o)
 .ARM.attributes
                0x00000510       0x2c c:/program files (x86)/cypress/psoc creator/3.3/psoc creator/import/gnu/arm/4.9.3/bin/../lib/gcc/arm-none-eabi/4.9.3/../../../../arm-none-eabi/lib/armv6-m\libg_nano.a(lib_a-memset.o)
 .ARM.attributes
                0x0000053c       0x2c c:/program files (x86)/cypress/psoc creator/3.3/psoc creator/import/gnu/arm/4.9.3/bin/../lib/gcc/arm-none-eabi/4.9.3/armv6-m/crtend.o
 .ARM.attributes
                0x00000568       0x1e c:/program files (x86)/cypress/psoc creator/3.3/psoc creator/import/gnu/arm/4.9.3/bin/../lib/gcc/arm-none-eabi/4.9.3/armv6-m/crtn.o

/DISCARD/
 *(.note.GNU-stack)
OUTPUT(.\CortexM0\ARM_GCC_493\Debug\UART echo with interrupt.elf elf32-littlearm)
